Product: MDK-ARM Standard 5.10
Component: ARM Compiler 5.04 update 1 (build 49)
Tool: armlink [5040049]

==============================================================================

Section Cross References

    startup_stm32f10x_hd.o(RESET) refers to startup_stm32f10x_hd.o(STACK) for __initial_sp
    startup_stm32f10x_hd.o(RESET) refers to startup_stm32f10x_hd.o(.text) for Reset_Handler
    startup_stm32f10x_hd.o(RESET) refers to stm32f10x_it.o(i.NMI_Handler) for NMI_Handler
    startup_stm32f10x_hd.o(RESET) refers to stm32f10x_it.o(i.HardFault_Handler) for HardFault_Handler
    startup_stm32f10x_hd.o(RESET) refers to stm32f10x_it.o(i.MemManage_Handler) for MemManage_Handler
    startup_stm32f10x_hd.o(RESET) refers to stm32f10x_it.o(i.BusFault_Handler) for BusFault_Handler
    startup_stm32f10x_hd.o(RESET) refers to stm32f10x_it.o(i.UsageFault_Handler) for UsageFault_Handler
    startup_stm32f10x_hd.o(RESET) refers to stm32f10x_it.o(i.SVC_Handler) for SVC_Handler
    startup_stm32f10x_hd.o(RESET) refers to stm32f10x_it.o(i.DebugMon_Handler) for DebugMon_Handler
    startup_stm32f10x_hd.o(RESET) refers to stm32f10x_it.o(i.PendSV_Handler) for PendSV_Handler
    startup_stm32f10x_hd.o(RESET) refers to stm32f10x_it.o(i.SysTick_Handler) for SysTick_Handler
    startup_stm32f10x_hd.o(RESET) refers to stm32f10x_it.o(i.TIM3_IRQHandler) for TIM3_IRQHandler
    startup_stm32f10x_hd.o(.text) refers to system_stm32f10x.o(i.SystemInit) for SystemInit
    startup_stm32f10x_hd.o(.text) refers to entry.o(.ARM.Collect$$$$00000000) for __main
    system_stm32f10x.o(i.SetSysClock) refers to system_stm32f10x.o(i.SetSysClockTo72) for SetSysClockTo72
    system_stm32f10x.o(i.SystemCoreClockUpdate) refers to system_stm32f10x.o(.data) for SystemCoreClock
    system_stm32f10x.o(i.SystemInit) refers to system_stm32f10x.o(i.SetSysClock) for SetSysClock
    stm32f10x_adc.o(i.ADC_DeInit) refers to stm32f10x_rcc.o(i.RCC_APB2PeriphResetCmd) for RCC_APB2PeriphResetCmd
    stm32f10x_bkp.o(i.BKP_DeInit) refers to stm32f10x_rcc.o(i.RCC_BackupResetCmd) for RCC_BackupResetCmd
    stm32f10x_can.o(i.CAN_DeInit) refers to stm32f10x_rcc.o(i.RCC_APB1PeriphResetCmd) for RCC_APB1PeriphResetCmd
    stm32f10x_can.o(i.CAN_GetITStatus) refers to stm32f10x_can.o(i.CheckITStatus) for CheckITStatus
    stm32f10x_cec.o(i.CEC_DeInit) refers to stm32f10x_rcc.o(i.RCC_APB1PeriphResetCmd) for RCC_APB1PeriphResetCmd
    stm32f10x_dac.o(i.DAC_DeInit) refers to stm32f10x_rcc.o(i.RCC_APB1PeriphResetCmd) for RCC_APB1PeriphResetCmd
    stm32f10x_flash.o(i.FLASH_EnableWriteProtection) refers to stm32f10x_flash.o(i.FLASH_WaitForLastOperation) for FLASH_WaitForLastOperation
    stm32f10x_flash.o(i.FLASH_EraseAllBank1Pages) refers to stm32f10x_flash.o(i.FLASH_WaitForLastBank1Operation) for FLASH_WaitForLastBank1Operation
    stm32f10x_flash.o(i.FLASH_EraseAllPages) refers to stm32f10x_flash.o(i.FLASH_WaitForLastOperation) for FLASH_WaitForLastOperation
    stm32f10x_flash.o(i.FLASH_EraseOptionBytes) refers to stm32f10x_flash.o(i.FLASH_GetReadOutProtectionStatus) for FLASH_GetReadOutProtectionStatus
    stm32f10x_flash.o(i.FLASH_EraseOptionBytes) refers to stm32f10x_flash.o(i.FLASH_WaitForLastOperation) for FLASH_WaitForLastOperation
    stm32f10x_flash.o(i.FLASH_ErasePage) refers to stm32f10x_flash.o(i.FLASH_WaitForLastOperation) for FLASH_WaitForLastOperation
    stm32f10x_flash.o(i.FLASH_ProgramHalfWord) refers to stm32f10x_flash.o(i.FLASH_WaitForLastOperation) for FLASH_WaitForLastOperation
    stm32f10x_flash.o(i.FLASH_ProgramOptionByteData) refers to stm32f10x_flash.o(i.FLASH_WaitForLastOperation) for FLASH_WaitForLastOperation
    stm32f10x_flash.o(i.FLASH_ProgramWord) refers to stm32f10x_flash.o(i.FLASH_WaitForLastOperation) for FLASH_WaitForLastOperation
    stm32f10x_flash.o(i.FLASH_ReadOutProtection) refers to stm32f10x_flash.o(i.FLASH_WaitForLastOperation) for FLASH_WaitForLastOperation
    stm32f10x_flash.o(i.FLASH_UserOptionByteConfig) refers to stm32f10x_flash.o(i.FLASH_WaitForLastOperation) for FLASH_WaitForLastOperation
    stm32f10x_flash.o(i.FLASH_WaitForLastBank1Operation) refers to stm32f10x_flash.o(i.FLASH_GetBank1Status) for FLASH_GetBank1Status
    stm32f10x_flash.o(i.FLASH_WaitForLastOperation) refers to stm32f10x_flash.o(i.FLASH_GetBank1Status) for FLASH_GetBank1Status
    stm32f10x_gpio.o(i.GPIO_AFIODeInit) refers to stm32f10x_rcc.o(i.RCC_APB2PeriphResetCmd) for RCC_APB2PeriphResetCmd
    stm32f10x_gpio.o(i.GPIO_DeInit) refers to stm32f10x_rcc.o(i.RCC_APB2PeriphResetCmd) for RCC_APB2PeriphResetCmd
    stm32f10x_i2c.o(i.I2C_DeInit) refers to stm32f10x_rcc.o(i.RCC_APB1PeriphResetCmd) for RCC_APB1PeriphResetCmd
    stm32f10x_i2c.o(i.I2C_Init) refers to stm32f10x_rcc.o(i.RCC_GetClocksFreq) for RCC_GetClocksFreq
    stm32f10x_pwr.o(i.PWR_DeInit) refers to stm32f10x_rcc.o(i.RCC_APB1PeriphResetCmd) for RCC_APB1PeriphResetCmd
    stm32f10x_rcc.o(i.RCC_GetClocksFreq) refers to stm32f10x_rcc.o(.data) for APBAHBPrescTable
[...]
    Removing stm32f10x_i2c.o(i.I2C_DualAddressCmd), (24 bytes).
    Removing stm32f10x_i2c.o(i.I2C_FastModeDutyCycleConfig), (28 bytes).
    Removing stm32f10x_i2c.o(i.I2C_GeneralCallCmd), (24 bytes).
    Removing stm32f10x_i2c.o(i.I2C_GenerateSTART), (24 bytes).
    Removing stm32f10x_i2c.o(i.I2C_GenerateSTOP), (24 bytes).
    Removing stm32f10x_i2c.o(i.I2C_GetFlagStatus), (58 bytes).
    Removing stm32f10x_i2c.o(i.I2C_GetITStatus), (38 bytes).
    Removing stm32f10x_i2c.o(i.I2C_GetLastEvent), (26 bytes).
    Removing stm32f10x_i2c.o(i.I2C_GetPEC), (8 bytes).
    Removing stm32f10x_i2c.o(i.I2C_ITConfig), (18 bytes).
    Removing stm32f10x_i2c.o(i.I2C_Init), (236 bytes).
    Removing stm32f10x_i2c.o(i.I2C_NACKPositionConfig), (28 bytes).
    Removing stm32f10x_i2c.o(i.I2C_OwnAddress2Config), (22 bytes).
    Removing stm32f10x_i2c.o(i.I2C_PECPositionConfig), (28 bytes).
    Removing stm32f10x_i2c.o(i.I2C_ReadRegister), (22 bytes).
    Removing stm32f10x_i2c.o(i.I2C_ReceiveData), (8 bytes).
    Removing stm32f10x_i2c.o(i.I2C_SMBusAlertConfig), (28 bytes).
    Removing stm32f10x_i2c.o(i.I2C_Send7bitAddress), (18 bytes).
    Removing stm32f10x_i2c.o(i.I2C_SendData), (4 bytes).
    Removing stm32f10x_i2c.o(i.I2C_SoftwareResetCmd), (22 bytes).
    Removing stm32f10x_i2c.o(i.I2C_StretchClockCmd), (24 bytes).
    Removing stm32f10x_i2c.o(i.I2C_StructInit), (30 bytes).
    Removing stm32f10x_i2c.o(i.I2C_TransmitPEC), (24 bytes).
    Removing stm32f10x_iwdg.o(i.IWDG_Enable), (16 bytes).
    Removing stm32f10x_iwdg.o(i.IWDG_GetFlagStatus), (24 bytes).
    Removing stm32f10x_iwdg.o(i.IWDG_ReloadCounter), (16 bytes).
    Removing stm32f10x_iwdg.o(i.IWDG_SetPrescaler), (12 bytes).
    Removing stm32f10x_iwdg.o(i.IWDG_SetReload), (12 bytes).
    Removing stm32f10x_iwdg.o(i.IWDG_WriteAccessCmd), (12 bytes).
    Removing stm32f10x_pwr.o(i.PWR_BackupAccessCmd), (12 bytes).
    Removing stm32f10x_pwr.o(i.PWR_ClearFlag), (20 bytes).
    Removing stm32f10x_pwr.o(i.PWR_DeInit), (22 bytes).
    Removing stm32f10x_pwr.o(i.PWR_EnterSTANDBYMode), (52 bytes).
    Removing stm32f10x_pwr.o(i.PWR_EnterSTOPMode), (64 bytes).
    Removing stm32f10x_pwr.o(i.PWR_GetFlagStatus), (24 bytes).
    Removing stm32f10x_pwr.o(i.PWR_PVDCmd), (12 bytes).
    Removing stm32f10x_pwr.o(i.PWR_PVDLevelConfig), (24 bytes).
    Removing stm32f10x_pwr.o(i.PWR_WakeUpPinCmd), (12 bytes).
    Removing stm32f10x_rcc.o(i.RCC_ADCCLKConfig), (24 bytes).
    Removing stm32f10x_rcc.o(i.RCC_AHBPeriphClockCmd), (32 bytes).
    Removing stm32f10x_rcc.o(i.RCC_APB1PeriphResetCmd), (32 bytes).
    Removing stm32f10x_rcc.o(i.RCC_APB2PeriphResetCmd), (32 bytes).
    Removing stm32f10x_rcc.o(i.RCC_AdjustHSICalibrationValue), (24 bytes).
    Removing stm32f10x_rcc.o(i.RCC_BackupResetCmd), (12 bytes).
    Removing stm32f10x_rcc.o(i.RCC_ClearFlag), (20 bytes).
    Removing stm32f10x_rcc.o(i.RCC_ClearITPendingBit), (12 bytes).
    Removing stm32f10x_rcc.o(i.RCC_ClockSecuritySystemCmd), (12 bytes).
    Removing stm32f10x_rcc.o(i.RCC_DeInit), (76 bytes).
    Removing stm32f10x_rcc.o(i.RCC_GetFlagStatus), (60 bytes).
    Removing stm32f10x_rcc.o(i.RCC_GetITStatus), (24 bytes).
    Removing stm32f10x_rcc.o(i.RCC_GetSYSCLKSource), (16 bytes).
    Removing stm32f10x_rcc.o(i.RCC_HCLKConfig), (24 bytes).
    Removing stm32f10x_rcc.o(i.RCC_HSEConfig), (76 bytes).
    Removing stm32f10x_rcc.o(i.RCC_HSICmd), (12 bytes).
    Removing stm32f10x_rcc.o(i.RCC_ITConfig), (32 bytes).
    Removing stm32f10x_rcc.o(i.RCC_LSEConfig), (52 bytes).
    Removing stm32f10x_rcc.o(i.RCC_LSICmd), (12 bytes).
    Removing stm32f10x_rcc.o(i.RCC_MCOConfig), (12 bytes).
    Removing stm32f10x_rcc.o(i.RCC_PCLK1Config), (24 bytes).
    Removing stm32f10x_rcc.o(i.RCC_PCLK2Config), (24 bytes).
    Removing stm32f10x_rcc.o(i.RCC_PLLCmd), (12 bytes).
    Removing stm32f10x_rcc.o(i.RCC_PLLConfig), (28 bytes).
    Removing stm32f10x_rcc.o(i.RCC_RTCCLKCmd), (12 bytes).
    Removing stm32f10x_rcc.o(i.RCC_RTCCLKConfig), (16 bytes).
    Removing stm32f10x_rcc.o(i.RCC_SYSCLKConfig), (24 bytes).
    Removing stm32f10x_rcc.o(i.RCC_USBCLKConfig), (12 bytes).
    Removing stm32f10x_rcc.o(i.RCC_WaitForHSEStartUp), (56 bytes).
    Removing stm32f10x_rtc.o(i.RTC_ClearFlag), (16 bytes).
    Removing stm32f10x_rtc.o(i.RTC_ClearITPendingBit), (16 bytes).
    Removing stm32f10x_rtc.o(i.RTC_EnterConfigMode), (20 bytes).
    Removing stm32f10x_rtc.o(i.RTC_ExitConfigMode), (20 bytes).
    Removing stm32f10x_rtc.o(i.RTC_GetCounter), (20 bytes).
    Removing stm32f10x_rtc.o(i.RTC_GetDivider), (24 bytes).
    Removing stm32f10x_rtc.o(i.RTC_GetFlagStatus), (24 bytes).
    Removing stm32f10x_rtc.o(i.RTC_GetITStatus), (36 bytes).
    Removing stm32f10x_rtc.o(i.RTC_ITConfig), (32 bytes).
    Removing stm32f10x_rtc.o(i.RTC_SetAlarm), (28 bytes).
    Removing stm32f10x_rtc.o(i.RTC_SetCounter), (28 bytes).
    Removing stm32f10x_rtc.o(i.RTC_SetPrescaler), (32 bytes).
    Removing stm32f10x_rtc.o(i.RTC_WaitForLastTask), (20 bytes).
    Removing stm32f10x_rtc.o(i.RTC_WaitForSynchro), (36 bytes).
    Removing stm32f10x_sdio.o(i.SDIO_CEATAITCmd), (16 bytes).
    Removing stm32f10x_sdio.o(i.SDIO_ClearFlag), (12 bytes).
    Removing stm32f10x_sdio.o(i.SDIO_ClearITPendingBit), (12 bytes).
    Removing stm32f10x_sdio.o(i.SDIO_ClockCmd), (12 bytes).
    Removing stm32f10x_sdio.o(i.SDIO_CmdStructInit), (14 bytes).
    Removing stm32f10x_sdio.o(i.SDIO_CommandCompletionCmd), (12 bytes).
    Removing stm32f10x_sdio.o(i.SDIO_DMACmd), (12 bytes).
    Removing stm32f10x_sdio.o(i.SDIO_DataConfig), (48 bytes).
    Removing stm32f10x_sdio.o(i.SDIO_DataStructInit), (20 bytes).
    Removing stm32f10x_sdio.o(i.SDIO_DeInit), (36 bytes).
    Removing stm32f10x_sdio.o(i.SDIO_GetCommandResponse), (12 bytes).
    Removing stm32f10x_sdio.o(i.SDIO_GetDataCounter), (12 bytes).
    Removing stm32f10x_sdio.o(i.SDIO_GetFIFOCount), (12 bytes).
    Removing stm32f10x_sdio.o(i.SDIO_GetFlagStatus), (24 bytes).
    Removing stm32f10x_sdio.o(i.SDIO_GetITStatus), (24 bytes).
    Removing stm32f10x_sdio.o(i.SDIO_GetPowerState), (16 bytes).
    Removing stm32f10x_sdio.o(i.SDIO_GetResponse), (24 bytes).
    Removing stm32f10x_sdio.o(i.SDIO_ITConfig), (32 bytes).
    Removing stm32f10x_sdio.o(i.SDIO_Init), (48 bytes).
    Removing stm32f10x_sdio.o(i.SDIO_ReadData), (12 bytes).
    Removing stm32f10x_sdio.o(i.SDIO_SendCEATACmd), (12 bytes).
    Removing stm32f10x_sdio.o(i.SDIO_SendCommand), (44 bytes).
    Removing stm32f10x_sdio.o(i.SDIO_SendSDIOSuspendCmd), (12 bytes).
    Removing stm32f10x_sdio.o(i.SDIO_SetPowerState), (28 bytes).
    Removing stm32f10x_sdio.o(i.SDIO_SetSDIOOperation), (12 bytes).
    Removing stm32f10x_sdio.o(i.SDIO_SetSDIOReadWaitMode), (12 bytes).
    Removing stm32f10x_sdio.o(i.SDIO_StartSDIOReadWait), (12 bytes).
    Removing stm32f10x_sdio.o(i.SDIO_StopSDIOReadWait), (12 bytes).
    Removing stm32f10x_sdio.o(i.SDIO_StructInit), (16 bytes).
    Removing stm32f10x_sdio.o(i.SDIO_WriteData), (12 bytes).
    Removing stm32f10x_spi.o(i.I2S_Cmd), (24 bytes).
    Removing stm32f10x_spi.o(i.I2S_Init), (232 bytes).
    Removing stm32f10x_spi.o(i.I2S_StructInit), (20 bytes).
    Removing stm32f10x_spi.o(i.SPI_BiDirectionalLineConfig), (28 bytes).
    Removing stm32f10x_spi.o(i.SPI_CalculateCRC), (24 bytes).
    Removing stm32f10x_spi.o(i.SPI_Cmd), (24 bytes).
    Removing stm32f10x_spi.o(i.SPI_DataSizeConfig), (18 bytes).
    Removing stm32f10x_spi.o(i.SPI_GetCRC), (16 bytes).
    Removing stm32f10x_spi.o(i.SPI_GetCRCPolynomial), (6 bytes).
    Removing stm32f10x_spi.o(i.SPI_I2S_ClearFlag), (6 bytes).
    Removing stm32f10x_spi.o(i.SPI_I2S_ClearITPendingBit), (20 bytes).
    Removing stm32f10x_spi.o(i.SPI_I2S_DMACmd), (18 bytes).
    Removing stm32f10x_spi.o(i.SPI_I2S_DeInit), (88 bytes).
    Removing stm32f10x_spi.o(i.SPI_I2S_GetFlagStatus), (18 bytes).
    Removing stm32f10x_spi.o(i.SPI_I2S_GetITStatus), (52 bytes).
    Removing stm32f10x_spi.o(i.SPI_I2S_ITConfig), (32 bytes).
    Removing stm32f10x_spi.o(i.SPI_I2S_ReceiveData), (6 bytes).
    Removing stm32f10x_spi.o(i.SPI_I2S_SendData), (4 bytes).
    Removing stm32f10x_spi.o(i.SPI_Init), (60 bytes).
    Removing stm32f10x_spi.o(i.SPI_NSSInternalSoftwareConfig), (30 bytes).
    Removing stm32f10x_spi.o(i.SPI_SSOutputCmd), (24 bytes).
    Removing stm32f10x_spi.o(i.SPI_StructInit), (24 bytes).
    Removing stm32f10x_spi.o(i.SPI_TransmitCRC), (10 bytes).
    Removing stm32f10x_tim.o(i.TI1_Config), (128 bytes).
    Removing stm32f10x_tim.o(i.TI2_Config), (152 bytes).
    Removing stm32f10x_tim.o(i.TI3_Config), (144 bytes).
    Removing stm32f10x_tim.o(i.TI4_Config), (152 bytes).
    Removing stm32f10x_tim.o(i.TIM_ARRPreloadConfig), (24 bytes).
    Removing stm32f10x_tim.o(i.TIM_BDTRConfig), (32 bytes).
    Removing stm32f10x_tim.o(i.TIM_BDTRStructInit), (18 bytes).
    Removing stm32f10x_tim.o(i.TIM_CCPreloadControl), (24 bytes).
    Removing stm32f10x_tim.o(i.TIM_CCxCmd), (30 bytes).
    Removing stm32f10x_tim.o(i.TIM_CCxNCmd), (30 bytes).
    Removing stm32f10x_tim.o(i.TIM_ClearFlag), (6 bytes).
    Removing stm32f10x_tim.o(i.TIM_ClearOC1Ref), (18 bytes).
    Removing stm32f10x_tim.o(i.TIM_ClearOC2Ref), (24 bytes).
    Removing stm32f10x_tim.o(i.TIM_ClearOC3Ref), (18 bytes).
    Removing stm32f10x_tim.o(i.TIM_ClearOC4Ref), (24 bytes).
    Removing stm32f10x_tim.o(i.TIM_CounterModeConfig), (18 bytes).
    Removing stm32f10x_tim.o(i.TIM_CtrlPWMOutputs), (30 bytes).
    Removing stm32f10x_tim.o(i.TIM_DMACmd), (18 bytes).
    Removing stm32f10x_tim.o(i.TIM_DMAConfig), (10 bytes).
    Removing stm32f10x_tim.o(i.TIM_DeInit), (488 bytes).
    Removing stm32f10x_tim.o(i.TIM_ETRClockMode1Config), (54 bytes).
    Removing stm32f10x_tim.o(i.TIM_ETRClockMode2Config), (32 bytes).
    Removing stm32f10x_tim.o(i.TIM_ETRConfig), (28 bytes).
    Removing stm32f10x_tim.o(i.TIM_EncoderInterfaceConfig), (66 bytes).
    Removing stm32f10x_tim.o(i.TIM_ForcedOC1Config), (18 bytes).
    Removing stm32f10x_tim.o(i.TIM_ForcedOC2Config), (26 bytes).
    Removing stm32f10x_tim.o(i.TIM_ForcedOC3Config), (18 bytes).
    Removing stm32f10x_tim.o(i.TIM_ForcedOC4Config), (26 bytes).
    Removing stm32f10x_tim.o(i.TIM_GenerateEvent), (4 bytes).
    Removing stm32f10x_tim.o(i.TIM_GetCapture1), (6 bytes).
    Removing stm32f10x_tim.o(i.TIM_GetCapture2), (6 bytes).
    Removing stm32f10x_tim.o(i.TIM_GetCapture3), (6 bytes).
    Removing stm32f10x_tim.o(i.TIM_GetCapture4), (8 bytes).
    Removing stm32f10x_tim.o(i.TIM_GetCounter), (6 bytes).
    Removing stm32f10x_tim.o(i.TIM_GetFlagStatus), (18 bytes).
    Removing stm32f10x_tim.o(i.TIM_GetPrescaler), (6 bytes).
    Removing stm32f10x_tim.o(i.TIM_ICInit), (172 bytes).
    Removing stm32f10x_tim.o(i.TIM_ICStructInit), (18 bytes).
    Removing stm32f10x_tim.o(i.TIM_ITRxExternalClockConfig), (24 bytes).
    Removing stm32f10x_tim.o(i.TIM_InternalClockConfig), (12 bytes).
    Removing stm32f10x_tim.o(i.TIM_OC1FastConfig), (18 bytes).
    Removing stm32f10x_tim.o(i.TIM_OC1Init), (152 bytes).
    Removing stm32f10x_tim.o(i.TIM_OC1NPolarityConfig), (18 bytes).
    Removing stm32f10x_tim.o(i.TIM_OC1PolarityConfig), (18 bytes).
    Removing stm32f10x_tim.o(i.TIM_OC1PreloadConfig), (18 bytes).
    Removing stm32f10x_tim.o(i.TIM_OC2FastConfig), (26 bytes).
    Removing stm32f10x_tim.o(i.TIM_OC2Init), (164 bytes).
    Removing stm32f10x_tim.o(i.TIM_OC2NPolarityConfig), (26 bytes).
    Removing stm32f10x_tim.o(i.TIM_OC2PolarityConfig), (26 bytes).
    Removing stm32f10x_tim.o(i.TIM_OC2PreloadConfig), (26 bytes).
    Removing stm32f10x_tim.o(i.TIM_OC3FastConfig), (18 bytes).
    Removing stm32f10x_tim.o(i.TIM_OC3Init), (160 bytes).
    Removing stm32f10x_tim.o(i.TIM_OC3NPolarityConfig), (26 bytes).
    Removing stm32f10x_tim.o(i.TIM_OC3PolarityConfig), (26 bytes).
    Removing stm32f10x_tim.o(i.TIM_OC3PreloadConfig), (18 bytes).
    Removing stm32f10x_tim.o(i.TIM_OC4FastConfig), (26 bytes).
    Removing stm32f10x_tim.o(i.TIM_OC4Init), (124 bytes).
    Removing stm32f10x_tim.o(i.TIM_OC4PolarityConfig), (26 bytes).
    Removing stm32f10x_tim.o(i.TIM_OC4PreloadConfig), (26 bytes).
    Removing stm32f10x_tim.o(i.TIM_OCStructInit), (20 bytes).
    Removing stm32f10x_tim.o(i.TIM_PWMIConfig), (124 bytes).
    Removing stm32f10x_tim.o(i.TIM_PrescalerConfig), (6 bytes).
    Removing stm32f10x_tim.o(i.TIM_SelectCCDMA), (24 bytes).
    Removing stm32f10x_tim.o(i.TIM_SelectCOM), (24 bytes).
    Removing stm32f10x_tim.o(i.TIM_SelectHallSensor), (24 bytes).
    Removing stm32f10x_tim.o(i.TIM_SelectInputTrigger), (18 bytes).
    Removing stm32f10x_tim.o(i.TIM_SelectMasterSlaveMode), (18 bytes).
    Removing stm32f10x_tim.o(i.TIM_SelectOCxM), (82 bytes).
    Removing stm32f10x_tim.o(i.TIM_SelectOnePulseMode), (18 bytes).
    Removing stm32f10x_tim.o(i.TIM_SelectOutputTrigger), (18 bytes).
    Removing stm32f10x_tim.o(i.TIM_SelectSlaveMode), (18 bytes).
    Removing stm32f10x_tim.o(i.TIM_SetAutoreload), (4 bytes).
    Removing stm32f10x_tim.o(i.TIM_SetClockDivision), (18 bytes).
    Removing stm32f10x_tim.o(i.TIM_SetCompare1), (4 bytes).
    Removing stm32f10x_tim.o(i.TIM_SetCompare2), (4 bytes).
    Removing stm32f10x_tim.o(i.TIM_SetCompare3), (4 bytes).
    Removing stm32f10x_tim.o(i.TIM_SetCompare4), (6 bytes).
    Removing stm32f10x_tim.o(i.TIM_SetCounter), (4 bytes).
    Removing stm32f10x_tim.o(i.TIM_SetIC1Prescaler), (18 bytes).
    Removing stm32f10x_tim.o(i.TIM_SetIC2Prescaler), (26 bytes).
    Removing stm32f10x_tim.o(i.TIM_SetIC3Prescaler), (18 bytes).
    Removing stm32f10x_tim.o(i.TIM_SetIC4Prescaler), (26 bytes).
    Removing stm32f10x_tim.o(i.TIM_TIxExternalClockConfig), (62 bytes).
    Removing stm32f10x_tim.o(i.TIM_TimeBaseStructInit), (18 bytes).
    Removing stm32f10x_tim.o(i.TIM_UpdateDisableConfig), (24 bytes).
    Removing stm32f10x_tim.o(i.TIM_UpdateRequestConfig), (24 bytes).
    Removing stm32f10x_usart.o(i.USART_ClearFlag), (18 bytes).
    Removing stm32f10x_usart.o(i.USART_ClearITPendingBit), (30 bytes).
    Removing stm32f10x_usart.o(i.USART_ClockInit), (34 bytes).
    Removing stm32f10x_usart.o(i.USART_ClockStructInit), (12 bytes).
    Removing stm32f10x_usart.o(i.USART_DMACmd), (18 bytes).
    Removing stm32f10x_usart.o(i.USART_DeInit), (156 bytes).
    Removing stm32f10x_usart.o(i.USART_GetFlagStatus), (26 bytes).
    Removing stm32f10x_usart.o(i.USART_GetITStatus), (84 bytes).
    Removing stm32f10x_usart.o(i.USART_HalfDuplexCmd), (24 bytes).
    Removing stm32f10x_usart.o(i.USART_ITConfig), (74 bytes).
    Removing stm32f10x_usart.o(i.USART_IrDACmd), (24 bytes).
    Removing stm32f10x_usart.o(i.USART_IrDAConfig), (18 bytes).
    Removing stm32f10x_usart.o(i.USART_LINBreakDetectLengthConfig), (18 bytes).
    Removing stm32f10x_usart.o(i.USART_LINCmd), (24 bytes).
    Removing stm32f10x_usart.o(i.USART_OneBitMethodCmd), (24 bytes).
    Removing stm32f10x_usart.o(i.USART_OverSampling8Cmd), (22 bytes).
    Removing stm32f10x_usart.o(i.USART_ReceiveData), (10 bytes).
    Removing stm32f10x_usart.o(i.USART_ReceiverWakeUpCmd), (24 bytes).
    Removing stm32f10x_usart.o(i.USART_SendBreak), (10 bytes).
    Removing stm32f10x_usart.o(i.USART_SendData), (8 bytes).
    Removing stm32f10x_usart.o(i.USART_SetAddress), (18 bytes).
    Removing stm32f10x_usart.o(i.USART_SetGuardTime), (16 bytes).
    Removing stm32f10x_usart.o(i.USART_SetPrescaler), (16 bytes).
    Removing stm32f10x_usart.o(i.USART_SmartCardCmd), (24 bytes).
    Removing stm32f10x_usart.o(i.USART_SmartCardNACKCmd), (24 bytes).
    Removing stm32f10x_usart.o(i.USART_StructInit), (24 bytes).
    Removing stm32f10x_usart.o(i.USART_WakeUpConfig), (18 bytes).
    Removing stm32f10x_wwdg.o(i.WWDG_ClearFlag), (12 bytes).
    Removing stm32f10x_wwdg.o(i.WWDG_DeInit), (22 bytes).
    Removing stm32f10x_wwdg.o(i.WWDG_Enable), (16 bytes).
    Removing stm32f10x_wwdg.o(i.WWDG_EnableIT), (12 bytes).
    Removing stm32f10x_wwdg.o(i.WWDG_GetFlagStatus), (12 bytes).
    Removing stm32f10x_wwdg.o(i.WWDG_SetCounter), (16 bytes).
    Removing stm32f10x_wwdg.o(i.WWDG_SetPrescaler), (24 bytes).
    Removing stm32f10x_wwdg.o(i.WWDG_SetWindowValue), (40 bytes).
    Removing rcc.o(i.HSE_SystemClock), (110 bytes).
    Removing rcc.o(i.MCO_GPIO_Config), (44 bytes).
    Removing delay.o(i.Delay), (32 bytes).
    Removing delay.o(i.Delay_s), (24 bytes).
    Removing exit.o(i.Exit_Configure), (88 bytes).
    Removing lcd12864.o(i.LCD12864_CleanLine), (176 bytes).
    Removing lcd12864.o(i.LCD12864_CleanPoint), (220 bytes).
    Removing lcd12864.o(i.LCD12864_DispChar6x8), (120 bytes).
    Removing lcd12864.o(i.LCD12864_DispString6x8), (46 bytes).
    Removing lcd12864.o(i.LCD12864_DisplayFlaotIntDate), (108 bytes).
    Removing lcd12864.o(i.LCD12864_DisplayFlaotIntDateH), (108 bytes).
    Removing lcd12864.o(i.LCD12864_DisplayFlaotIntDateTemp), (100 bytes).
    Removing lcd12864.o(i.LCD12864_DisplayFlaotIntDateYear), (108 bytes).
    Removing lcd12864.o(i.LCD12864_DisplayStrChinSingle), (30 bytes).
    Removing lcd12864.o(i.LCD12864_DrawCircle), (164 bytes).
    Removing lcd12864.o(i.LCD12864_DrawFlaotInt), (168 bytes).
    Removing lcd12864.o(i.LCD12864_DrawLine), (176 bytes).
    Removing lcd12864.o(i.LCD12864_DrawPoint), (190 bytes).
    Removing lcd12864.o(i.LCD12864_DrowChines), (212 bytes).
    Removing lcd12864.o(i.LCD12864_DrowChines_N), (248 bytes).
    Removing lcd12864.o(i.LCD12864_DrowChineseRandom), (180 bytes).
    Removing lcd12864.o(i.LCD12864_DrowChineseRandomSize), (244 bytes).
    Removing lcd12864.o(i.LCD12864_DrowPic), (118 bytes).
    Removing lcd12864.o(i.LCD12864_ReadData), (4 bytes).
    Removing usart.o(i.USART2_Init), (124 bytes).
    Removing usart.o(i.USART3_Init), (128 bytes).
    Removing usart.o(i.USART4_Init), (128 bytes).
    Removing usart.o(i.USART5_Init), (136 bytes).
    Removing usart.o(i.Usart_SendArray), (48 bytes).
    Removing usart.o(i.Usart_SendByte), (30 bytes).
    Removing usart.o(i.Usart_SendHalfWord), (60 bytes).
    Removing usart.o(i.Usart_SendStr), (44 bytes).
    Removing usart.o(i.fputc), (36 bytes).
    Removing ds3231.o(i.IIC_GetTemp), (30 bytes).
    Removing ds3231.o(i.IIC_ReadOneByte), (78 bytes).
    Removing ds3231.o(i.IIC_WriteOneByte), (64 bytes).
    Removing calendar.o(i.GetSkyEarth), (56 bytes).
    Removing calendar.o(i.StrCopy), (24 bytes).
    Removing festival.o(i.Festival_YearlyongLi_N), (276 bytes).
    Removing festival.o(i.Get_JieQi), (536 bytes).

501 unused section(s) (total 23540 bytes) removed from the image.

==============================================================================

Image Symbol Table

    Local Symbols

    Symbol Name                              Value     Ov Type        Size  Object(Section)

    ../clib/../cmprslib/lz77c.c              0x00000000   Number         0  __dclz77c.o ABSOLUTE
    ../clib/microlib/division.c              0x00000000   Number         0  uldiv.o ABSOLUTE
    ../clib/microlib/division.c              0x00000000   Number         0  uidiv.o ABSOLUTE
    ../clib/microlib/init/entry.s            0x00000000   Number         0  entry10a.o ABSOLUTE
    ../clib/microlib/init/entry.s            0x00000000   Number         0  entry9b.o ABSOLUTE
    ../clib/microlib/init/entry.s            0x00000000   Number         0  entry9a.o ABSOLUTE
    ../clib/microlib/init/entry.s            0x00000000   Number         0  entry.o ABSOLUTE
    ../clib/microlib/init/entry.s            0x00000000   Number         0  entry8a.o ABSOLUTE
    ../clib/microlib/init/entry.s            0x00000000   Number         0  entry2.o ABSOLUTE
    ../clib/microlib/init/entry.s            0x00000000   Number         0  entry7b.o ABSOLUTE
    ../clib/microlib/init/entry.s            0x00000000   Number         0  entry5.o ABSOLUTE
    ../clib/microlib/init/entry.s            0x00000000   Number         0  entry7a.o ABSOLUTE
    ../clib/microlib/init/entry.s            0x00000000   Number         0  entry11a.o ABSOLUTE
    ../clib/microlib/init/entry.s            0x00000000   Number         0  entry8b.o ABSOLUTE
    ../clib/microlib/init/entry.s            0x00000000   Number         0  entry10b.o ABSOLUTE
    ../clib/microlib/init/entry.s            0x00000000   Number         0  entry11b.o ABSOLUTE
    ../clib/microlib/longlong.c              0x00000000   Number         0  llsshr.o ABSOLUTE
    ../clib/microlib/longlong.c              0x00000000   Number         0  llushr.o ABSOLUTE
    ../clib/microlib/longlong.c              0x00000000   Number         0  llshl.o ABSOLUTE
    ../clib/microlib/printf/printf.c         0x00000000   Number         0  printf0.o ABSOLUTE
    ../clib/microlib/printf/printf.c         0x00000000   Number         0  printfa.o ABSOLUTE
    ../clib/microlib/printf/printf.c         0x00000000   Number         0  printfb.o ABSOLUTE
    ../clib/microlib/printf/printf.c         0x00000000   Number         0  printf6.o ABSOLUTE
    ../clib/microlib/printf/printf.c         0x00000000   Number         0  printf7.o ABSOLUTE
    ../clib/microlib/printf/printf.c         0x00000000   Number         0  printf8.o ABSOLUTE
    ../clib/microlib/printf/printf.c         0x00000000   Number         0  printf5.o ABSOLUTE
    ../clib/microlib/printf/printf.c         0x00000000   Number         0  printf4.o ABSOLUTE
    ../clib/microlib/printf/printf.c         0x00000000   Number         0  printf3.o ABSOLUTE
    ../clib/microlib/printf/printf.c         0x00000000   Number         0  printf2.o ABSOLUTE
    ../clib/microlib/printf/printf.c         0x00000000   Number         0  printf1.o ABSOLUTE
    ../clib/microlib/printf/stubs.s          0x00000000   Number         0  stubs.o ABSOLUTE
    ../clib/microlib/stdio/streams.c         0x00000000   Number         0  stdout.o ABSOLUTE
    ../clib/microlib/string/strlen.c         0x00000000   Number         0  strlen.o ABSOLUTE
    ../clib/microlib/string/strncpy.c        0x00000000   Number         0  strncpy.o ABSOLUTE
    ../clib/microlib/stubs.s                 0x00000000   Number         0  iusefp.o ABSOLUTE
    ../fplib/microlib/fpadd.c                0x00000000   Number         0  dadd.o ABSOLUTE
    ../fplib/microlib/fpdiv.c                0x00000000   Number         0  ddiv.o ABSOLUTE
    ../fplib/microlib/fpepilogue.c           0x00000000   Number         0  depilogue.o ABSOLUTE
    ../fplib/microlib/fpfix.c                0x00000000   Number         0  dfixl.o ABSOLUTE
    ../fplib/microlib/fpfix.c                0x00000000   Number         0  dfixi.o ABSOLUTE
    ../fplib/microlib/fpfix.c                0x00000000   Number         0  dfixul.o ABSOLUTE
    ../fplib/microlib/fpflt.c                0x00000000   Number         0  dflti.o ABSOLUTE
    ../fplib/microlib/fpflt.c                0x00000000   Number         0  dfltui.o ABSOLUTE
    ../fplib/microlib/fpflt.c                0x00000000   Number         0  dfltl.o ABSOLUTE
    ../fplib/microlib/fpmul.c                0x00000000   Number         0  dmul.o ABSOLUTE
    ../mathlib/floor.c                       0x00000000   Number         0  floor.o ABSOLUTE
    ..\Libraries\CMSIS\core_cm3.c            0x00000000   Number         0  core_cm3.o ABSOLUTE
    ..\Libraries\CMSIS\startup\startup_stm32f10x_hd.s 0x00000000   Number         0  startup_stm32f10x_hd.o ABSOLUTE
    ..\Libraries\CMSIS\system_stm32f10x.c    0x00000000   Number         0  system_stm32f10x.o ABSOLUTE
    ..\Libraries\STM32F10x_StdPeriph_Driver\src\misc.c 0x00000000   Number         0  misc.o ABSOLUTE
    ..\Libraries\STM32F10x_StdPeriph_Driver\src\stm32f10x_adc.c 0x00000000   Number         0  stm32f10x_adc.o ABSOLUTE
    ..\Libraries\STM32F10x_StdPeriph_Driver\src\stm32f10x_bkp.c 0x00000000   Number         0  stm32f10x_bkp.o ABSOLUTE
    ..\Libraries\STM32F10x_StdPeriph_Driver\src\stm32f10x_can.c 0x00000000   Number         0  stm32f10x_can.o ABSOLUTE
    ..\Libraries\STM32F10x_StdPeriph_Driver\src\stm32f10x_cec.c 0x00000000   Number         0  stm32f10x_cec.o ABSOLUTE
    ..\Libraries\STM32F10x_StdPeriph_Driver\src\stm32f10x_crc.c 0x00000000   Number         0  stm32f10x_crc.o ABSOLUTE
    ..\Libraries\STM32F10x_StdPeriph_Driver\src\stm32f10x_dac.c 0x00000000   Number         0  stm32f10x_dac.o ABSOLUTE
    ..\Libraries\STM32F10x_StdPeriph_Driver\src\stm32f10x_dbgmcu.c 0x00000000   Number         0  stm32f10x_dbgmcu.o ABSOLUTE
    ..\Libraries\STM32F10x_StdPeriph_Driver\src\stm32f10x_dma.c 0x00000000   Number         0  stm32f10x_dma.o ABSOLUTE
    ..\Libraries\STM32F10x_StdPeriph_Driver\src\stm32f10x_exti.c 0x00000000   Number         0  stm32f10x_exti.o ABSOLUTE
    ..\Libraries\STM32F10x_StdPeriph_Driver\src\stm32f10x_flash.c 0x00000000   Number         0  stm32f10x_flash.o ABSOLUTE
    ..\Libraries\STM32F10x_StdPeriph_Driver\src\stm32f10x_fsmc.c 0x00000000   Number         0  stm32f10x_fsmc.o ABSOLUTE
    ..\Libraries\STM32F10x_StdPeriph_Driver\src\stm32f10x_gpio.c 0x00000000   Number         0  stm32f10x_gpio.o ABSOLUTE
    ..\Libraries\STM32F10x_StdPeriph_Driver\src\stm32f10x_i2c.c 0x00000000   Number         0  stm32f10x_i2c.o ABSOLUTE
    ..\Libraries\STM32F10x_StdPeriph_Driver\src\stm32f10x_iwdg.c 0x00000000   Number         0  stm32f10x_iwdg.o ABSOLUTE
    ..\Libraries\STM32F10x_StdPeriph_Driver\src\stm32f10x_pwr.c 0x00000000   Number         0  stm32f10x_pwr.o ABSOLUTE
    ..\Libraries\STM32F10x_StdPeriph_Driver\src\stm32f10x_rcc.c 0x00000000   Number         0  stm32f10x_rcc.o ABSOLUTE
    ..\Libraries\STM32F10x_StdPeriph_Driver\src\stm32f10x_rtc.c 0x00000000   Number         0  stm32f10x_rtc.o ABSOLUTE
    ..\Libraries\STM32F10x_StdPeriph_Driver\src\stm32f10x_sdio.c 0x00000000   Number         0  stm32f10x_sdio.o ABSOLUTE
    ..\Libraries\STM32F10x_StdPeriph_Driver\src\stm32f10x_spi.c 0x00000000   Number         0  stm32f10x_spi.o ABSOLUTE
    ..\Libraries\STM32F10x_StdPeriph_Driver\src\stm32f10x_tim.c 0x00000000   Number         0  stm32f10x_tim.o ABSOLUTE
    ..\Libraries\STM32F10x_StdPeriph_Driver\src\stm32f10x_usart.c 0x00000000   Number         0  stm32f10x_usart.o ABSOLUTE
    ..\Libraries\STM32F10x_StdPeriph_Driver\src\stm32f10x_wwdg.c 0x00000000   Number         0  stm32f10x_wwdg.o ABSOLUTE
    ..\User\AT24C32\at24c32.c                0x00000000   Number         0  at24c32.o ABSOLUTE
    ..\User\BasicTime\time.c                 0x00000000   Number         0  time.o ABSOLUTE
    ..\User\Calendar\calendar.c              0x00000000   Number         0  calendar.o ABSOLUTE
    ..\User\DHT11\dht11.c                    0x00000000   Number         0  dht11.o ABSOLUTE
    ..\User\DS3231\ds3231.c                  0x00000000   Number         0  ds3231.o ABSOLUTE
    ..\User\Exit\exit.c                      0x00000000   Number         0  exit.o ABSOLUTE
    ..\User\Festival\festival.c              0x00000000   Number         0  festival.o ABSOLUTE
    ..\User\GPIO_Bit_Config\GPIO_Bit_Config.c 0x00000000   Number         0  gpio_bit_config.o ABSOLUTE
    ..\User\GPIO_Config\gpio.c               0x00000000   Number         0  gpio.o ABSOLUTE
    ..\User\IIC\iic.c                        0x00000000   Number         0  iic.o ABSOLUTE
    ..\User\LCD12864\lcd12864.c              0x00000000   Number         0  lcd12864.o ABSOLUTE
    ..\User\NVIC\nvic.c                      0x00000000   Number         0  nvic.o ABSOLUTE
    ..\User\RCC\rcc.c                        0x00000000   Number         0  rcc.o ABSOLUTE
    ..\User\USART\usart.c                    0x00000000   Number         0  usart.o ABSOLUTE
    ..\User\delay\delay.c                    0x00000000   Number         0  delay.o ABSOLUTE
    ..\User\main.c                           0x00000000   Number         0  main.o ABSOLUTE
    ..\User\stm32f10x_it.c                   0x00000000   Number         0  stm32f10x_it.o ABSOLUTE
    ..\\Libraries\\CMSIS\\core_cm3.c         0x00000000   Number         0  core_cm3.o ABSOLUTE
    cdcmple.s                                0x00000000   Number         0  cdcmple.o ABSOLUTE
    cdrcmple.s                               0x00000000   Number         0  cdrcmple.o ABSOLUTE
    dc.s                                     0x00000000   Number         0  dc.o ABSOLUTE
    handlers.s                               0x00000000   Number         0  handlers.o ABSOLUTE
    init.s                                   0x00000000   Number         0  init.o ABSOLUTE
    RESET                                    0x08000000   Section      304  startup_stm32f10x_hd.o(RESET)
    .ARM.Collect$$$$00000000                 0x08000130   Section        0  entry.o(.ARM.Collect$$$$00000000)
    .ARM.Collect$$$$00000001                 0x08000130   Section        4  entry2.o(.ARM.Collect$$$$00000001)
    .ARM.Collect$$$$00000004                 0x08000134   Section        4  entry5.o(.ARM.Collect$$$$00000004)
    .ARM.Collect$$$$00000008                 0x08000138   Section        0  entry7b.o(.ARM.Collect$$$$00000008)
    .ARM.Collect$$$$0000000A                 0x08000138   Section        0  entry8b.o(.ARM.Collect$$$$0000000A)
    .ARM.Collect$$$$0000000B                 0x08000138   Section        8  entry9a.o(.ARM.Collect$$$$0000000B)
    .ARM.Collect$$$$0000000D                 0x08000140   Section        0  entry10a.o(.ARM.Collect$$$$0000000D)
    .ARM.Collect$$$$0000000F                 0x08000140   Section        0  entry11a.o(.ARM.Collect$$$$0000000F)
    .ARM.Collect$$$$00002712                 0x08000140   Section        4  entry2.o(.ARM.Collect$$$$00002712)
    __lit__00000000                          0x08000140   Data           4  entry2.o(.ARM.Collect$$$$00002712)
    .text                                    0x08000144   Section       36  startup_stm32f10x_hd.o(.text)
    .text                                    0x08000168   Section        0  strncpy.o(.text)
    .text                                    0x08000180   Section        0  strlen.o(.text)
    .text                                    0x0800018e   Section        0  dadd.o(.text)
    .text                                    0x080002dc   Section        0  dmul.o(.text)
    .text                                    0x080003c0   Section        0  ddiv.o(.text)
    .text                                    0x0800049e   Section        0  dflti.o(.text)
    .text                                    0x080004c0   Section        0  dfltui.o(.text)
    .text                                    0x080004da   Section        0  dfltl.o(.text)
    .text                                    0x08000502   Section        0  dfixi.o(.text)
    .text                                    0x08000540   Section        0  dfixl.o(.text)
    .text                                    0x0800058c   Section       40  cdcmple.o(.text)
    .text                                    0x080005b4   Section        0  uidiv.o(.text)
    .text                                    0x080005e0   Section        0  uldiv.o(.text)
    .text                                    0x08000642   Section        0  llshl.o(.text)
    .text                                    0x08000660   Section        0  llushr.o(.text)
    .text                                    0x08000680   Section        0  llsshr.o(.text)
    .text                                    0x080006a4   Section        0  iusefp.o(.text)
    .text                                    0x080006a4   Section        0  depilogue.o(.text)
    .text                                    0x0800075a   Section        0  dfixul.o(.text)
    .text                                    0x0800078c   Section       40  cdrcmple.o(.text)
    .text                                    0x080007b4   Section       36  init.o(.text)
    .text                                    0x080007d8   Section        0  __dclz77c.o(.text)
    i.AT24C32_PageRead                       0x08000836   Section        0  at24c32.o(i.AT24C32_PageRead)
    i.AT24C32_PageWrite                      0x080008a0   Section        0  at24c32.o(i.AT24C32_PageWrite)
    i.AT24C32_ReadOneByte                    0x08000908   Section        0  at24c32.o(i.AT24C32_ReadOneByte)
    i.AT24C32_WriteOneByte                   0x0800094e   Section        0  at24c32.o(i.AT24C32_WriteOneByte)
    i.BCDTO10                                0x0800099e   Section        0  main.o(i.BCDTO10)
    i.BasicTime_Init                         0x080009b2   Section        0  time.o(i.BasicTime_Init)
    i.BusFault_Handler                       0x080009ba   Section        0  stm32f10x_it.o(i.BusFault_Handler)
    i.Clock_Basic_Disp                       0x080009c0   Section        0  main.o(i.Clock_Basic_Disp)
    i.DHT11_Check                            0x08000d00   Section        0  dht11.o(i.DHT11_Check)
    i.DHT11_Init                             0x08000d64   Section        0  dht11.o(i.DHT11_Init)
    i.DHT11_Read_Bit                         0x08000da0   Section        0  dht11.o(i.DHT11_Read_Bit)
    i.DHT11_Read_Byte                        0x08000dec   Section        0  dht11.o(i.DHT11_Read_Byte)
    i.DHT11_Read_Data                        0x08000e0a   Section        0  dht11.o(i.DHT11_Read_Data)
    i.DHT11_Rst                              0x08000ea0   Section        0  dht11.o(i.DHT11_Rst)
    i.DebugMon_Handler                       0x08000ee0   Section        0  stm32f10x_it.o(i.DebugMon_Handler)
    i.Delay_ms                               0x08000ee2   Section        0  delay.o(i.Delay_ms)
    i.Delay_us                               0x08000efa   Section        0  delay.o(i.Delay_us)
    i.Festival_Yearly                        0x08000f28   Section        0  festival.o(i.Festival_Yearly)
    i.GPIO_Init                              0x0800155c   Section        0  stm32f10x_gpio.o(i.GPIO_Init)
    i.GPIO_ResetBits                         0x08001672   Section        0  stm32f10x_gpio.o(i.GPIO_ResetBits)
    i.GPIO_SetBits                           0x08001676   Section        0  stm32f10x_gpio.o(i.GPIO_SetBits)
    i.GetChinaCalendar                       0x0800167c   Section        0  calendar.o(i.GetChinaCalendar)
    i.GetMoonDay                             0x08001884   Section        0  calendar.o(i.GetMoonDay)
    i.Get_TianGan_DiZhi_ShengXiao            0x080019a4   Section        0  calendar.o(i.Get_TianGan_DiZhi_ShengXiao)
    i.HardFault_Handler                      0x08001a34   Section        0  stm32f10x_it.o(i.HardFault_Handler)
    i.IIC_ACK                                0x08001a38   Section        0  iic.o(i.IIC_ACK)
    i.IIC_Delay                              0x08001a88   Section        0  iic.o(i.IIC_Delay)
    IIC_Delay                                0x08001a89   Thumb Code    32  iic.o(i.IIC_Delay)
    i.IIC_GPIO_Config                        0x08001aa8   Section        0  iic.o(i.IIC_GPIO_Config)
    i.IIC_NACK                               0x08001ad4   Section        0  iic.o(i.IIC_NACK)
    i.IIC_ReadByte                           0x08001b1c   Section        0  iic.o(i.IIC_ReadByte)
    i.IIC_ReadMultiByte                      0x08001b78   Section        0  ds3231.o(i.IIC_ReadMultiByte)
    i.IIC_Start                              0x08001be4   Section        0  iic.o(i.IIC_Start)
    i.IIC_Stop                               0x08001c30   Section        0  iic.o(i.IIC_Stop)
    i.IIC_WaitACK                            0x08001c78   Section        0  iic.o(i.IIC_WaitACK)
    i.IIC_WriteByte                          0x08001ce4   Section        0  iic.o(i.IIC_WriteByte)
    i.IIC_WriteMultiByte                     0x08001d58   Section        0  ds3231.o(i.IIC_WriteMultiByte)
    i.Judge_Week                             0x08001dac   Section        0  calendar.o(i.Judge_Week)
    i.KEY_Timing                             0x08001ee0   Section        0  main.o(i.KEY_Timing)
    i.LCD12864_Clear                         0x08005a74   Section        0  lcd12864.o(i.LCD12864_Clear)
    i.LCD12864_Dis_humid                     0x08005a84   Section        0  lcd12864.o(i.LCD12864_Dis_humid)
    i.LCD12864_Disp_Data                     0x08005acc   Section        0  lcd12864.o(i.LCD12864_Disp_Data)
    i.LCD12864_Disp_Temp                     0x08005b80   Section        0  lcd12864.o(i.LCD12864_Disp_Temp)
    i.LCD12864_DisplayFlaotInt               0x08005c08   Section        0  lcd12864.o(i.LCD12864_DisplayFlaotInt)
    i.LCD12864_DisplayStrChin                0x08005ce0   Section        0  lcd12864.o(i.LCD12864_DisplayStrChin)
    i.LCD12864_DrawClear                     0x08005d02   Section        0  lcd12864.o(i.LCD12864_DrawClear)
    i.LCD12864_DrowPicNum                    0x08005d58   Section        0  lcd12864.o(i.LCD12864_DrowPicNum)
    i.LCD12864_DrowPicNumX                   0x08005de4   Section        0  lcd12864.o(i.LCD12864_DrowPicNumX)
    i.LCD12864_DrowSet                       0x08005e90   Section        0  lcd12864.o(i.LCD12864_DrowSet)
    i.LCD12864_DrowWeek                      0x08005f3c   Section        0  lcd12864.o(i.LCD12864_DrowWeek)
    i.LCD12864_GPIO_Congigure                0x08005fc8   Section        0  lcd12864.o(i.LCD12864_GPIO_Congigure)
    LCD12864_GPIO_Congigure                  0x08005fc9   Thumb Code    40  lcd12864.o(i.LCD12864_GPIO_Congigure)
    i.LCD12864_Init                          0x08005ff4   Section        0  lcd12864.o(i.LCD12864_Init)
    i.LCD12864_KEY_Congigure                 0x08006038   Section        0  gpio.o(i.LCD12864_KEY_Congigure)
    i.LCD12864_LED_BACK                      0x0800605c   Section        0  gpio.o(i.LCD12864_LED_BACK)
    i.LCD12864_SetDispTime                   0x08006088   Section        0  lcd12864.o(i.LCD12864_SetDispTime)
    i.LCD12864_SetLocal                      0x080060c0   Section        0  lcd12864.o(i.LCD12864_SetLocal)
    i.LCD12864_WriteCmd                      0x0800610c   Section        0  lcd12864.o(i.LCD12864_WriteCmd)
    i.LCD12864_WriteData                     0x08006208   Section        0  lcd12864.o(i.LCD12864_WriteData)
    i.LCD_Control_BK                         0x08006304   Section        0  main.o(i.LCD_Control_BK)
    i.MemManage_Handler                      0x0800633c   Section        0  stm32f10x_it.o(i.MemManage_Handler)
    i.NMI_Handler                            0x08006340   Section        0  stm32f10x_it.o(i.NMI_Handler)
    i.NVIC_Configure                         0x08006342   Section        0  nvic.o(i.NVIC_Configure)
    i.NVIC_Init                              0x08006368   Section        0  misc.o(i.NVIC_Init)
    i.NVIC_PriorityGroupConfig               0x080063d8   Section        0  misc.o(i.NVIC_PriorityGroupConfig)
    i.PendSV_Handler                         0x080063ec   Section        0  stm32f10x_it.o(i.PendSV_Handler)
    i.RCC_APB1PeriphClockCmd                 0x080063f0   Section        0  stm32f10x_rcc.o(i.RCC_APB1PeriphClockCmd)
    i.RCC_APB2PeriphClockCmd                 0x08006410   Section        0  stm32f10x_rcc.o(i.RCC_APB2PeriphClockCmd)
    i.RCC_GetClocksFreq                      0x08006430   Section        0  stm32f10x_rcc.o(i.RCC_GetClocksFreq)
    i.Return_Festival                        0x08006504   Section        0  festival.o(i.Return_Festival)
    i.SVC_Handler                            0x080076c4   Section        0  stm32f10x_it.o(i.SVC_Handler)
    i.SetSysClock                            0x080076c6   Section        0  system_stm32f10x.o(i.SetSysClock)
    SetSysClock                              0x080076c7   Thumb Code     8  system_stm32f10x.o(i.SetSysClock)
    i.SetSysClockTo72                        0x080076d0   Section        0  system_stm32f10x.o(i.SetSysClockTo72)
    SetSysClockTo72                          0x080076d1   Thumb Code   214  system_stm32f10x.o(i.SetSysClockTo72)
    i.Set_Alarm                              0x080077b0   Section        0  main.o(i.Set_Alarm)
    i.SysTick_Config                         0x08007870   Section        0  delay.o(i.SysTick_Config)
    SysTick_Config                           0x08007871   Thumb Code    76  delay.o(i.SysTick_Config)
    i.SysTick_Handler                        0x080078c4   Section        0  stm32f10x_it.o(i.SysTick_Handler)
    i.SystemInit                             0x080078c8   Section        0  system_stm32f10x.o(i.SystemInit)
    i.TIM3_IRQHandler                        0x08007928   Section        0  stm32f10x_it.o(i.TIM3_IRQHandler)
    i.TIM_ClearITPendingBit                  0x08007954   Section        0  stm32f10x_tim.o(i.TIM_ClearITPendingBit)
    i.TIM_Cmd                                0x0800795a   Section        0  stm32f10x_tim.o(i.TIM_Cmd)
    i.TIM_GetITStatus                        0x08007972   Section        0  stm32f10x_tim.o(i.TIM_GetITStatus)
    i.TIM_ITConfig                           0x08007994   Section        0  stm32f10x_tim.o(i.TIM_ITConfig)
    i.TIM_TimeBaseInit                       0x080079a8   Section        0  stm32f10x_tim.o(i.TIM_TimeBaseInit)
    i.Time_Configure                         0x08007a4c   Section        0  time.o(i.Time_Configure)
    Time_Configure                           0x08007a4d   Thumb Code    44  time.o(i.Time_Configure)
    i.USART1_Init                            0x08007a7c   Section        0  usart.o(i.USART1_Init)
    i.USART_Cmd                              0x08007afc   Section        0  stm32f10x_usart.o(i.USART_Cmd)
    i.USART_Init                             0x08007b14   Section        0  stm32f10x_usart.o(i.USART_Init)
    i.UsageFault_Handler                     0x08007bec   Section        0  stm32f10x_it.o(i.UsageFault_Handler)
    i.Z10BCD                                 0x08007bf0   Section        0  main.o(i.Z10BCD)
    i.__0sprintf                             0x08007c0c   Section        0  printfa.o(i.__0sprintf)
    i.__scatterload_copy                     0x08007c34   Section       14  handlers.o(i.__scatterload_copy)
    i.__scatterload_null                     0x08007c42   Section        2  handlers.o(i.__scatterload_null)
    i.__scatterload_zeroinit                 0x08007c44   Section       14  handlers.o(i.__scatterload_zeroinit)
    i._fp_digits                             0x08007c54   Section        0  printfa.o(i._fp_digits)
    _fp_digits                               0x08007c55   Thumb Code   334  printfa.o(i._fp_digits)
    i._printf_core                           0x08007db8   Section        0  printfa.o(i._printf_core)
    _printf_core                             0x08007db9   Thumb Code  1744  printfa.o(i._printf_core)
    i._printf_post_padding                   0x08008494   Section        0  printfa.o(i._printf_post_padding)
    _printf_post_padding                     0x08008495   Thumb Code    36  printfa.o(i._printf_post_padding)
    i._printf_pre_padding                    0x080084b8   Section        0  printfa.o(i._printf_pre_padding)
    _printf_pre_padding                      0x080084b9   Thumb Code    46  printfa.o(i._printf_pre_padding)
    i._sputc                                 0x080084e6   Section        0  printfa.o(i._sputc)
    _sputc                                   0x080084e7   Thumb Code    10  printfa.o(i._sputc)
    i.delay_ms                               0x080084f0   Section        0  delay.o(i.delay_ms)
    i.delay_us                               0x08008524   Section        0  delay.o(i.delay_us)
    i.floor                                  0x08008554   Section        0  floor.o(i.floor)
    i.main                                   0x08008630   Section        0  main.o(i.main)
    .constdata                               0x08008730   Section      778  calendar.o(.constdata)
    .conststring                             0x08008a3c   Section      441  calendar.o(.conststring)
    .conststrlit                             0x08008bf8   Section       26  calendar.o(.conststrlit)
    .data                                    0x20000000   Section       20  stm32f10x_rcc.o(.data)
    APBAHBPrescTable                         0x20000000   Data          16  stm32f10x_rcc.o(.data)
    ADCPrescTable                            0x20000010   Data           4  stm32f10x_rcc.o(.data)
    .data                                    0x20000014   Section      580  main.o(.data)
    .data                                    0x20000258   Section    12904  lcd12864.o(.data)
    font6x8                                  0x20003298   Data         552  lcd12864.o(.data)
    .data                                    0x200034c0   Section      324  calendar.o(.data)
    STACK                                    0x20003608   Section     1024  startup_stm32f10x_hd.o(STACK)

    Global Symbols

    Symbol Name                              Value     Ov Type        Size  Object(Section)

    BuildAttributes$$THM_ISAv4$P$D$K$B$S$PE$A:L22UL41UL21$X:L11$S22US41US21$IEEE1$IW$USESV6$~STKCKD$USESV7$~SHL$OTIME$ROPI$IEEEJ$EBA8$MICROLIB$REQ8$PRES8$EABIv2 0x00000000   Number         0  anon$$obj.o ABSOLUTE
    __ARM_use_no_argv                        0x00000000   Number         0  main.o ABSOLUTE
    _printf_a                                0x00000000   Number         0  stubs.o ABSOLUTE
    _printf_c                                0x00000000   Number         0  stubs.o ABSOLUTE
    _printf_charcount                        0x00000000   Number         0  stubs.o ABSOLUTE
    _printf_d                                0x00000000   Number         0  stubs.o ABSOLUTE
    _printf_e                                0x00000000   Number         0  stubs.o ABSOLUTE
    _printf_f                                0x00000000   Number         0  stubs.o ABSOLUTE
    _printf_flags                            0x00000000   Number         0  stubs.o ABSOLUTE
    _printf_fp_dec                           0x00000000   Number         0  stubs.o ABSOLUTE
    _printf_fp_hex                           0x00000000   Number         0  stubs.o ABSOLUTE
    _printf_g                                0x00000000   Number         0  stubs.o ABSOLUTE
    _printf_i                                0x00000000   Number         0  stubs.o ABSOLUTE
    _printf_int_dec                          0x00000000   Number         0  stubs.o ABSOLUTE
    _printf_l                                0x00000000   Number         0  stubs.o ABSOLUTE
    _printf_lc                               0x00000000   Number         0  stubs.o ABSOLUTE
    _printf_ll                               0x00000000   Number         0  stubs.o ABSOLUTE
    _printf_lld                              0x00000000   Number         0  stubs.o ABSOLUTE
    _printf_lli                              0x00000000   Number         0  stubs.o ABSOLUTE
    _printf_llo                              0x00000000   Number         0  stubs.o ABSOLUTE
    _printf_llu                              0x00000000   Number         0  stubs.o ABSOLUTE
    _printf_llx                              0x00000000   Number         0  stubs.o ABSOLUTE
    _printf_longlong_dec                     0x00000000   Number         0  stubs.o ABSOLUTE
    _printf_longlong_hex                     0x00000000   Number         0  stubs.o ABSOLUTE
    _printf_longlong_oct                     0x00000000   Number         0  stubs.o ABSOLUTE
    _printf_ls                               0x00000000   Number         0  stubs.o ABSOLUTE
    _printf_mbtowc                           0x00000000   Number         0  stubs.o ABSOLUTE
    _printf_n                                0x00000000   Number         0  stubs.o ABSOLUTE
    _printf_o                                0x00000000   Number         0  stubs.o ABSOLUTE
    _printf_p                                0x00000000   Number         0  stubs.o ABSOLUTE
    _printf_percent                          0x00000000   Number         0  stubs.o ABSOLUTE
    _printf_pre_padding                      0x00000000   Number         0  stubs.o ABSOLUTE
    _printf_return_value                     0x00000000   Number         0  stubs.o ABSOLUTE
    _printf_s                                0x00000000   Number         0  stubs.o ABSOLUTE
    _printf_sizespec                         0x00000000   Number         0  stubs.o ABSOLUTE
    _printf_str                              0x00000000   Number         0  stubs.o ABSOLUTE
    _printf_truncate_signed                  0x00000000   Number         0  stubs.o ABSOLUTE
    _printf_truncate_unsigned                0x00000000   Number         0  stubs.o ABSOLUTE
    _printf_u                                0x00000000   Number         0  stubs.o ABSOLUTE
    _printf_wc                               0x00000000   Number         0  stubs.o ABSOLUTE
    _printf_wctomb                           0x00000000   Number         0  stubs.o ABSOLUTE
    _printf_widthprec                        0x00000000   Number         0  stubs.o ABSOLUTE
    _printf_x                                0x00000000   Number         0  stubs.o ABSOLUTE
    __cpp_initialize__aeabi_                  - Undefined Weak Reference
    __cxa_finalize                            - Undefined Weak Reference
    _clock_init                               - Undefined Weak Reference
    _microlib_exit                            - Undefined Weak Reference
    __Vectors_Size                           0x00000130   Number         0  startup_stm32f10x_hd.o ABSOLUTE
    __Vectors                                0x08000000   Data           4  startup_stm32f10x_hd.o(RESET)
    __Vectors_End                            0x08000130   Data           0  startup_stm32f10x_hd.o(RESET)
    __main                                   0x08000131   Thumb Code     0  entry.o(.ARM.Collect$$$$00000000)
    _main_stk                                0x08000131   Thumb Code     0  entry2.o(.ARM.Collect$$$$00000001)
    _main_scatterload                        0x08000135   Thumb Code     0  entry5.o(.ARM.Collect$$$$00000004)
    __main_after_scatterload                 0x08000139   Thumb Code     0  entry5.o(.ARM.Collect$$$$00000004)
    _main_clock                              0x08000139   Thumb Code     0  entry7b.o(.ARM.Collect$$$$00000008)
    _main_cpp_init                           0x08000139   Thumb Code     0  entry8b.o(.ARM.Collect$$$$0000000A)
    _main_init                               0x08000139   Thumb Code     0  entry9a.o(.ARM.Collect$$$$0000000B)
    __rt_final_cpp                           0x08000141   Thumb Code     0  entry10a.o(.ARM.Collect$$$$0000000D)
    __rt_final_exit                          0x08000141   Thumb Code     0  entry11a.o(.ARM.Collect$$$$0000000F)
    Reset_Handler                            0x08000145   Thumb Code     8  startup_stm32f10x_hd.o(.text)
    ADC1_2_IRQHandler                        0x0800015f   Thumb Code     0  startup_stm32f10x_hd.o(.text)
    ADC3_IRQHandler                          0x0800015f   Thumb Code     0  startup_stm32f10x_hd.o(.text)
    CAN1_RX1_IRQHandler                      0x0800015f   Thumb Code     0  startup_stm32f10x_hd.o(.text)
    CAN1_SCE_IRQHandler                      0x0800015f   Thumb Code     0  startup_stm32f10x_hd.o(.text)
    DMA1_Channel1_IRQHandler                 0x0800015f   Thumb Code     0  startup_stm32f10x_hd.o(.text)
    DMA1_Channel2_IRQHandler                 0x0800015f   Thumb Code     0  startup_stm32f10x_hd.o(.text)
    DMA1_Channel3_IRQHandler                 0x0800015f   Thumb Code     0  startup_stm32f10x_hd.o(.text)
    DMA1_Channel4_IRQHandler                 0x0800015f   Thumb Code     0  startup_stm32f10x_hd.o(.text)
    DMA1_Channel5_IRQHandler                 0x0800015f   Thumb Code     0  startup_stm32f10x_hd.o(.text)
    DMA1_Channel6_IRQHandler                 0x0800015f   Thumb Code     0  startup_stm32f10x_hd.o(.text)
    DMA1_Channel7_IRQHandler                 0x0800015f   Thumb Code     0  startup_stm32f10x_hd.o(.text)
    DMA2_Channel1_IRQHandler                 0x0800015f   Thumb Code     0  startup_stm32f10x_hd.o(.text)
    DMA2_Channel2_IRQHandler                 0x0800015f   Thumb Code     0  startup_stm32f10x_hd.o(.text)
    DMA2_Channel3_IRQHandler                 0x0800015f   Thumb Code     0  startup_stm32f10x_hd.o(.text)
    DMA2_Channel4_5_IRQHandler               0x0800015f   Thumb Code     0  startup_stm32f10x_hd.o(.text)
    EXTI0_IRQHandler                         0x0800015f   Thumb Code     0  startup_stm32f10x_hd.o(.text)
    EXTI15_10_IRQHandler                     0x0800015f   Thumb Code     0  startup_stm32f10x_hd.o(.text)
    EXTI1_IRQHandler                         0x0800015f   Thumb Code     0  startup_stm32f10x_hd.o(.text)
    EXTI2_IRQHandler                         0x0800015f   Thumb Code     0  startup_stm32f10x_hd.o(.text)
    EXTI3_IRQHandler                         0x0800015f   Thumb Code     0  startup_stm32f10x_hd.o(.text)
    EXTI4_IRQHandler                         0x0800015f   Thumb Code     0  startup_stm32f10x_hd.o(.text)
    EXTI9_5_IRQHandler                       0x0800015f   Thumb Code     0  startup_stm32f10x_hd.o(.text)
    FLASH_IRQHandler                         0x0800015f   Thumb Code     0  startup_stm32f10x_hd.o(.text)
    FSMC_IRQHandler                          0x0800015f   Thumb Code     0  startup_stm32f10x_hd.o(.text)
    I2C1_ER_IRQHandler                       0x0800015f   Thumb Code     0  startup_stm32f10x_hd.o(.text)
    I2C1_EV_IRQHandler                       0x0800015f   Thumb Code     0  startup_stm32f10x_hd.o(.text)
    I2C2_ER_IRQHandler                       0x0800015f   Thumb Code     0  startup_stm32f10x_hd.o(.text)
    I2C2_EV_IRQHandler                       0x0800015f   Thumb Code     0  startup_stm32f10x_hd.o(.text)
    PVD_IRQHandler                           0x0800015f   Thumb Code     0  startup_stm32f10x_hd.o(.text)
    RCC_IRQHandler                           0x0800015f   Thumb Code     0  startup_stm32f10x_hd.o(.text)
    RTCAlarm_IRQHandler                      0x0800015f   Thumb Code     0  startup_stm32f10x_hd.o(.text)
    RTC_IRQHandler                           0x0800015f   Thumb Code     0  startup_stm32f10x_hd.o(.text)
    SDIO_IRQHandler                          0x0800015f   Thumb Code     0  startup_stm32f10x_hd.o(.text)
    SPI1_IRQHandler                          0x0800015f   Thumb Code     0  startup_stm32f10x_hd.o(.text)
    SPI2_IRQHandler                          0x0800015f   Thumb Code     0  startup_stm32f10x_hd.o(.text)
    SPI3_IRQHandler                          0x0800015f   Thumb Code     0  startup_stm32f10x_hd.o(.text)
    TAMPER_IRQHandler                        0x0800015f   Thumb Code     0  startup_stm32f10x_hd.o(.text)
    TIM1_BRK_IRQHandler                      0x0800015f   Thumb Code     0  startup_stm32f10x_hd.o(.text)
    TIM1_CC_IRQHandler                       0x0800015f   Thumb Code     0  startup_stm32f10x_hd.o(.text)
    TIM1_TRG_COM_IRQHandler                  0x0800015f   Thumb Code     0  startup_stm32f10x_hd.o(.text)
    TIM1_UP_IRQHandler                       0x0800015f   Thumb Code     0  startup_stm32f10x_hd.o(.text)
    TIM2_IRQHandler                          0x0800015f   Thumb Code     0  startup_stm32f10x_hd.o(.text)
    TIM4_IRQHandler                          0x0800015f   Thumb Code     0  startup_stm32f10x_hd.o(.text)
    TIM5_IRQHandler                          0x0800015f   Thumb Code     0  startup_stm32f10x_hd.o(.text)
    TIM6_IRQHandler                          0x0800015f   Thumb Code     0  startup_stm32f10x_hd.o(.text)
    TIM7_IRQHandler                          0x0800015f   Thumb Code     0  startup_stm32f10x_hd.o(.text)
    TIM8_BRK_IRQHandler                      0x0800015f   Thumb Code     0  startup_stm32f10x_hd.o(.text)
    TIM8_CC_IRQHandler                       0x0800015f   Thumb Code     0  startup_stm32f10x_hd.o(.text)
    TIM8_TRG_COM_IRQHandler                  0x0800015f   Thumb Code     0  startup_stm32f10x_hd.o(.text)
    TIM8_UP_IRQHandler                       0x0800015f   Thumb Code     0  startup_stm32f10x_hd.o(.text)
    UART4_IRQHandler                         0x0800015f   Thumb Code     0  startup_stm32f10x_hd.o(.text)
    UART5_IRQHandler                         0x0800015f   Thumb Code     0  startup_stm32f10x_hd.o(.text)
    USART1_IRQHandler                        0x0800015f   Thumb Code     0  startup_stm32f10x_hd.o(.text)
    USART2_IRQHandler                        0x0800015f   Thumb Code     0  startup_stm32f10x_hd.o(.text)
    USART3_IRQHandler                        0x0800015f   Thumb Code     0  startup_stm32f10x_hd.o(.text)
    USBWakeUp_IRQHandler                     0x0800015f   Thumb Code     0  startup_stm32f10x_hd.o(.text)
    USB_HP_CAN1_TX_IRQHandler                0x0800015f   Thumb Code     0  startup_stm32f10x_hd.o(.text)
    USB_LP_CAN1_RX0_IRQHandler               0x0800015f   Thumb Code     0  startup_stm32f10x_hd.o(.text)
    WWDG_IRQHandler                          0x0800015f   Thumb Code     0  startup_stm32f10x_hd.o(.text)
    strncpy                                  0x08000169   Thumb Code    24  strncpy.o(.text)
    strlen                                   0x08000181   Thumb Code    14  strlen.o(.text)
    __aeabi_dadd                             0x0800018f   Thumb Code   322  dadd.o(.text)
    __aeabi_dsub                             0x080002d1   Thumb Code     6  dadd.o(.text)
    __aeabi_drsub                            0x080002d7   Thumb Code     6  dadd.o(.text)
    __aeabi_dmul                             0x080002dd   Thumb Code   228  dmul.o(.text)
    __aeabi_ddiv                             0x080003c1   Thumb Code   222  ddiv.o(.text)
    __aeabi_i2d                              0x0800049f   Thumb Code    34  dflti.o(.text)
    __aeabi_ui2d                             0x080004c1   Thumb Code    26  dfltui.o(.text)
    __aeabi_l2d                              0x080004db   Thumb Code    40  dfltl.o(.text)
    __aeabi_d2iz                             0x08000503   Thumb Code    62  dfixi.o(.text)
    __aeabi_d2lz                             0x08000541   Thumb Code    74  dfixl.o(.text)
    __aeabi_cdcmpeq                          0x0800058d   Thumb Code     0  cdcmple.o(.text)
    __aeabi_cdcmple                          0x0800058d   Thumb Code    38  cdcmple.o(.text)
    __aeabi_uidiv                            0x080005b5   Thumb Code     0  uidiv.o(.text)
    __aeabi_uidivmod                         0x080005b5   Thumb Code    44  uidiv.o(.text)
    __aeabi_uldivmod                         0x080005e1   Thumb Code    98  uldiv.o(.text)
    __aeabi_llsl                             0x08000643   Thumb Code    30  llshl.o(.text)
    _ll_shift_l                              0x08000643   Thumb Code     0  llshl.o(.text)
    __aeabi_llsr                             0x08000661   Thumb Code    32  llushr.o(.text)
    _ll_ushift_r                             0x08000661   Thumb Code     0  llushr.o(.text)
    __aeabi_lasr                             0x08000681   Thumb Code    36  llsshr.o(.text)
    _ll_sshift_r                             0x08000681   Thumb Code     0  llsshr.o(.text)
    __I$use$fp                               0x080006a5   Thumb Code     0  iusefp.o(.text)
    _double_round                            0x080006a5   Thumb Code    26  depilogue.o(.text)
    _double_epilogue                         0x080006bf   Thumb Code   156  depilogue.o(.text)
    __aeabi_d2ulz                            0x0800075b   Thumb Code    48  dfixul.o(.text)
    __aeabi_cdrcmple                         0x0800078d   Thumb Code    38  cdrcmple.o(.text)
    __scatterload                            0x080007b5   Thumb Code    28  init.o(.text)
    __scatterload_rt2                        0x080007b5   Thumb Code     0  init.o(.text)
    __decompress                             0x080007d9   Thumb Code     0  __dclz77c.o(.text)
    __decompress2                            0x080007d9   Thumb Code    94  __dclz77c.o(.text)
    AT24C32_PageRead                         0x08000837   Thumb Code   106  at24c32.o(i.AT24C32_PageRead)
    AT24C32_PageWrite                        0x080008a1   Thumb Code   104  at24c32.o(i.AT24C32_PageWrite)
    AT24C32_ReadOneByte                      0x08000909   Thumb Code    70  at24c32.o(i.AT24C32_ReadOneByte)
    AT24C32_WriteOneByte                     0x0800094f   Thumb Code    80  at24c32.o(i.AT24C32_WriteOneByte)
    BCDTO10                                  0x0800099f   Thumb Code    20  main.o(i.BCDTO10)
    BasicTime_Init                           0x080009b3   Thumb Code     8  time.o(i.BasicTime_Init)
    BusFault_Handler                         0x080009bb   Thumb Code     4  stm32f10x_it.o(i.BusFault_Handler)
    Clock_Basic_Disp                         0x080009c1   Thumb Code   792  main.o(i.Clock_Basic_Disp)
    DHT11_Check                              0x08000d01   Thumb Code    92  dht11.o(i.DHT11_Check)
    DHT11_Init                               0x08000d65   Thumb Code    54  dht11.o(i.DHT11_Init)
    DHT11_Read_Bit                           0x08000da1   Thumb Code    70  dht11.o(i.DHT11_Read_Bit)
    DHT11_Read_Byte                          0x08000ded   Thumb Code    30  dht11.o(i.DHT11_Read_Byte)
    DHT11_Read_Data                          0x08000e0b   Thumb Code   148  dht11.o(i.DHT11_Read_Data)
    DHT11_Rst                                0x08000ea1   Thumb Code    52  dht11.o(i.DHT11_Rst)
    DebugMon_Handler                         0x08000ee1   Thumb Code     2  stm32f10x_it.o(i.DebugMon_Handler)
    Delay_ms                                 0x08000ee3   Thumb Code    24  delay.o(i.Delay_ms)
    Delay_us                                 0x08000efb   Thumb Code    46  delay.o(i.Delay_us)
    Festival_Yearly                          0x08000f29   Thumb Code  1588  festival.o(i.Festival_Yearly)
    GPIO_Init                                0x0800155d   Thumb Code   278  stm32f10x_gpio.o(i.GPIO_Init)
    GPIO_ResetBits                           0x08001673   Thumb Code     4  stm32f10x_gpio.o(i.GPIO_ResetBits)
    GPIO_SetBits                             0x08001677   Thumb Code     4  stm32f10x_gpio.o(i.GPIO_SetBits)
    GetChinaCalendar                         0x0800167d   Thumb Code   506  calendar.o(i.GetChinaCalendar)
    GetMoonDay                               0x08001885   Thumb Code   282  calendar.o(i.GetMoonDay)
    Get_TianGan_DiZhi_ShengXiao              0x080019a5   Thumb Code   104  calendar.o(i.Get_TianGan_DiZhi_ShengXiao)
    HardFault_Handler                        0x08001a35   Thumb Code     4  stm32f10x_it.o(i.HardFault_Handler)
    IIC_ACK                                  0x08001a39   Thumb Code    68  iic.o(i.IIC_ACK)
    IIC_GPIO_Config                          0x08001aa9   Thumb Code    38  iic.o(i.IIC_GPIO_Config)
    IIC_NACK                                 0x08001ad5   Thumb Code    60  iic.o(i.IIC_NACK)
    IIC_ReadByte                             0x08001b1d   Thumb Code    80  iic.o(i.IIC_ReadByte)
    IIC_ReadMultiByte                        0x08001b79   Thumb Code   108  ds3231.o(i.IIC_ReadMultiByte)
    IIC_Start                                0x08001be5   Thumb Code    62  iic.o(i.IIC_Start)
    IIC_Stop                                 0x08001c31   Thumb Code    58  iic.o(i.IIC_Stop)
    IIC_WaitACK                              0x08001c79   Thumb Code    96  iic.o(i.IIC_WaitACK)
    IIC_WriteByte                            0x08001ce5   Thumb Code   102  iic.o(i.IIC_WriteByte)
    IIC_WriteMultiByte                       0x08001d59   Thumb Code    82  ds3231.o(i.IIC_WriteMultiByte)
    Judge_Week                               0x08001dad   Thumb Code   296  calendar.o(i.Judge_Week)
    KEY_Timing                               0x08001ee1   Thumb Code 15252  main.o(i.KEY_Timing)
    LCD12864_Clear                           0x08005a75   Thumb Code    16  lcd12864.o(i.LCD12864_Clear)
    LCD12864_Dis_humid                       0x08005a85   Thumb Code    46  lcd12864.o(i.LCD12864_Dis_humid)
    LCD12864_Disp_Data                       0x08005acd   Thumb Code   126  lcd12864.o(i.LCD12864_Disp_Data)
    LCD12864_Disp_Temp                       0x08005b81   Thumb Code    88  lcd12864.o(i.LCD12864_Disp_Temp)
    LCD12864_DisplayFlaotInt                 0x08005c09   Thumb Code   190  lcd12864.o(i.LCD12864_DisplayFlaotInt)
    LCD12864_DisplayStrChin                  0x08005ce1   Thumb Code    34  lcd12864.o(i.LCD12864_DisplayStrChin)
    LCD12864_DrawClear                       0x08005d03   Thumb Code    86  lcd12864.o(i.LCD12864_DrawClear)
    LCD12864_DrowPicNum                      0x08005d59   Thumb Code   136  lcd12864.o(i.LCD12864_DrowPicNum)
    LCD12864_DrowPicNumX                     0x08005de5   Thumb Code   168  lcd12864.o(i.LCD12864_DrowPicNumX)
    LCD12864_DrowSet                         0x08005e91   Thumb Code   168  lcd12864.o(i.LCD12864_DrowSet)
    LCD12864_DrowWeek                        0x08005f3d   Thumb Code   136  lcd12864.o(i.LCD12864_DrowWeek)
    LCD12864_Init                            0x08005ff5   Thumb Code    68  lcd12864.o(i.LCD12864_Init)
    LCD12864_KEY_Congigure                   0x08006039   Thumb Code    32  gpio.o(i.LCD12864_KEY_Congigure)
    LCD12864_LED_BACK                        0x0800605d   Thumb Code    38  gpio.o(i.LCD12864_LED_BACK)
    LCD12864_SetDispTime                     0x08006089   Thumb Code    46  lcd12864.o(i.LCD12864_SetDispTime)
    LCD12864_SetLocal                        0x080060c1   Thumb Code    74  lcd12864.o(i.LCD12864_SetLocal)
    LCD12864_WriteCmd                        0x0800610d   Thumb Code   246  lcd12864.o(i.LCD12864_WriteCmd)
    LCD12864_WriteData                       0x08006209   Thumb Code   246  lcd12864.o(i.LCD12864_WriteData)
    LCD_Control_BK                           0x08006305   Thumb Code    46  main.o(i.LCD_Control_BK)
    MemManage_Handler                        0x0800633d   Thumb Code     4  stm32f10x_it.o(i.MemManage_Handler)
    NMI_Handler                              0x08006341   Thumb Code     2  stm32f10x_it.o(i.NMI_Handler)
    NVIC_Configure                           0x08006343   Thumb Code    38  nvic.o(i.NVIC_Configure)
    NVIC_Init                                0x08006369   Thumb Code   100  misc.o(i.NVIC_Init)
    NVIC_PriorityGroupConfig                 0x080063d9   Thumb Code    10  misc.o(i.NVIC_PriorityGroupConfig)
    PendSV_Handler                           0x080063ed   Thumb Code     2  stm32f10x_it.o(i.PendSV_Handler)
    RCC_APB1PeriphClockCmd                   0x080063f1   Thumb Code    26  stm32f10x_rcc.o(i.RCC_APB1PeriphClockCmd)
    RCC_APB2PeriphClockCmd                   0x08006411   Thumb Code    26  stm32f10x_rcc.o(i.RCC_APB2PeriphClockCmd)
    RCC_GetClocksFreq                        0x08006431   Thumb Code   192  stm32f10x_rcc.o(i.RCC_GetClocksFreq)
    Return_Festival                          0x08006505   Thumb Code  4044  festival.o(i.Return_Festival)
    SVC_Handler                              0x080076c5   Thumb Code     2  stm32f10x_it.o(i.SVC_Handler)
    Set_Alarm                                0x080077b1   Thumb Code   162  main.o(i.Set_Alarm)
    SysTick_Handler                          0x080078c5   Thumb Code     2  stm32f10x_it.o(i.SysTick_Handler)
    SystemInit                               0x080078c9   Thumb Code    78  system_stm32f10x.o(i.SystemInit)
    TIM3_IRQHandler                          0x08007929   Thumb Code    34  stm32f10x_it.o(i.TIM3_IRQHandler)
    TIM_ClearITPendingBit                    0x08007955   Thumb Code     6  stm32f10x_tim.o(i.TIM_ClearITPendingBit)
    TIM_Cmd                                  0x0800795b   Thumb Code    24  stm32f10x_tim.o(i.TIM_Cmd)
    TIM_GetITStatus                          0x08007973   Thumb Code    34  stm32f10x_tim.o(i.TIM_GetITStatus)
    TIM_ITConfig                             0x08007995   Thumb Code    18  stm32f10x_tim.o(i.TIM_ITConfig)
    TIM_TimeBaseInit                         0x080079a9   Thumb Code   122  stm32f10x_tim.o(i.TIM_TimeBaseInit)
    USART1_Init                              0x08007a7d   Thumb Code   120  usart.o(i.USART1_Init)
    USART_Cmd                                0x08007afd   Thumb Code    24  stm32f10x_usart.o(i.USART_Cmd)
    USART_Init                               0x08007b15   Thumb Code   210  stm32f10x_usart.o(i.USART_Init)
    UsageFault_Handler                       0x08007bed   Thumb Code     4  stm32f10x_it.o(i.UsageFault_Handler)
    Z10BCD                                   0x08007bf1   Thumb Code    28  main.o(i.Z10BCD)
    __0sprintf                               0x08007c0d   Thumb Code    34  printfa.o(i.__0sprintf)
    __1sprintf                               0x08007c0d   Thumb Code     0  printfa.o(i.__0sprintf)
    __2sprintf                               0x08007c0d   Thumb Code     0  printfa.o(i.__0sprintf)
    __c89sprintf                             0x08007c0d   Thumb Code     0  printfa.o(i.__0sprintf)
    sprintf                                  0x08007c0d   Thumb Code     0  printfa.o(i.__0sprintf)
    __scatterload_copy                       0x08007c35   Thumb Code    14  handlers.o(i.__scatterload_copy)
    __scatterload_null                       0x08007c43   Thumb Code     2  handlers.o(i.__scatterload_null)
    __scatterload_zeroinit                   0x08007c45   Thumb Code    14  handlers.o(i.__scatterload_zeroinit)
    delay_ms                                 0x080084f1   Thumb Code    46  delay.o(i.delay_ms)
    delay_us                                 0x08008525   Thumb Code    46  delay.o(i.delay_us)
    floor                                    0x08008555   Thumb Code   204  floor.o(i.floor)
    main                                     0x08008631   Thumb Code   198  main.o(i.main)
    year_code                                0x08008730   Data         597  calendar.o(.constdata)
    YearMonthBit                             0x08008985   Data         153  calendar.o(.constdata)
    day_code1                                0x08008a1e   Data           9  calendar.o(.constdata)
    day_code2                                0x08008a28   Data           6  calendar.o(.constdata)
    table_week                               0x08008a2e   Data          12  calendar.o(.constdata)
    Region$$Table$$Base                      0x08008c14   Number         0  anon$$obj.o(Region$$Table)
    Region$$Table$$Limit                     0x08008c34   Number         0  anon$$obj.o(Region$$Table)
    KaiJiDongHua                             0x20000014   Data         512  main.o(.data)
    Time_Init                                0x20000214   Data           7  main.o(.data)
    Get_Time                                 0x2000021b   Data           7  main.o(.data)
    Get_Temp                                 0x20000222   Data           2  main.o(.data)
    Now_Time                                 0x20000224   Data           3  main.o(.data)
    Now_Date                                 0x20000227   Data           4  main.o(.data)
    Alarm_State                              0x2000022b   Data           1  main.o(.data)
    Alarm_Data                               0x2000022c   Data           3  main.o(.data)
    temperatureh                             0x2000022f   Data           1  main.o(.data)
    temperaturel                             0x20000230   Data           1  main.o(.data)
    humidityh                                0x20000231   Data           1  main.o(.data)
    humidityl                                0x20000232   Data           1  main.o(.data)
    DHT11_N_P                                0x20000233   Data           1  main.o(.data)
    Alarm_Read                               0x20000234   Data           6  main.o(.data)
    Alarm_Write                              0x2000023a   Data           6  main.o(.data)
    time                                     0x20000240   Data           2  main.o(.data)
    Menu                                     0x20000242   Data           1  main.o(.data)
    Sure_Flag                                0x20000243   Data           1  main.o(.data)
    Time_Flag                                0x20000244   Data           1  main.o(.data)
    Adjust_Sure                              0x20000245   Data           1  main.o(.data)
    Adjust_Choose                            0x20000246   Data           1  main.o(.data)
    Alarm_Flag                               0x20000247   Data           1  main.o(.data)
    Adjust_Alarm                             0x20000248   Data           1  main.o(.data)
    Count_Flag                               0x20000249   Data           1  main.o(.data)
    Z_F_Count                                0x2000024a   Data           1  main.o(.data)
    Input_JS                                 0x2000024b   Data           1  main.o(.data)
    JS_Time                                  0x2000024c   Data           3  main.o(.data)
    ZJS_Status                               0x2000024f   Data           1  main.o(.data)
    DJS_Flag                                 0x20000250   Data           1  main.o(.data)
    DJS_Flag1                                0x20000251   Data           1  main.o(.data)
    DJS_Flag2                                0x20000252   Data           1  main.o(.data)
    DJS_Rest                                 0x20000253   Data           1  main.o(.data)
    DJS_RestAyyr                             0x20000254   Data           3  main.o(.data)
    DJS_Stop                                 0x20000257   Data           1  main.o(.data)
    Chinese                                  0x20000258   Data        2176  lcd12864.o(.data)
    Num32x16                                 0x20000ad8   Data        2240  lcd12864.o(.data)
    Num16x32                                 0x20001398   Data        7936  lcd12864.o(.data)
    Tian_Gan                                 0x200034c0   Data          40  calendar.o(.data)
    Di_Zhi                                   0x200034e8   Data          48  calendar.o(.data)
    Sheng_Xiao                               0x20003518   Data          48  calendar.o(.data)
    TianGan                                  0x20003548   Data           4  calendar.o(.data)
    DiZhi                                    0x2000354c   Data           4  calendar.o(.data)
    ShengXiao                                0x20003550   Data           4  calendar.o(.data)
    RiLi                                     0x20003554   Data           4  calendar.o(.data)
    YueLi                                    0x20003558   Data           4  calendar.o(.data)
    Ri_Li                                    0x2000355c   Data         120  calendar.o(.data)
    Yue_Li                                   0x200035d4   Data          48  calendar.o(.data)
    __initial_sp                             0x20003a08   Data           0  startup_stm32f10x_hd.o(STACK)



==============================================================================

Memory Map of the image

  Image Entry point : 0x08000131

  Load Region LR_IROM1 (Base: 0x08000000, Size: 0x0000c238, Max: 0x00010000, ABSOLUTE, COMPRESSED[0x00009c5c])

    Execution Region ER_IROM1 (Base: 0x08000000, Size: 0x00008c34, Max: 0x00010000, ABSOLUTE)

    Base Addr    Size         Type   Attr      Idx    E Section Name        Object

    0x08000000   0x00000130   Data   RO            3    RESET               startup_stm32f10x_hd.o
    0x08000130   0x00000000   Code   RO         3975  * .ARM.Collect$$$$00000000  mc_w.l(entry.o)
    0x08000130   0x00000004   Code   RO         4261    .ARM.Collect$$$$00000001  mc_w.l(entry2.o)
    0x08000134   0x00000004   Code   RO         4264    .ARM.Collect$$$$00000004  mc_w.l(entry5.o)
    0x08000138   0x00000000   Code   RO         4266    .ARM.Collect$$$$00000008  mc_w.l(entry7b.o)
    0x08000138   0x00000000   Code   RO         4268    .ARM.Collect$$$$0000000A  mc_w.l(entry8b.o)
    0x08000138   0x00000008   Code   RO         4269    .ARM.Collect$$$$0000000B  mc_w.l(entry9a.o)
    0x08000140   0x00000000   Code   RO         4271    .ARM.Collect$$$$0000000D  mc_w.l(entry10a.o)
    0x08000140   0x00000000   Code   RO         4273    .ARM.Collect$$$$0000000F  mc_w.l(entry11a.o)
    0x08000140   0x00000004   Code   RO         4262    .ARM.Collect$$$$00002712  mc_w.l(entry2.o)
    0x08000144   0x00000024   Code   RO            4    .text               startup_stm32f10x_hd.o
    0x08000168   0x00000018   Code   RO         3978    .text               mc_w.l(strncpy.o)
    0x08000180   0x0000000e   Code   RO         3980    .text               mc_w.l(strlen.o)
    0x0800018e   0x0000014e   Code   RO         4243    .text               mf_w.l(dadd.o)
    0x080002dc   0x000000e4   Code   RO         4245    .text               mf_w.l(dmul.o)
    0x080003c0   0x000000de   Code   RO         4247    .text               mf_w.l(ddiv.o)
    0x0800049e   0x00000022   Code   RO         4249    .text               mf_w.l(dflti.o)
    0x080004c0   0x0000001a   Code   RO         4251    .text               mf_w.l(dfltui.o)
    0x080004da   0x00000028   Code   RO         4253    .text               mf_w.l(dfltl.o)
    0x08000502   0x0000003e   Code   RO         4255    .text               mf_w.l(dfixi.o)
    0x08000540   0x0000004a   Code   RO         4257    .text               mf_w.l(dfixl.o)
    0x0800058a   0x00000002   PAD
    0x0800058c   0x00000028   Code   RO         4259    .text               mf_w.l(cdcmple.o)
    0x080005b4   0x0000002c   Code   RO         4276    .text               mc_w.l(uidiv.o)
    0x080005e0   0x00000062   Code   RO         4278    .text               mc_w.l(uldiv.o)
    0x08000642   0x0000001e   Code   RO         4280    .text               mc_w.l(llshl.o)
    0x08000660   0x00000020   Code   RO         4282    .text               mc_w.l(llushr.o)
    0x08000680   0x00000024   Code   RO         4284    .text               mc_w.l(llsshr.o)
    0x080006a4   0x00000000   Code   RO         4286    .text               mc_w.l(iusefp.o)
    0x080006a4   0x000000b6   Code   RO         4287    .text               mf_w.l(depilogue.o)
    0x0800075a   0x00000030   Code   RO         4289    .text               mf_w.l(dfixul.o)
    0x0800078a   0x00000002   PAD
    0x0800078c   0x00000028   Code   RO         4291    .text               mf_w.l(cdrcmple.o)
    0x080007b4   0x00000024   Code   RO         4293    .text               mc_w.l(init.o)
    0x080007d8   0x0000005e   Code   RO         4303    .text               mc_w.l(__dclz77c.o)
    0x08000836   0x0000006a   Code   RO         3709    i.AT24C32_PageRead  at24c32.o
    0x080008a0   0x00000068   Code   RO         3710    i.AT24C32_PageWrite  at24c32.o
    0x08000908   0x00000046   Code   RO         3711    i.AT24C32_ReadOneByte  at24c32.o
    0x0800094e   0x00000050   Code   RO         3712    i.AT24C32_WriteOneByte  at24c32.o
    0x0800099e   0x00000014   Code   RO         3108    i.BCDTO10           main.o
    0x080009b2   0x00000008   Code   RO         3954    i.BasicTime_Init    time.o
    0x080009ba   0x00000004   Code   RO         3216    i.BusFault_Handler  stm32f10x_it.o
    0x080009be   0x00000002   PAD
    0x080009c0   0x00000340   Code   RO         3109    i.Clock_Basic_Disp  main.o
    0x08000d00   0x00000064   Code   RO         3912    i.DHT11_Check       dht11.o
    0x08000d64   0x0000003c   Code   RO         3913    i.DHT11_Init        dht11.o
    0x08000da0   0x0000004c   Code   RO         3914    i.DHT11_Read_Bit    dht11.o
    0x08000dec   0x0000001e   Code   RO         3915    i.DHT11_Read_Byte   dht11.o
    0x08000e0a   0x00000094   Code   RO         3916    i.DHT11_Read_Data   dht11.o
    0x08000e9e   0x00000002   PAD
    0x08000ea0   0x00000040   Code   RO         3917    i.DHT11_Rst         dht11.o
    0x08000ee0   0x00000002   Code   RO         3217    i.DebugMon_Handler  stm32f10x_it.o
    0x08000ee2   0x00000018   Code   RO         3314    i.Delay_ms          delay.o
    0x08000efa   0x0000002e   Code   RO         3316    i.Delay_us          delay.o
    0x08000f28   0x00000634   Code   RO         3882    i.Festival_Yearly   festival.o
    0x0800155c   0x00000116   Code   RO         1292    i.GPIO_Init         stm32f10x_gpio.o
    0x08001672   0x00000004   Code   RO         1299    i.GPIO_ResetBits    stm32f10x_gpio.o
    0x08001676   0x00000004   Code   RO         1300    i.GPIO_SetBits      stm32f10x_gpio.o
    0x0800167a   0x00000002   PAD
    0x0800167c   0x00000208   Code   RO         3834    i.GetChinaCalendar  calendar.o
    0x08001884   0x00000120   Code   RO         3835    i.GetMoonDay        calendar.o
    0x080019a4   0x00000090   Code   RO         3837    i.Get_TianGan_DiZhi_ShengXiao  calendar.o
    0x08001a34   0x00000004   Code   RO         3218    i.HardFault_Handler  stm32f10x_it.o
    0x08001a38   0x00000050   Code   RO         3775    i.IIC_ACK           iic.o
    0x08001a88   0x00000020   Code   RO         3776    i.IIC_Delay         iic.o
    0x08001aa8   0x0000002c   Code   RO         3777    i.IIC_GPIO_Config   iic.o
    0x08001ad4   0x00000048   Code   RO         3778    i.IIC_NACK          iic.o
    0x08001b1c   0x0000005c   Code   RO         3779    i.IIC_ReadByte      iic.o
    0x08001b78   0x0000006c   Code   RO         3740    i.IIC_ReadMultiByte  ds3231.o
    0x08001be4   0x0000004c   Code   RO         3780    i.IIC_Start         iic.o
    0x08001c30   0x00000048   Code   RO         3781    i.IIC_Stop          iic.o
    0x08001c78   0x0000006c   Code   RO         3782    i.IIC_WaitACK       iic.o
    0x08001ce4   0x00000074   Code   RO         3783    i.IIC_WriteByte     iic.o
    0x08001d58   0x00000052   Code   RO         3742    i.IIC_WriteMultiByte  ds3231.o
    0x08001daa   0x00000002   PAD
    0x08001dac   0x00000134   Code   RO         3838    i.Judge_Week        calendar.o
    0x08001ee0   0x00003b94   Code   RO         3110    i.KEY_Timing        main.o
    0x08005a74   0x00000010   Code   RO         3408    i.LCD12864_Clear    lcd12864.o
    0x08005a84   0x00000048   Code   RO         3409    i.LCD12864_Dis_humid  lcd12864.o
    0x08005acc   0x000000b4   Code   RO         3412    i.LCD12864_Disp_Data  lcd12864.o
    0x08005b80   0x00000088   Code   RO         3413    i.LCD12864_Disp_Temp  lcd12864.o
    0x08005c08   0x000000d8   Code   RO         3414    i.LCD12864_DisplayFlaotInt  lcd12864.o
    0x08005ce0   0x00000022   Code   RO         3419    i.LCD12864_DisplayStrChin  lcd12864.o
    0x08005d02   0x00000056   Code   RO         3422    i.LCD12864_DrawClear  lcd12864.o
    0x08005d58   0x0000008c   Code   RO         3431    i.LCD12864_DrowPicNum  lcd12864.o
    0x08005de4   0x000000ac   Code   RO         3432    i.LCD12864_DrowPicNumX  lcd12864.o
    0x08005e90   0x000000ac   Code   RO         3433    i.LCD12864_DrowSet  lcd12864.o
    0x08005f3c   0x0000008c   Code   RO         3434    i.LCD12864_DrowWeek  lcd12864.o
    0x08005fc8   0x0000002c   Code   RO         3435    i.LCD12864_GPIO_Congigure  lcd12864.o
    0x08005ff4   0x00000044   Code   RO         3436    i.LCD12864_Init     lcd12864.o
    0x08006038   0x00000024   Code   RO         3364    i.LCD12864_KEY_Congigure  gpio.o
    0x0800605c   0x0000002c   Code   RO         3365    i.LCD12864_LED_BACK  gpio.o
    0x08006088   0x00000038   Code   RO         3438    i.LCD12864_SetDispTime  lcd12864.o
    0x080060c0   0x0000004a   Code   RO         3439    i.LCD12864_SetLocal  lcd12864.o
    0x0800610a   0x00000002   PAD
    0x0800610c   0x000000fc   Code   RO         3440    i.LCD12864_WriteCmd  lcd12864.o
    0x08006208   0x000000fc   Code   RO         3441    i.LCD12864_WriteData  lcd12864.o
    0x08006304   0x00000038   Code   RO         3111    i.LCD_Control_BK    main.o
    0x0800633c   0x00000004   Code   RO         3219    i.MemManage_Handler  stm32f10x_it.o
    0x08006340   0x00000002   Code   RO         3220    i.NMI_Handler       stm32f10x_it.o
    0x08006342   0x00000026   Code   RO         3382    i.NVIC_Configure    nvic.o
    0x08006368   0x00000070   Code   RO          137    i.NVIC_Init         misc.o
    0x080063d8   0x00000014   Code   RO          138    i.NVIC_PriorityGroupConfig  misc.o
    0x080063ec   0x00000002   Code   RO         3221    i.PendSV_Handler    stm32f10x_it.o
    0x080063ee   0x00000002   PAD
    0x080063f0   0x00000020   Code   RO         1708    i.RCC_APB1PeriphClockCmd  stm32f10x_rcc.o
    0x08006410   0x00000020   Code   RO         1710    i.RCC_APB2PeriphClockCmd  stm32f10x_rcc.o
    0x08006430   0x000000d4   Code   RO         1718    i.RCC_GetClocksFreq  stm32f10x_rcc.o
    0x08006504   0x000011c0   Code   RO         3885    i.Return_Festival   festival.o
    0x080076c4   0x00000002   Code   RO         3222    i.SVC_Handler       stm32f10x_it.o
    0x080076c6   0x00000008   Code   RO           24    i.SetSysClock       system_stm32f10x.o
    0x080076ce   0x00000002   PAD
    0x080076d0   0x000000e0   Code   RO           25    i.SetSysClockTo72   system_stm32f10x.o
    0x080077b0   0x000000c0   Code   RO         3112    i.Set_Alarm         main.o
    0x08007870   0x00000054   Code   RO         3317    i.SysTick_Config    delay.o
    0x080078c4   0x00000002   Code   RO         3223    i.SysTick_Handler   stm32f10x_it.o
    0x080078c6   0x00000002   PAD
    0x080078c8   0x00000060   Code   RO           27    i.SystemInit        system_stm32f10x.o
    0x08007928   0x0000002c   Code   RO         3224    i.TIM3_IRQHandler   stm32f10x_it.o
    0x08007954   0x00000006   Code   RO         2337    i.TIM_ClearITPendingBit  stm32f10x_tim.o
    0x0800795a   0x00000018   Code   RO         2342    i.TIM_Cmd           stm32f10x_tim.o
    0x08007972   0x00000022   Code   RO         2363    i.TIM_GetITStatus   stm32f10x_tim.o
    0x08007994   0x00000012   Code   RO         2367    i.TIM_ITConfig      stm32f10x_tim.o
    0x080079a6   0x00000002   PAD
    0x080079a8   0x000000a4   Code   RO         2413    i.TIM_TimeBaseInit  stm32f10x_tim.o
    0x08007a4c   0x00000030   Code   RO         3955    i.Time_Configure    time.o
    0x08007a7c   0x00000080   Code   RO         3643    i.USART1_Init       usart.o
    0x08007afc   0x00000018   Code   RO         2878    i.USART_Cmd         stm32f10x_usart.o
    0x08007b14   0x000000d8   Code   RO         2885    i.USART_Init        stm32f10x_usart.o
    0x08007bec   0x00000004   Code   RO         3225    i.UsageFault_Handler  stm32f10x_it.o
    0x08007bf0   0x0000001c   Code   RO         3113    i.Z10BCD            main.o
    0x08007c0c   0x00000028   Code   RO         4217    i.__0sprintf        mc_w.l(printfa.o)
    0x08007c34   0x0000000e   Code   RO         4297    i.__scatterload_copy  mc_w.l(handlers.o)
    0x08007c42   0x00000002   Code   RO         4298    i.__scatterload_null  mc_w.l(handlers.o)
    0x08007c44   0x0000000e   Code   RO         4299    i.__scatterload_zeroinit  mc_w.l(handlers.o)
    0x08007c52   0x00000002   PAD
    0x08007c54   0x00000164   Code   RO         4222    i._fp_digits        mc_w.l(printfa.o)
    0x08007db8   0x000006dc   Code   RO         4223    i._printf_core      mc_w.l(printfa.o)
    0x08008494   0x00000024   Code   RO         4224    i._printf_post_padding  mc_w.l(printfa.o)
    0x080084b8   0x0000002e   Code   RO         4225    i._printf_pre_padding  mc_w.l(printfa.o)
    0x080084e6   0x0000000a   Code   RO         4227    i._sputc            mc_w.l(printfa.o)
    0x080084f0   0x00000034   Code   RO         3318    i.delay_ms          delay.o
    0x08008524   0x0000002e   Code   RO         3319    i.delay_us          delay.o
    0x08008552   0x00000002   PAD
    0x08008554   0x000000dc   Code   RO         3972    i.floor             m_ws.l(floor.o)
    0x08008630   0x00000100   Code   RO         3114    i.main              main.o
    0x08008730   0x0000030a   Data   RO         3840    .constdata          calendar.o
    0x08008a3a   0x00000002   PAD
    0x08008a3c   0x000001b9   Data   RO         3841    .conststring        calendar.o
    0x08008bf5   0x00000003   PAD
    0x08008bf8   0x0000001a   Data   RO         3842    .conststrlit        calendar.o
    0x08008c12   0x00000002   PAD
    0x08008c14   0x00000020   Data   RO         4295    Region$$Table       anon$$obj.o


    Execution Region RW_IRAM1 (Base: 0x20000000, Size: 0x00003a08, Max: 0x00005000, ABSOLUTE, COMPRESSED[0x00001028])

    Base Addr    Size         Type   Attr      Idx    E Section Name        Object

    0x20000000   0x00000014   Data   RW         1738    .data               stm32f10x_rcc.o
    0x20000014   0x00000244   Data   RW         3115    .data               main.o
    0x20000258   0x00003268   Data   RW         3442    .data               lcd12864.o
    0x200034c0   0x00000144   Data   RW         3843    .data               calendar.o
    0x20003604   0x00000004   PAD
    0x20003608   0x00000400   Zero   RW            1    STACK               startup_stm32f10x_hd.o


==============================================================================

Image component sizes


      Code (inc. data)   RO Data    RW Data    ZI Data      Debug   Object Name

       360          0          0          0          0       3012   at24c32.o
      1260         86       1245        324          0       5038   calendar.o
         0          0          0          0          0       4264   core_cm3.o
       252         14          0          0          0      17799   delay.o
       478         32          0          0          0       4032   dht11.o
       190          0          0          0          0       1685   ds3231.o
      6132       2502          0          0          0       5112   festival.o
        80         10          0          0          0       1073   gpio.o
       692         96          0          0          0       4587   iic.o
      2110        196          0      12904          0      12778   lcd12864.o
     16636        708          0        580          0      14116   main.o
       132         22          0          0          0       1731   misc.o
        38          0          0          0          0        513   nvic.o
        36          8        304          0       1024        860   startup_stm32f10x_hd.o
       286          0          0          0          0       3276   stm32f10x_gpio.o
        70         10          0          0          0       4508   stm32f10x_it.o
       276         32          0         20          0       4730   stm32f10x_rcc.o
       246         42          0          0          0       3914   stm32f10x_tim.o
       240          6          0          0          0       3021   stm32f10x_usart.o
       328         28          0          0          0     249329   system_stm32f10x.o
        56          4          0          0          0        965   time.o
       128          8          0          0          0        662   usart.o

    ----------------------------------------------------------------------
     30046       3804       1588      13828       1028     347005   Object Totals
         0          0         32          0          0          0   (incl. Generated)
        20          0          7          0          4          0   (incl. Padding)

    ----------------------------------------------------------------------

      Code (inc. data)   RO Data    RW Data    ZI Data      Debug   Library Member Name

       220         16          0          0          0         84   floor.o
        94          0          0          0          0          0   __dclz77c.o
         0          0          0          0          0          0   entry.o
         0          0          0          0          0          0   entry10a.o
         0          0          0          0          0          0   entry11a.o
         8          4          0          0          0          0   entry2.o
         4          0          0          0          0          0   entry5.o
         0          0          0          0          0          0   entry7b.o
         0          0          0          0          0          0   entry8b.o
         8          4          0          0          0          0   entry9a.o
        30          0          0          0          0          0   handlers.o
        36          8          0          0          0         68   init.o
         0          0          0          0          0          0   iusefp.o
        30          0          0          0          0         68   llshl.o
        36          0          0          0          0         68   llsshr.o
        32          0          0          0          0         68   llushr.o
      2244         86          0          0          0        512   printfa.o
        14          0          0          0          0         68   strlen.o
        24          0          0          0          0         76   strncpy.o
        44          0          0          0          0         80   uidiv.o
        98          0          0          0          0         92   uldiv.o
        40          2          0          0          0         68   cdcmple.o
        40          2          0          0          0         68   cdrcmple.o
       334          0          0          0          0        148   dadd.o
       222          0          0          0          0        100   ddiv.o
       182          0          0          0          0        176   depilogue.o
        62          0          0          0          0         80   dfixi.o
        74          0          0          0          0         80   dfixl.o
        48          0          0          0          0         68   dfixul.o
        34          0          0          0          0         76   dflti.o
        40          0          0          0          0         80   dfltl.o
        26          0          0          0          0         76   dfltui.o
       228          0          0          0          0         96   dmul.o

    ----------------------------------------------------------------------
      4258        122          0          0          0       2300   Library Totals
         6          0          0          0          0          0   (incl. Padding)

    ----------------------------------------------------------------------

      Code (inc. data)   RO Data    RW Data    ZI Data      Debug   Library Name

       220         16          0          0          0         84   m_ws.l
      2702        102          0          0          0       1100   mc_w.l
      1330          4          0          0          0       1116   mf_w.l

    ----------------------------------------------------------------------
      4258        122          0          0          0       2300   Library Totals

    ----------------------------------------------------------------------

==============================================================================


      Code (inc. data)   RO Data    RW Data    ZI Data      Debug   

     34304       3926       1588      13828       1028     343765   Grand Totals
     34304       3926       1588       4136       1028     343765   ELF Image Totals (compressed)
     34304       3926       1588       4136          0          0   ROM Totals

==============================================================================

    Total RO  Size (Code + RO Data)                35892 (  35.05kB)
    Total RW  Size (RW Data + ZI Data)             14856 (  14.51kB)
    Total ROM Size (Code + RO Data + RW Data)      40028 (  39.09kB)

==============================================================================

