<html>
<body>
<pre>
<h1>礦ision Build Log</h1>
<h2>Project:</h2>
D:\myDoc\STM32\Projects\李正海万年历\李正海-万年历\Project\Li_Zhenghai.uvprojx
Project File Date:  03/24/2021

<h2>Output:</h2>
Rebuild target 'Li_Zhenghai'
assembling startup_stm32f10x_hd.s...
compiling core_cm3.c...
compiling system_stm32f10x.c...
compiling misc.c...
compiling stm32f10x_adc.c...
compiling stm32f10x_bkp.c...
compiling stm32f10x_can.c...
compiling stm32f10x_cec.c...
compiling stm32f10x_crc.c...
compiling stm32f10x_dac.c...
compiling stm32f10x_dbgmcu.c...
compiling stm32f10x_dma.c...
compiling stm32f10x_exti.c...
compiling stm32f10x_flash.c...
compiling stm32f10x_fsmc.c...
compiling stm32f10x_gpio.c...
compiling stm32f10x_i2c.c...
compiling stm32f10x_iwdg.c...
compiling stm32f10x_pwr.c...
compiling stm32f10x_rcc.c...
compiling stm32f10x_rtc.c...
compiling stm32f10x_sdio.c...
compiling stm32f10x_spi.c...
compiling stm32f10x_tim.c...
compiling stm32f10x_usart.c...
compiling stm32f10x_wwdg.c...
compiling main.c...
compiling stm32f10x_it.c...
compiling rcc.c...
compiling GPIO_Bit_Config.c...
compiling delay.c...
compiling gpio.c...
compiling nvic.c...
compiling exit.c...
compiling lcd12864.c...
compiling usart.c...
compiling at24c32.c...
compiling ds3231.c...
compiling iic.c...
compiling calendar.c...
compiling festival.c...
compiling dht11.c...
compiling time.c...
linking...
Program Size: Code=34304 RO-data=1588 RW-data=13828 ZI-data=1028  
FromELF: creating hex file...
".\Objects\Li_Zhenghai.axf" - 0 Error(s), 0 Warning(s).
</pre>
</body>
</html>
