<html>
<body>
<pre>
<h1>礦ision Build Log</h1>
<h2>Project:</h2>
F:\(2016~2017 1)\嵌入式\课件（未完成）\期末设计\给学生的模板\Project\RVMDK（uv4）\iSO-STM32.uvproj
Project File Date:  12/02/2016

<h2>Output:</h2>
Build target 'Template'
assembling startup_stm32f10x_hd.s...
compiling core_cm3.c...
compiling system_stm32f10x.c...
compiling stm32f10x_gpio.c...
compiling stm32f10x_rcc.c...
compiling misc.c...
compiling stm32f10x_exti.c...
compiling stm32f10x_fsmc.c...
compiling stm32f10x_spi.c...
compiling stm32f10x_bkp.c...
compiling stm32f10x_pwr.c...
compiling stm32f10x_rtc.c...
compiling stm32f10x_tim.c...
compiling main.c...
compiling bsp_ili9341_lcd.c...
compiling bsp_lcd.c...
compiling bsp_xpt2046_lcd.c...
compiling fatfs_flash_spi.c...
compiling stm32f10x_it.c...
linking...
Program Size: Code=13524 RO-data=21900 RW-data=112 ZI-data=1040  
FromELF: creating hex file...
User command #1: C:\Program Files (x86)\Keil\ARM\BIN40\fromelf.exe --bin --output ../../Output/Template.bin ../../Output/Template.axf
--- Error: User Command terminated, Exit-Code = 1
"..\..\Output\Template.axf" - 1 Error(s), 0 Warning(s).
Build target 'Template'
linking...
Program Size: Code=13524 RO-data=21900 RW-data=112 ZI-data=1040  
FromELF: creating hex file...
"..\..\Output\Template.axf" - 0 Error(s), 0 Warning(s).
