Product: MDK-ARM Standard 5.10
Component: ARM Compiler 5.04 update 1 (build 49)
Tool: armlink [5040049]

==============================================================================

Section Cross References

    startup_stm32f10x_hd.o(RESET) refers to startup_stm32f10x_hd.o(STACK) for __initial_sp
    startup_stm32f10x_hd.o(RESET) refers to startup_stm32f10x_hd.o(.text) for Reset_Handler
    startup_stm32f10x_hd.o(RESET) refers to stm32f10x_it.o(i.NMI_Handler) for NMI_Handler
    startup_stm32f10x_hd.o(RESET) refers to stm32f10x_it.o(i.HardFault_Handler) for HardFault_Handler
    startup_stm32f10x_hd.o(RESET) refers to stm32f10x_it.o(i.MemManage_Handler) for MemManage_Handler
    startup_stm32f10x_hd.o(RESET) refers to stm32f10x_it.o(i.BusFault_Handler) for BusFault_Handler
    startup_stm32f10x_hd.o(RESET) refers to stm32f10x_it.o(i.UsageFault_Handler) for UsageFault_Handler
    startup_stm32f10x_hd.o(RESET) refers to stm32f10x_it.o(i.SVC_Handler) for SVC_Handler
    startup_stm32f10x_hd.o(RESET) refers to stm32f10x_it.o(i.DebugMon_Handler) for DebugMon_Handler
    startup_stm32f10x_hd.o(RESET) refers to stm32f10x_it.o(i.PendSV_Handler) for PendSV_Handler
    startup_stm32f10x_hd.o(RESET) refers to stm32f10x_it.o(i.SysTick_Handler) for SysTick_Handler
    startup_stm32f10x_hd.o(RESET) refers to stm32f10x_it.o(i.RTC_IRQHandler) for RTC_IRQHandler
    startup_stm32f10x_hd.o(RESET) refers to stm32f10x_it.o(i.EXTI0_IRQHandler) for EXTI0_IRQHandler
    startup_stm32f10x_hd.o(RESET) refers to stm32f10x_it.o(i.EXTI4_IRQHandler) for EXTI4_IRQHandler
    startup_stm32f10x_hd.o(RESET) refers to stm32f10x_it.o(i.TIM2_IRQHandler) for TIM2_IRQHandler
    startup_stm32f10x_hd.o(RESET) refers to stm32f10x_it.o(i.EXTI15_10_IRQHandler) for EXTI15_10_IRQHandler
    startup_stm32f10x_hd.o(RESET) refers to stm32f10x_it.o(i.TIM6_IRQHandler) for TIM6_IRQHandler
    startup_stm32f10x_hd.o(RESET) refers to stm32f10x_it.o(i.TIM7_IRQHandler) for TIM7_IRQHandler
    startup_stm32f10x_hd.o(.text) refers to system_stm32f10x.o(i.SystemInit) for SystemInit
    startup_stm32f10x_hd.o(.text) refers to entry.o(.ARM.Collect$$$$00000000) for __main
    system_stm32f10x.o(i.SetSysClock) refers to system_stm32f10x.o(i.SetSysClockTo72) for SetSysClockTo72
    system_stm32f10x.o(i.SystemCoreClockUpdate) refers to system_stm32f10x.o(.data) for SystemCoreClock
    system_stm32f10x.o(i.SystemInit) refers to system_stm32f10x.o(i.SetSysClock) for SetSysClock
    stm32f10x_gpio.o(i.GPIO_AFIODeInit) refers to stm32f10x_rcc.o(i.RCC_APB2PeriphResetCmd) for RCC_APB2PeriphResetCmd
    stm32f10x_gpio.o(i.GPIO_DeInit) refers to stm32f10x_rcc.o(i.RCC_APB2PeriphResetCmd) for RCC_APB2PeriphResetCmd
    stm32f10x_rcc.o(i.RCC_GetClocksFreq) refers to stm32f10x_rcc.o(.data) for APBAHBPrescTable
    stm32f10x_rcc.o(i.RCC_WaitForHSEStartUp) refers to stm32f10x_rcc.o(i.RCC_GetFlagStatus) for RCC_GetFlagStatus
    stm32f10x_spi.o(i.I2S_Init) refers to stm32f10x_rcc.o(i.RCC_GetClocksFreq) for RCC_GetClocksFreq
    stm32f10x_spi.o(i.SPI_I2S_DeInit) refers to stm32f10x_rcc.o(i.RCC_APB2PeriphResetCmd) for RCC_APB2PeriphResetCmd
    stm32f10x_spi.o(i.SPI_I2S_DeInit) refers to stm32f10x_rcc.o(i.RCC_APB1PeriphResetCmd) for RCC_APB1PeriphResetCmd
    stm32f10x_bkp.o(i.BKP_DeInit) refers to stm32f10x_rcc.o(i.RCC_BackupResetCmd) for RCC_BackupResetCmd
    stm32f10x_pwr.o(i.PWR_DeInit) refers to stm32f10x_rcc.o(i.RCC_APB1PeriphResetCmd) for RCC_APB1PeriphResetCmd
    stm32f10x_rtc.o(i.RTC_SetAlarm) refers to stm32f10x_rtc.o(i.RTC_EnterConfigMode) for RTC_EnterConfigMode
    stm32f10x_rtc.o(i.RTC_SetAlarm) refers to stm32f10x_rtc.o(i.RTC_ExitConfigMode) for RTC_ExitConfigMode
    stm32f10x_rtc.o(i.RTC_SetCounter) refers to stm32f10x_rtc.o(i.RTC_EnterConfigMode) for RTC_EnterConfigMode
    stm32f10x_rtc.o(i.RTC_SetCounter) refers to stm32f10x_rtc.o(i.RTC_ExitConfigMode) for RTC_ExitConfigMode
    stm32f10x_rtc.o(i.RTC_SetPrescaler) refers to stm32f10x_rtc.o(i.RTC_EnterConfigMode) for RTC_EnterConfigMode
    stm32f10x_rtc.o(i.RTC_SetPrescaler) refers to stm32f10x_rtc.o(i.RTC_ExitConfigMode) for RTC_ExitConfigMode
    stm32f10x_tim.o(i.TIM_DeInit) refers to stm32f10x_rcc.o(i.RCC_APB2PeriphResetCmd) for RCC_APB2PeriphResetCmd
    stm32f10x_tim.o(i.TIM_DeInit) refers to stm32f10x_rcc.o(i.RCC_APB1PeriphResetCmd) for RCC_APB1PeriphResetCmd
    stm32f10x_tim.o(i.TIM_ETRClockMode1Config) refers to stm32f10x_tim.o(i.TIM_ETRConfig) for TIM_ETRConfig
    stm32f10x_tim.o(i.TIM_ETRClockMode2Config) refers to stm32f10x_tim.o(i.TIM_ETRConfig) for TIM_ETRConfig
    stm32f10x_tim.o(i.TIM_ICInit) refers to stm32f10x_tim.o(i.TI1_Config) for TI1_Config
    stm32f10x_tim.o(i.TIM_ICInit) refers to stm32f10x_tim.o(i.TIM_SetIC1Prescaler) for TIM_SetIC1Prescaler
    stm32f10x_tim.o(i.TIM_ICInit) refers to stm32f10x_tim.o(i.TI2_Config) for TI2_Config
    stm32f10x_tim.o(i.TIM_ICInit) refers to stm32f10x_tim.o(i.TIM_SetIC2Prescaler) for TIM_SetIC2Prescaler
[...]
    i.EXTI15_10_IRQHandler                   0x08001448   Section        0  stm32f10x_it.o(i.EXTI15_10_IRQHandler)
    i.EXTI4_IRQHandler                       0x080014b0   Section        0  stm32f10x_it.o(i.EXTI4_IRQHandler)
    i.EXTI_ClearITPendingBit                 0x080014e0   Section        0  stm32f10x_exti.o(i.EXTI_ClearITPendingBit)
    i.EXTI_GetITStatus                       0x080014ec   Section        0  stm32f10x_exti.o(i.EXTI_GetITStatus)
    i.EXTI_Init                              0x08001514   Section        0  stm32f10x_exti.o(i.EXTI_Init)
    i.FLASH_SPI_initialize                   0x080015a8   Section        0  fatfs_flash_spi.o(i.FLASH_SPI_initialize)
    i.FSMC_NORSRAMCmd                        0x08001680   Section        0  stm32f10x_fsmc.o(i.FSMC_NORSRAMCmd)
    i.FSMC_NORSRAMInit                       0x080016b4   Section        0  stm32f10x_fsmc.o(i.FSMC_NORSRAMInit)
    i.Flash_TouchCalibrate                   0x0800179c   Section        0  main.o(i.Flash_TouchCalibrate)
    i.GPIO_Configuration                     0x080017f0   Section        0  main.o(i.GPIO_Configuration)
    i.GPIO_EXTILineConfig                    0x08001864   Section        0  stm32f10x_gpio.o(i.GPIO_EXTILineConfig)
    i.GPIO_Init                              0x080018a4   Section        0  stm32f10x_gpio.o(i.GPIO_Init)
    i.GPIO_ReadInputDataBit                  0x080019ba   Section        0  stm32f10x_gpio.o(i.GPIO_ReadInputDataBit)
    i.GPIO_ResetBits                         0x080019cc   Section        0  stm32f10x_gpio.o(i.GPIO_ResetBits)
    i.GPIO_SetBits                           0x080019d0   Section        0  stm32f10x_gpio.o(i.GPIO_SetBits)
    i.GetChinaCalendar                       0x080019d4   Section        0  bsp_calendar.o(i.GetChinaCalendar)
    i.GetChinaCalendarStr                    0x08001bdc   Section        0  bsp_calendar.o(i.GetChinaCalendarStr)
    i.GetGBKCode_from_EXFlash                0x08001c5c   Section        0  fatfs_flash_spi.o(i.GetGBKCode_from_EXFlash)
    i.GetMoonDay                             0x08001c90   Section        0  bsp_calendar.o(i.GetMoonDay)
    i.Get_TouchKey                           0x08001db0   Section        0  main.o(i.Get_TouchKey)
    i.Get_Week                               0x08002478   Section        0  main.o(i.Get_Week)
    i.HardFault_Handler                      0x080024f6   Section        0  stm32f10x_it.o(i.HardFault_Handler)
    i.ILI9341_BackLed_Control                0x080024fc   Section        0  bsp_ili9341_lcd.o(i.ILI9341_BackLed_Control)
    i.ILI9341_Clear                          0x08002520   Section        0  bsp_ili9341_lcd.o(i.ILI9341_Clear)
    i.ILI9341_Delay                          0x0800254a   Section        0  bsp_ili9341_lcd.o(i.ILI9341_Delay)
    ILI9341_Delay                            0x0800254b   Thumb Code    18  bsp_ili9341_lcd.o(i.ILI9341_Delay)
    i.ILI9341_DispChar_CH                    0x0800255c   Section        0  bsp_ili9341_lcd.o(i.ILI9341_DispChar_CH)
    i.ILI9341_DispChar_EN                    0x080025e4   Section        0  bsp_ili9341_lcd.o(i.ILI9341_DispChar_EN)
    i.ILI9341_DispChar_EN_32                 0x08002650   Section        0  bsp_ili9341_lcd.o(i.ILI9341_DispChar_EN_32)
    i.ILI9341_DispChar_EN_48                 0x080026e4   Section        0  bsp_ili9341_lcd.o(i.ILI9341_DispChar_EN_48)
    i.ILI9341_DispString_CH                  0x080027b8   Section        0  bsp_ili9341_lcd.o(i.ILI9341_DispString_CH)
    i.ILI9341_DispString_EN                  0x08002814   Section        0  bsp_ili9341_lcd.o(i.ILI9341_DispString_EN)
    i.ILI9341_DispString_EN_32               0x08002866   Section        0  bsp_ili9341_lcd.o(i.ILI9341_DispString_EN_32)
    i.ILI9341_DispString_EN_48               0x080028b8   Section        0  bsp_ili9341_lcd.o(i.ILI9341_DispString_EN_48)
    i.ILI9341_DispString_EN_CH               0x0800290a   Section        0  bsp_ili9341_lcd.o(i.ILI9341_DispString_EN_CH)
    i.ILI9341_DrawCircle                     0x080029a4   Section        0  bsp_ili9341_lcd.o(i.ILI9341_DrawCircle)
    i.ILI9341_DrawCross                      0x08002afc   Section        0  bsp_xpt2046_lcd.o(i.ILI9341_DrawCross)
    ILI9341_DrawCross                        0x08002afd   Thumb Code    52  bsp_xpt2046_lcd.o(i.ILI9341_DrawCross)
    i.ILI9341_DrawLine                       0x08002b30   Section        0  bsp_ili9341_lcd.o(i.ILI9341_DrawLine)
    i.ILI9341_DrawRectangle                  0x08002bde   Section        0  bsp_ili9341_lcd.o(i.ILI9341_DrawRectangle)
    i.ILI9341_FSMC_Config                    0x08002c6a   Section        0  bsp_ili9341_lcd.o(i.ILI9341_FSMC_Config)
    ILI9341_FSMC_Config                      0x08002c6b   Thumb Code   100  bsp_ili9341_lcd.o(i.ILI9341_FSMC_Config)
    i.ILI9341_FillColor                      0x08002cce   Section        0  bsp_ili9341_lcd.o(i.ILI9341_FillColor)
    ILI9341_FillColor                        0x08002ccf   Thumb Code    32  bsp_ili9341_lcd.o(i.ILI9341_FillColor)
    i.ILI9341_GPIO_Config                    0x08002cf0   Section        0  bsp_ili9341_lcd.o(i.ILI9341_GPIO_Config)
    ILI9341_GPIO_Config                      0x08002cf1   Thumb Code   220  bsp_ili9341_lcd.o(i.ILI9341_GPIO_Config)
    i.ILI9341_GramScan                       0x08002dd4   Section        0  bsp_ili9341_lcd.o(i.ILI9341_GramScan)
    i.ILI9341_Init                           0x08002f1c   Section        0  bsp_ili9341_lcd.o(i.ILI9341_Init)
    i.ILI9341_OpenWindow                     0x08002f36   Section        0  bsp_ili9341_lcd.o(i.ILI9341_OpenWindow)
    i.ILI9341_REG_Config                     0x08002f98   Section        0  bsp_ili9341_lcd.o(i.ILI9341_REG_Config)
    ILI9341_REG_Config                       0x08002f99   Thumb Code   556  bsp_ili9341_lcd.o(i.ILI9341_REG_Config)
    i.ILI9341_Rst                            0x080031c8   Section        0  bsp_ili9341_lcd.o(i.ILI9341_Rst)
    i.ILI9341_SetCursor                      0x080031f0   Section        0  bsp_ili9341_lcd.o(i.ILI9341_SetCursor)
    ILI9341_SetCursor                        0x080031f1   Thumb Code    20  bsp_ili9341_lcd.o(i.ILI9341_SetCursor)
    i.ILI9341_SetPointPixel                  0x08003204   Section        0  bsp_ili9341_lcd.o(i.ILI9341_SetPointPixel)
    i.ILI9341_Write_Cmd                      0x08003228   Section        0  bsp_ili9341_lcd.o(i.ILI9341_Write_Cmd)
    i.ILI9341_Write_Data                     0x08003230   Section        0  bsp_ili9341_lcd.o(i.ILI9341_Write_Data)
    i.Is_LeapYear                            0x0800323c   Section        0  main.o(i.Is_LeapYear)
    i.KeyScan                                0x08003278   Section        0  main.o(i.KeyScan)
    i.LCD_Init                               0x080032dc   Section        0  bsp_lcd.o(i.LCD_Init)
    i.MemManage_Handler                      0x080032e8   Section        0  stm32f10x_it.o(i.MemManage_Handler)
    i.NMI_Handler                            0x080032ec   Section        0  stm32f10x_it.o(i.NMI_Handler)
    i.NVIC_Configuration                     0x080032ee   Section        0  main.o(i.NVIC_Configuration)
    i.NVIC_Init                              0x08003368   Section        0  misc.o(i.NVIC_Init)
    i.NVIC_PriorityGroupConfig               0x080033d8   Section        0  misc.o(i.NVIC_PriorityGroupConfig)
    i.PWR_BackupAccessCmd                    0x080033ec   Section        0  stm32f10x_pwr.o(i.PWR_BackupAccessCmd)
    i.PendSV_Handler                         0x080033f8   Section        0  stm32f10x_it.o(i.PendSV_Handler)
    i.RCC_AHBPeriphClockCmd                  0x080033fc   Section        0  stm32f10x_rcc.o(i.RCC_AHBPeriphClockCmd)
    i.RCC_APB1PeriphClockCmd                 0x0800341c   Section        0  stm32f10x_rcc.o(i.RCC_APB1PeriphClockCmd)
    i.RCC_APB1PeriphResetCmd                 0x0800343c   Section        0  stm32f10x_rcc.o(i.RCC_APB1PeriphResetCmd)
    i.RCC_APB2PeriphClockCmd                 0x0800345c   Section        0  stm32f10x_rcc.o(i.RCC_APB2PeriphClockCmd)
    i.RCC_APB2PeriphResetCmd                 0x0800347c   Section        0  stm32f10x_rcc.o(i.RCC_APB2PeriphResetCmd)
    i.RCC_BackupResetCmd                     0x0800349c   Section        0  stm32f10x_rcc.o(i.RCC_BackupResetCmd)
    i.RCC_GetFlagStatus                      0x080034a8   Section        0  stm32f10x_rcc.o(i.RCC_GetFlagStatus)
    i.RCC_LSEConfig                          0x080034e4   Section        0  stm32f10x_rcc.o(i.RCC_LSEConfig)
    i.RCC_RTCCLKCmd                          0x08003518   Section        0  stm32f10x_rcc.o(i.RCC_RTCCLKCmd)
    i.RCC_RTCCLKConfig                       0x08003524   Section        0  stm32f10x_rcc.o(i.RCC_RTCCLKConfig)
    i.RTC_ClearITPendingBit                  0x08003534   Section        0  stm32f10x_rtc.o(i.RTC_ClearITPendingBit)
    i.RTC_Configuration                      0x08003544   Section        0  main.o(i.RTC_Configuration)
    i.RTC_EnterConfigMode                    0x080035a4   Section        0  stm32f10x_rtc.o(i.RTC_EnterConfigMode)
    i.RTC_ExitConfigMode                     0x080035b8   Section        0  stm32f10x_rtc.o(i.RTC_ExitConfigMode)
    i.RTC_GetCounter                         0x080035cc   Section        0  stm32f10x_rtc.o(i.RTC_GetCounter)
    i.RTC_GetITStatus                        0x080035e0   Section        0  stm32f10x_rtc.o(i.RTC_GetITStatus)
    i.RTC_IRQHandler                         0x08003604   Section        0  stm32f10x_it.o(i.RTC_IRQHandler)
    i.RTC_ITConfig                           0x08003624   Section        0  stm32f10x_rtc.o(i.RTC_ITConfig)
    i.RTC_SetCounter                         0x08003644   Section        0  stm32f10x_rtc.o(i.RTC_SetCounter)
    i.RTC_SetPrescaler                       0x08003660   Section        0  stm32f10x_rtc.o(i.RTC_SetPrescaler)
    i.RTC_WaitForLastTask                    0x08003680   Section        0  stm32f10x_rtc.o(i.RTC_WaitForLastTask)
    i.RTC_WaitForSynchro                     0x08003694   Section        0  stm32f10x_rtc.o(i.RTC_WaitForSynchro)
    i.Read_RTCTime                           0x080036b8   Section        0  main.o(i.Read_RTCTime)
    i.SPI_Cmd                                0x080036ce   Section        0  stm32f10x_spi.o(i.SPI_Cmd)
    i.SPI_FLASH_BufferRead                   0x080036e8   Section        0  fatfs_flash_spi.o(i.SPI_FLASH_BufferRead)
    i.SPI_FLASH_BufferWrite                  0x08003738   Section        0  fatfs_flash_spi.o(i.SPI_FLASH_BufferWrite)
    i.SPI_FLASH_PageWrite                    0x0800385c   Section        0  fatfs_flash_spi.o(i.SPI_FLASH_PageWrite)
    i.SPI_FLASH_ReadDeviceID                 0x080038bc   Section        0  fatfs_flash_spi.o(i.SPI_FLASH_ReadDeviceID)
    i.SPI_FLASH_ReadID                       0x080038f8   Section        0  fatfs_flash_spi.o(i.SPI_FLASH_ReadID)
    i.SPI_FLASH_SectorErase                  0x08003948   Section        0  fatfs_flash_spi.o(i.SPI_FLASH_SectorErase)
    i.SPI_FLASH_SendByte                     0x0800398c   Section        0  fatfs_flash_spi.o(i.SPI_FLASH_SendByte)
    i.SPI_FLASH_WaitForWriteEnd              0x08003a00   Section        0  fatfs_flash_spi.o(i.SPI_FLASH_WaitForWriteEnd)
    i.SPI_FLASH_WriteEnable                  0x08003a54   Section        0  fatfs_flash_spi.o(i.SPI_FLASH_WriteEnable)
    i.SPI_I2S_GetFlagStatus                  0x08003a74   Section        0  stm32f10x_spi.o(i.SPI_I2S_GetFlagStatus)
    i.SPI_I2S_ReceiveData                    0x08003a86   Section        0  stm32f10x_spi.o(i.SPI_I2S_ReceiveData)
    i.SPI_I2S_SendData                       0x08003a8c   Section        0  stm32f10x_spi.o(i.SPI_I2S_SendData)
    i.SPI_Init                               0x08003a90   Section        0  stm32f10x_spi.o(i.SPI_Init)
    i.SPI_TIMEOUT_UserCallback               0x08003acc   Section        0  fatfs_flash_spi.o(i.SPI_TIMEOUT_UserCallback)
    SPI_TIMEOUT_UserCallback                 0x08003acd   Thumb Code    12  fatfs_flash_spi.o(i.SPI_TIMEOUT_UserCallback)
    i.SVC_Handler                            0x08003b00   Section        0  stm32f10x_it.o(i.SVC_Handler)
    i.SetSysClock                            0x08003b02   Section        0  system_stm32f10x.o(i.SetSysClock)
    SetSysClock                              0x08003b03   Thumb Code     8  system_stm32f10x.o(i.SetSysClock)
    i.SetSysClockTo72                        0x08003b0c   Section        0  system_stm32f10x.o(i.SetSysClockTo72)
    SetSysClockTo72                          0x08003b0d   Thumb Code   214  system_stm32f10x.o(i.SetSysClockTo72)
    i.Set_RTCTime                            0x08003bec   Section        0  main.o(i.Set_RTCTime)
    i.StrCopy                                0x08003cb0   Section        0  bsp_calendar.o(i.StrCopy)
    i.SysTick_Handler                        0x08003cc8   Section        0  stm32f10x_it.o(i.SysTick_Handler)
    i.SystemConfiguration                    0x08003cca   Section        0  main.o(i.SystemConfiguration)
    i.SystemInit                             0x08003cfc   Section        0  system_stm32f10x.o(i.SystemInit)
    i.TIM1_Configuration                     0x08003d5c   Section        0  main.o(i.TIM1_Configuration)
    i.TIM2_Configuration                     0x08003df8   Section        0  main.o(i.TIM2_Configuration)
    i.TIM2_IRQHandler                        0x08003e3c   Section        0  stm32f10x_it.o(i.TIM2_IRQHandler)
    i.TIM6_Configuration                     0x08003ee0   Section        0  main.o(i.TIM6_Configuration)
    i.TIM6_IRQHandler                        0x08003f20   Section        0  stm32f10x_it.o(i.TIM6_IRQHandler)
    i.TIM7_Configuration                     0x080040b4   Section        0  main.o(i.TIM7_Configuration)
    i.TIM7_IRQHandler                        0x080040ec   Section        0  stm32f10x_it.o(i.TIM7_IRQHandler)
    i.TIM_ClearITPendingBit                  0x08004158   Section        0  stm32f10x_tim.o(i.TIM_ClearITPendingBit)
    i.TIM_Cmd                                0x0800415e   Section        0  stm32f10x_tim.o(i.TIM_Cmd)
    i.TIM_CtrlPWMOutputs                     0x08004176   Section        0  stm32f10x_tim.o(i.TIM_CtrlPWMOutputs)
    i.TIM_DeInit                             0x08004194   Section        0  stm32f10x_tim.o(i.TIM_DeInit)
    i.TIM_GetITStatus                        0x0800437c   Section        0  stm32f10x_tim.o(i.TIM_GetITStatus)
    i.TIM_ITConfig                           0x0800439e   Section        0  stm32f10x_tim.o(i.TIM_ITConfig)
    i.TIM_OC1Init                            0x080043b0   Section        0  stm32f10x_tim.o(i.TIM_OC1Init)
    i.TIM_OC1PreloadConfig                   0x08004448   Section        0  stm32f10x_tim.o(i.TIM_OC1PreloadConfig)
    i.TIM_TimeBaseInit                       0x0800445c   Section        0  stm32f10x_tim.o(i.TIM_TimeBaseInit)
    i.TP_Scan                                0x08004500   Section        0  bsp_xpt2046_lcd.o(i.TP_Scan)
    i.UI00                                   0x0800458c   Section        0  main.o(i.UI00)
    i.UI01                                   0x080047b0   Section        0  main.o(i.UI01)
    i.UI02                                   0x08004a7c   Section        0  main.o(i.UI02)
    i.UI03                                   0x08004d48   Section        0  main.o(i.UI03)
    i.UI04                                   0x08004f44   Section        0  main.o(i.UI04)
    i.UI05                                   0x080052a0   Section        0  main.o(i.UI05)
    i.UI06                                   0x080052a4   Section        0  main.o(i.UI06)
    i.UI10                                   0x080055c0   Section        0  main.o(i.UI10)
    i.UsageFault_Handler                     0x080056d0   Section        0  stm32f10x_it.o(i.UsageFault_Handler)
    i.XPT2046_Calculate_CalibrationFactor    0x080056d4   Section        0  bsp_xpt2046_lcd.o(i.XPT2046_Calculate_CalibrationFactor)
    XPT2046_Calculate_CalibrationFactor      0x080056d5   Thumb Code   356  bsp_xpt2046_lcd.o(i.XPT2046_Calculate_CalibrationFactor)
    i.XPT2046_DelayUS                        0x08005838   Section        0  bsp_xpt2046_lcd.o(i.XPT2046_DelayUS)
    XPT2046_DelayUS                          0x08005839   Thumb Code    30  bsp_xpt2046_lcd.o(i.XPT2046_DelayUS)
    i.XPT2046_EXTI_Config                    0x08005858   Section        0  bsp_xpt2046_lcd.o(i.XPT2046_EXTI_Config)
    XPT2046_EXTI_Config                      0x08005859   Thumb Code    72  bsp_xpt2046_lcd.o(i.XPT2046_EXTI_Config)
    i.XPT2046_EXTI_NVIC_Config               0x080058a4   Section        0  bsp_xpt2046_lcd.o(i.XPT2046_EXTI_NVIC_Config)
    XPT2046_EXTI_NVIC_Config                 0x080058a5   Thumb Code    38  bsp_xpt2046_lcd.o(i.XPT2046_EXTI_NVIC_Config)
    i.XPT2046_GPIO_SPI_Config                0x080058cc   Section        0  bsp_xpt2046_lcd.o(i.XPT2046_GPIO_SPI_Config)
    XPT2046_GPIO_SPI_Config                  0x080058cd   Thumb Code   114  bsp_xpt2046_lcd.o(i.XPT2046_GPIO_SPI_Config)
    i.XPT2046_Get_TouchedPoint               0x08005948   Section        0  bsp_xpt2046_lcd.o(i.XPT2046_Get_TouchedPoint)
    i.XPT2046_Init                           0x08005a12   Section        0  bsp_xpt2046_lcd.o(i.XPT2046_Init)
    i.XPT2046_ReadAdc                        0x08005a1e   Section        0  bsp_xpt2046_lcd.o(i.XPT2046_ReadAdc)
    XPT2046_ReadAdc                          0x08005a1f   Thumb Code    16  bsp_xpt2046_lcd.o(i.XPT2046_ReadAdc)
    i.XPT2046_ReadAdc_Smooth_XY              0x08005a30   Section        0  bsp_xpt2046_lcd.o(i.XPT2046_ReadAdc_Smooth_XY)
    XPT2046_ReadAdc_Smooth_XY                0x08005a31   Thumb Code   638  bsp_xpt2046_lcd.o(i.XPT2046_ReadAdc_Smooth_XY)
    i.XPT2046_ReadAdc_XY                     0x08005cb8   Section        0  bsp_xpt2046_lcd.o(i.XPT2046_ReadAdc_XY)
    XPT2046_ReadAdc_XY                       0x08005cb9   Thumb Code    38  bsp_xpt2046_lcd.o(i.XPT2046_ReadAdc_XY)
    i.XPT2046_ReadCMD                        0x08005ce0   Section        0  bsp_xpt2046_lcd.o(i.XPT2046_ReadCMD)
    XPT2046_ReadCMD                          0x08005ce1   Thumb Code    74  bsp_xpt2046_lcd.o(i.XPT2046_ReadCMD)
    i.XPT2046_Touch_Calibrate                0x08005d30   Section        0  bsp_xpt2046_lcd.o(i.XPT2046_Touch_Calibrate)
    i.XPT2046_WriteCMD                       0x0800612c   Section        0  bsp_xpt2046_lcd.o(i.XPT2046_WriteCMD)
    XPT2046_WriteCMD                         0x0800612d   Thumb Code    94  bsp_xpt2046_lcd.o(i.XPT2046_WriteCMD)
    i.__0printf$6                            0x08006190   Section        0  printf6.o(i.__0printf$6)
    i.__0sprintf$6                           0x080061b0   Section        0  printf6.o(i.__0sprintf$6)
    i.__ARM_fpclassify                       0x080061d8   Section        0  fpclassify.o(i.__ARM_fpclassify)
    i.__ieee754_rem_pio2                     0x08006200   Section        0  rred.o(i.__ieee754_rem_pio2)
    i.__kernel_cos                           0x08006588   Section        0  cos_i.o(i.__kernel_cos)
    i.__kernel_poly                          0x08006684   Section        0  poly.o(i.__kernel_poly)
    i.__kernel_sin                           0x08006730   Section        0  sin_i.o(i.__kernel_sin)
    i.__mathlib_dbl_underflow                0x0800681c   Section        0  dunder.o(i.__mathlib_dbl_underflow)
    i.__scatterload_copy                     0x0800682c   Section       14  handlers.o(i.__scatterload_copy)
    i.__scatterload_null                     0x0800683a   Section        2  handlers.o(i.__scatterload_null)
    i.__scatterload_zeroinit                 0x0800683c   Section       14  handlers.o(i.__scatterload_zeroinit)
    i.__set_errno                            0x0800684c   Section        0  errno.o(i.__set_errno)
    i._printf_core                           0x08006858   Section        0  printf6.o(i._printf_core)
    _printf_core                             0x08006859   Thumb Code   748  printf6.o(i._printf_core)
    i._printf_post_padding                   0x08006b48   Section        0  printf6.o(i._printf_post_padding)
    _printf_post_padding                     0x08006b49   Thumb Code    36  printf6.o(i._printf_post_padding)
    i._printf_pre_padding                    0x08006b6c   Section        0  printf6.o(i._printf_pre_padding)
    _printf_pre_padding                      0x08006b6d   Thumb Code    46  printf6.o(i._printf_pre_padding)
    i._sputc                                 0x08006b9a   Section        0  printf6.o(i._sputc)
    _sputc                                   0x08006b9b   Thumb Code    10  printf6.o(i._sputc)
    i.calendar_circle_clock_drawpanel        0x08006ba4   Section        0  clock.o(i.calendar_circle_clock_drawpanel)
    i.calendar_circle_clock_showtime         0x08007120   Section        0  clock.o(i.calendar_circle_clock_showtime)
    i.change_day                             0x08007be8   Section        0  main.o(i.change_day)
    i.change_hour                            0x08007d4c   Section        0  main.o(i.change_hour)
    i.change_min                             0x08007eb8   Section        0  main.o(i.change_min)
    i.change_month                           0x08008024   Section        0  main.o(i.change_month)
    i.change_sec                             0x08008188   Section        0  main.o(i.change_sec)
    i.change_year                            0x080082f0   Section        0  main.o(i.change_year)
    i.cos                                    0x08008464   Section        0  cos.o(i.cos)
    i.fputc                                  0x08008510   Section        0  fputc.o(i.fputc)
    i.gui_draw_bline1                        0x08008522   Section        0  clock.o(i.gui_draw_bline1)
    i.main                                   0x08008688   Section        0  main.o(i.main)
    i.nao_change_min                         0x0800874c   Section        0  main.o(i.nao_change_min)
    i.nao_change_sec                         0x080088d4   Section        0  main.o(i.nao_change_sec)
    i.sin                                    0x08008a50   Section        0  sin.o(i.sin)
    .constdata                               0x08008b00   Section      282  main.o(.constdata)
    .constdata                               0x08008c1a   Section    21280  bsp_ili9341_lcd.o(.constdata)
    .constdata                               0x0800df3a   Section      802  bsp_calendar.o(.constdata)
    .constdata                               0x0800e260   Section       48  cos_i.o(.constdata)
    C                                        0x0800e260   Data          48  cos_i.o(.constdata)
    .constdata                               0x0800e290   Section      200  rred.o(.constdata)
    pio2s                                    0x0800e290   Data          48  rred.o(.constdata)
    twooverpi                                0x0800e2c0   Data         152  rred.o(.constdata)
    .constdata                               0x0800e358   Section       40  sin_i.o(.constdata)
    S                                        0x0800e358   Data          40  sin_i.o(.constdata)
    .conststring                             0x0800e380   Section      335  bsp_calendar.o(.conststring)
    .data                                    0x20000000   Section       60  main.o(.data)
    last_SelectDate                          0x20000038   Data           4  main.o(.data)
    .data                                    0x20000040   Section       49  bsp_xpt2046_lcd.o(.data)
    .data                                    0x20000074   Section        4  fatfs_flash_spi.o(.data)
    SPITimeout                               0x20000074   Data           4  fatfs_flash_spi.o(.data)
    .data                                    0x20000078   Section       18  stm32f10x_it.o(.data)
    status                                   0x20000078   Data           1  stm32f10x_it.o(.data)
    status                                   0x20000079   Data           1  stm32f10x_it.o(.data)
    Timer2Cnt                                0x2000007a   Data           2  stm32f10x_it.o(.data)
    Clicks                                   0x2000007c   Data           1  stm32f10x_it.o(.data)
    KeyBuf                                   0x2000007e   Data           2  stm32f10x_it.o(.data)
    KeyBufOld                                0x20000080   Data           2  stm32f10x_it.o(.data)
    KeyBufOld2                               0x20000082   Data           2  stm32f10x_it.o(.data)
    KeySta                                   0x20000084   Data           2  stm32f10x_it.o(.data)
    Timer6Cnt                                0x20000086   Data           2  stm32f10x_it.o(.data)
    Timer7Cnt                                0x20000088   Data           2  stm32f10x_it.o(.data)
    .data                                    0x2000008a   Section        3  clock.o(.data)
    oldhour                                  0x2000008a   Data           1  clock.o(.data)
    oldmin                                   0x2000008b   Data           1  clock.o(.data)
    oldsec                                   0x2000008c   Data           1  clock.o(.data)
    .data                                    0x20000090   Section      288  bsp_calendar.o(.data)
    .data                                    0x200001b0   Section        4  stdout.o(.data)
    .data                                    0x200001b4   Section        4  errno.o(.data)
    _errno                                   0x200001b4   Data           4  errno.o(.data)
    .bss                                     0x200001b8   Section       10  bsp_xpt2046_lcd.o(.bss)
    STACK                                    0x200001c8   Section     4096  startup_stm32f10x_hd.o(STACK)

    Global Symbols

    Symbol Name                              Value     Ov Type        Size  Object(Section)

    BuildAttributes$$THM_ISAv4$P$D$K$B$S$PE$A:L22UL41UL21$X:L11$S22US41US21$IEEE1$IW$USESV6$~STKCKD$USESV7$~SHL$OTIME$ROPI$IEEEX$EBA8$MICROLIB$REQ8$PRES8$EABIv2 0x00000000   Number         0  anon$$obj.o ABSOLUTE
    __ARM_use_no_argv                        0x00000000   Number         0  main.o ABSOLUTE
    _printf_a                                0x00000000   Number         0  stubs.o ABSOLUTE
    _printf_c                                0x00000000   Number         0  stubs.o ABSOLUTE
    _printf_charcount                        0x00000000   Number         0  stubs.o ABSOLUTE
    _printf_d                                0x00000000   Number         0  stubs.o ABSOLUTE
    _printf_e                                0x00000000   Number         0  stubs.o ABSOLUTE
    _printf_f                                0x00000000   Number         0  stubs.o ABSOLUTE
    _printf_flags                            0x00000000   Number         0  stubs.o ABSOLUTE
    _printf_fp_dec                           0x00000000   Number         0  stubs.o ABSOLUTE
    _printf_fp_hex                           0x00000000   Number         0  stubs.o ABSOLUTE
    _printf_g                                0x00000000   Number         0  stubs.o ABSOLUTE
    _printf_i                                0x00000000   Number         0  stubs.o ABSOLUTE
    _printf_int_dec                          0x00000000   Number         0  stubs.o ABSOLUTE
    _printf_l                                0x00000000   Number         0  stubs.o ABSOLUTE
    _printf_lc                               0x00000000   Number         0  stubs.o ABSOLUTE
    _printf_ll                               0x00000000   Number         0  stubs.o ABSOLUTE
    _printf_lld                              0x00000000   Number         0  stubs.o ABSOLUTE
    _printf_lli                              0x00000000   Number         0  stubs.o ABSOLUTE
    _printf_llo                              0x00000000   Number         0  stubs.o ABSOLUTE
    _printf_llu                              0x00000000   Number         0  stubs.o ABSOLUTE
    _printf_llx                              0x00000000   Number         0  stubs.o ABSOLUTE
    _printf_longlong_dec                     0x00000000   Number         0  stubs.o ABSOLUTE
    _printf_longlong_hex                     0x00000000   Number         0  stubs.o ABSOLUTE
    _printf_longlong_oct                     0x00000000   Number         0  stubs.o ABSOLUTE
    _printf_ls                               0x00000000   Number         0  stubs.o ABSOLUTE
    _printf_mbtowc                           0x00000000   Number         0  stubs.o ABSOLUTE
    _printf_n                                0x00000000   Number         0  stubs.o ABSOLUTE
    _printf_o                                0x00000000   Number         0  stubs.o ABSOLUTE
    _printf_p                                0x00000000   Number         0  stubs.o ABSOLUTE
    _printf_percent                          0x00000000   Number         0  stubs.o ABSOLUTE
    _printf_pre_padding                      0x00000000   Number         0  stubs.o ABSOLUTE
    _printf_return_value                     0x00000000   Number         0  stubs.o ABSOLUTE
    _printf_s                                0x00000000   Number         0  stubs.o ABSOLUTE
    _printf_sizespec                         0x00000000   Number         0  stubs.o ABSOLUTE
    _printf_str                              0x00000000   Number         0  stubs.o ABSOLUTE
    _printf_truncate_signed                  0x00000000   Number         0  stubs.o ABSOLUTE
    _printf_truncate_unsigned                0x00000000   Number         0  stubs.o ABSOLUTE
    _printf_u                                0x00000000   Number         0  stubs.o ABSOLUTE
    _printf_wc                               0x00000000   Number         0  stubs.o ABSOLUTE
    _printf_wctomb                           0x00000000   Number         0  stubs.o ABSOLUTE
    _printf_widthprec                        0x00000000   Number         0  stubs.o ABSOLUTE
    _printf_x                                0x00000000   Number         0  stubs.o ABSOLUTE
    __cpp_initialize__aeabi_                  - Undefined Weak Reference
    __cxa_finalize                            - Undefined Weak Reference
    _clock_init                               - Undefined Weak Reference
    _microlib_exit                            - Undefined Weak Reference
    __Vectors_Size                           0x00000130   Number         0  startup_stm32f10x_hd.o ABSOLUTE
    __Vectors                                0x08000000   Data           4  startup_stm32f10x_hd.o(RESET)
    __Vectors_End                            0x08000130   Data           0  startup_stm32f10x_hd.o(RESET)
    __main                                   0x08000131   Thumb Code     0  entry.o(.ARM.Collect$$$$00000000)
    _main_stk                                0x08000131   Thumb Code     0  entry2.o(.ARM.Collect$$$$00000001)
    _main_scatterload                        0x08000135   Thumb Code     0  entry5.o(.ARM.Collect$$$$00000004)
    __main_after_scatterload                 0x08000139   Thumb Code     0  entry5.o(.ARM.Collect$$$$00000004)
    _main_clock                              0x08000139   Thumb Code     0  entry7b.o(.ARM.Collect$$$$00000008)
    _main_cpp_init                           0x08000139   Thumb Code     0  entry8b.o(.ARM.Collect$$$$0000000A)
    _main_init                               0x08000139   Thumb Code     0  entry9a.o(.ARM.Collect$$$$0000000B)
    __rt_final_cpp                           0x08000141   Thumb Code     0  entry10a.o(.ARM.Collect$$$$0000000D)
    __rt_final_exit                          0x08000141   Thumb Code     0  entry11a.o(.ARM.Collect$$$$0000000F)
    Reset_Handler                            0x08000145   Thumb Code     8  startup_stm32f10x_hd.o(.text)
    ADC1_2_IRQHandler                        0x0800015f   Thumb Code     0  startup_stm32f10x_hd.o(.text)
    ADC3_IRQHandler                          0x0800015f   Thumb Code     0  startup_stm32f10x_hd.o(.text)
    CAN1_RX1_IRQHandler                      0x0800015f   Thumb Code     0  startup_stm32f10x_hd.o(.text)
    CAN1_SCE_IRQHandler                      0x0800015f   Thumb Code     0  startup_stm32f10x_hd.o(.text)
    DMA1_Channel1_IRQHandler                 0x0800015f   Thumb Code     0  startup_stm32f10x_hd.o(.text)
    DMA1_Channel2_IRQHandler                 0x0800015f   Thumb Code     0  startup_stm32f10x_hd.o(.text)
    DMA1_Channel3_IRQHandler                 0x0800015f   Thumb Code     0  startup_stm32f10x_hd.o(.text)
    DMA1_Channel4_IRQHandler                 0x0800015f   Thumb Code     0  startup_stm32f10x_hd.o(.text)
    DMA1_Channel5_IRQHandler                 0x0800015f   Thumb Code     0  startup_stm32f10x_hd.o(.text)
    DMA1_Channel6_IRQHandler                 0x0800015f   Thumb Code     0  startup_stm32f10x_hd.o(.text)
    DMA1_Channel7_IRQHandler                 0x0800015f   Thumb Code     0  startup_stm32f10x_hd.o(.text)
    DMA2_Channel1_IRQHandler                 0x0800015f   Thumb Code     0  startup_stm32f10x_hd.o(.text)
    DMA2_Channel2_IRQHandler                 0x0800015f   Thumb Code     0  startup_stm32f10x_hd.o(.text)
    DMA2_Channel3_IRQHandler                 0x0800015f   Thumb Code     0  startup_stm32f10x_hd.o(.text)
    DMA2_Channel4_5_IRQHandler               0x0800015f   Thumb Code     0  startup_stm32f10x_hd.o(.text)
    EXTI1_IRQHandler                         0x0800015f   Thumb Code     0  startup_stm32f10x_hd.o(.text)
    EXTI2_IRQHandler                         0x0800015f   Thumb Code     0  startup_stm32f10x_hd.o(.text)
    EXTI3_IRQHandler                         0x0800015f   Thumb Code     0  startup_stm32f10x_hd.o(.text)
    EXTI9_5_IRQHandler                       0x0800015f   Thumb Code     0  startup_stm32f10x_hd.o(.text)
    FLASH_IRQHandler                         0x0800015f   Thumb Code     0  startup_stm32f10x_hd.o(.text)
    FSMC_IRQHandler                          0x0800015f   Thumb Code     0  startup_stm32f10x_hd.o(.text)
    I2C1_ER_IRQHandler                       0x0800015f   Thumb Code     0  startup_stm32f10x_hd.o(.text)
    I2C1_EV_IRQHandler                       0x0800015f   Thumb Code     0  startup_stm32f10x_hd.o(.text)
    I2C2_ER_IRQHandler                       0x0800015f   Thumb Code     0  startup_stm32f10x_hd.o(.text)
    I2C2_EV_IRQHandler                       0x0800015f   Thumb Code     0  startup_stm32f10x_hd.o(.text)
    PVD_IRQHandler                           0x0800015f   Thumb Code     0  startup_stm32f10x_hd.o(.text)
    RCC_IRQHandler                           0x0800015f   Thumb Code     0  startup_stm32f10x_hd.o(.text)
    RTCAlarm_IRQHandler                      0x0800015f   Thumb Code     0  startup_stm32f10x_hd.o(.text)
    SDIO_IRQHandler                          0x0800015f   Thumb Code     0  startup_stm32f10x_hd.o(.text)
    SPI1_IRQHandler                          0x0800015f   Thumb Code     0  startup_stm32f10x_hd.o(.text)
    SPI2_IRQHandler                          0x0800015f   Thumb Code     0  startup_stm32f10x_hd.o(.text)
    SPI3_IRQHandler                          0x0800015f   Thumb Code     0  startup_stm32f10x_hd.o(.text)
    TAMPER_IRQHandler                        0x0800015f   Thumb Code     0  startup_stm32f10x_hd.o(.text)
    TIM1_BRK_IRQHandler                      0x0800015f   Thumb Code     0  startup_stm32f10x_hd.o(.text)
    TIM1_CC_IRQHandler                       0x0800015f   Thumb Code     0  startup_stm32f10x_hd.o(.text)
    TIM1_TRG_COM_IRQHandler                  0x0800015f   Thumb Code     0  startup_stm32f10x_hd.o(.text)
    TIM1_UP_IRQHandler                       0x0800015f   Thumb Code     0  startup_stm32f10x_hd.o(.text)
    TIM3_IRQHandler                          0x0800015f   Thumb Code     0  startup_stm32f10x_hd.o(.text)
    TIM4_IRQHandler                          0x0800015f   Thumb Code     0  startup_stm32f10x_hd.o(.text)
    TIM5_IRQHandler                          0x0800015f   Thumb Code     0  startup_stm32f10x_hd.o(.text)
    TIM8_BRK_IRQHandler                      0x0800015f   Thumb Code     0  startup_stm32f10x_hd.o(.text)
    TIM8_CC_IRQHandler                       0x0800015f   Thumb Code     0  startup_stm32f10x_hd.o(.text)
    TIM8_TRG_COM_IRQHandler                  0x0800015f   Thumb Code     0  startup_stm32f10x_hd.o(.text)
    TIM8_UP_IRQHandler                       0x0800015f   Thumb Code     0  startup_stm32f10x_hd.o(.text)
    UART4_IRQHandler                         0x0800015f   Thumb Code     0  startup_stm32f10x_hd.o(.text)
    UART5_IRQHandler                         0x0800015f   Thumb Code     0  startup_stm32f10x_hd.o(.text)
    USART1_IRQHandler                        0x0800015f   Thumb Code     0  startup_stm32f10x_hd.o(.text)
    USART2_IRQHandler                        0x0800015f   Thumb Code     0  startup_stm32f10x_hd.o(.text)
    USART3_IRQHandler                        0x0800015f   Thumb Code     0  startup_stm32f10x_hd.o(.text)
    USBWakeUp_IRQHandler                     0x0800015f   Thumb Code     0  startup_stm32f10x_hd.o(.text)
    USB_HP_CAN1_TX_IRQHandler                0x0800015f   Thumb Code     0  startup_stm32f10x_hd.o(.text)
    USB_LP_CAN1_RX0_IRQHandler               0x0800015f   Thumb Code     0  startup_stm32f10x_hd.o(.text)
    WWDG_IRQHandler                          0x0800015f   Thumb Code     0  startup_stm32f10x_hd.o(.text)
    __aeabi_memset                           0x08000169   Thumb Code    14  memseta.o(.text)
    __aeabi_memset4                          0x08000169   Thumb Code     0  memseta.o(.text)
    __aeabi_memset8                          0x08000169   Thumb Code     0  memseta.o(.text)
    __aeabi_memclr                           0x08000177   Thumb Code     4  memseta.o(.text)
    __aeabi_memclr4                          0x08000177   Thumb Code     0  memseta.o(.text)
    __aeabi_memclr8                          0x08000177   Thumb Code     0  memseta.o(.text)
    _memset$wrapper                          0x0800017b   Thumb Code    18  memseta.o(.text)
    strlen                                   0x0800018d   Thumb Code    14  strlen.o(.text)
    __aeabi_fadd                             0x0800019b   Thumb Code   164  fadd.o(.text)
    __aeabi_fsub                             0x0800023f   Thumb Code     6  fadd.o(.text)
    __aeabi_frsub                            0x08000245   Thumb Code     6  fadd.o(.text)
    __aeabi_fdiv                             0x0800024b   Thumb Code   124  fdiv.o(.text)
    __aeabi_dadd                             0x080002c7   Thumb Code   322  dadd.o(.text)
    __aeabi_dsub                             0x08000409   Thumb Code     6  dadd.o(.text)
    __aeabi_drsub                            0x0800040f   Thumb Code     6  dadd.o(.text)
    __aeabi_dmul                             0x08000415   Thumb Code   228  dmul.o(.text)
    __aeabi_ddiv                             0x080004f9   Thumb Code   222  ddiv.o(.text)
    __aeabi_ui2f                             0x080005d7   Thumb Code    10  ffltui.o(.text)
    __aeabi_i2d                              0x080005e1   Thumb Code    34  dflti.o(.text)
    __aeabi_ui2d                             0x08000603   Thumb Code    26  dfltui.o(.text)
    __aeabi_d2uiz                            0x0800061d   Thumb Code    50  dfixui.o(.text)
    __aeabi_f2d                              0x0800064f   Thumb Code    38  f2d.o(.text)
    __aeabi_cdcmpeq                          0x08000675   Thumb Code     0  cdcmple.o(.text)
    __aeabi_cdcmple                          0x08000675   Thumb Code    38  cdcmple.o(.text)
    __aeabi_uidiv                            0x0800069d   Thumb Code     0  uidiv.o(.text)
    __aeabi_uidivmod                         0x0800069d   Thumb Code    44  uidiv.o(.text)
    __aeabi_llsl                             0x080006c9   Thumb Code    30  llshl.o(.text)
    _ll_shift_l                              0x080006c9   Thumb Code     0  llshl.o(.text)
    __aeabi_llsr                             0x080006e7   Thumb Code    32  llushr.o(.text)
    _ll_ushift_r                             0x080006e7   Thumb Code     0  llushr.o(.text)
    __aeabi_lasr                             0x08000707   Thumb Code    36  llsshr.o(.text)
    _ll_sshift_r                             0x08000707   Thumb Code     0  llsshr.o(.text)
    __I$use$fp                               0x0800072b   Thumb Code     0  iusefp.o(.text)
    _float_round                             0x0800072b   Thumb Code    18  fepilogue.o(.text)
    _float_epilogue                          0x0800073d   Thumb Code    92  fepilogue.o(.text)
    _double_round                            0x08000799   Thumb Code    26  depilogue.o(.text)
    _double_epilogue                         0x080007b3   Thumb Code   156  depilogue.o(.text)
    __ARM_scalbn                             0x0800084f   Thumb Code    46  dscalb.o(.text)
    scalbn                                   0x0800084f   Thumb Code     0  dscalb.o(.text)
    __scatterload                            0x0800087d   Thumb Code    28  init.o(.text)
    __scatterload_rt2                        0x0800087d   Thumb Code     0  init.o(.text)
    __I$use$semihosting$fputc                0x080008a1   Thumb Code     0  iusesemip.o(.text)
    __aeabi_d2iz                             0x080008a1   Thumb Code    62  dfixi.o(.text)
    __semihosting_library_function           0x080008a1   Thumb Code     0  semi.o(.text)
    __decompress                             0x080008df   Thumb Code     0  __dczerorl2.o(.text)
    __decompress1                            0x080008df   Thumb Code    86  __dczerorl2.o(.text)
    BKP_DeInit                               0x08000935   Thumb Code    16  stm32f10x_bkp.o(i.BKP_DeInit)
    Beep_GPIO_Config                         0x08000945   Thumb Code    50  bsp_beep.o(i.Beep_GPIO_Config)
    Beep_Init                                0x0800097d   Thumb Code    18  bsp_beep.o(i.Beep_Init)
    BusFault_Handler                         0x08000995   Thumb Code     4  stm32f10x_it.o(i.BusFault_Handler)
    Cal_Time                                 0x08000999   Thumb Code   210  main.o(i.Cal_Time)
    DebugMon_Handler                         0x08000a75   Thumb Code     2  stm32f10x_it.o(i.DebugMon_Handler)
    Delay                                    0x08000a77   Thumb Code    10  main.o(i.Delay)
    DrawCalendar                             0x08000a81   Thumb Code  2400  main.o(i.DrawCalendar)
    EXTI0_IRQHandler                         0x080013e9   Thumb Code    88  stm32f10x_it.o(i.EXTI0_IRQHandler)
    EXTI15_10_IRQHandler                     0x08001449   Thumb Code    94  stm32f10x_it.o(i.EXTI15_10_IRQHandler)
    EXTI4_IRQHandler                         0x080014b1   Thumb Code    38  stm32f10x_it.o(i.EXTI4_IRQHandler)
    EXTI_ClearITPendingBit                   0x080014e1   Thumb Code     6  stm32f10x_exti.o(i.EXTI_ClearITPendingBit)
    EXTI_GetITStatus                         0x080014ed   Thumb Code    34  stm32f10x_exti.o(i.EXTI_GetITStatus)
    EXTI_Init                                0x08001515   Thumb Code   142  stm32f10x_exti.o(i.EXTI_Init)
    FLASH_SPI_initialize                     0x080015a9   Thumb Code   198  fatfs_flash_spi.o(i.FLASH_SPI_initialize)
    FSMC_NORSRAMCmd                          0x08001681   Thumb Code    46  stm32f10x_fsmc.o(i.FSMC_NORSRAMCmd)
    FSMC_NORSRAMInit                         0x080016b5   Thumb Code   230  stm32f10x_fsmc.o(i.FSMC_NORSRAMInit)
    Flash_TouchCalibrate                     0x0800179d   Thumb Code    78  main.o(i.Flash_TouchCalibrate)
    GPIO_Configuration                       0x080017f1   Thumb Code   104  main.o(i.GPIO_Configuration)
    GPIO_EXTILineConfig                      0x08001865   Thumb Code    60  stm32f10x_gpio.o(i.GPIO_EXTILineConfig)
    GPIO_Init                                0x080018a5   Thumb Code   278  stm32f10x_gpio.o(i.GPIO_Init)
    GPIO_ReadInputDataBit                    0x080019bb   Thumb Code    18  stm32f10x_gpio.o(i.GPIO_ReadInputDataBit)
    GPIO_ResetBits                           0x080019cd   Thumb Code     4  stm32f10x_gpio.o(i.GPIO_ResetBits)
    GPIO_SetBits                             0x080019d1   Thumb Code     4  stm32f10x_gpio.o(i.GPIO_SetBits)
    GetChinaCalendar                         0x080019d5   Thumb Code   506  bsp_calendar.o(i.GetChinaCalendar)
    GetChinaCalendarStr                      0x08001bdd   Thumb Code   116  bsp_calendar.o(i.GetChinaCalendarStr)
    GetGBKCode_from_EXFlash                  0x08001c5d   Thumb Code    52  fatfs_flash_spi.o(i.GetGBKCode_from_EXFlash)
    GetMoonDay                               0x08001c91   Thumb Code   282  bsp_calendar.o(i.GetMoonDay)
    Get_TouchKey                             0x08001db1   Thumb Code  1728  main.o(i.Get_TouchKey)
    Get_Week                                 0x08002479   Thumb Code   126  main.o(i.Get_Week)
    HardFault_Handler                        0x080024f7   Thumb Code     4  stm32f10x_it.o(i.HardFault_Handler)
    ILI9341_BackLed_Control                  0x080024fd   Thumb Code    30  bsp_ili9341_lcd.o(i.ILI9341_BackLed_Control)
    ILI9341_Clear                            0x08002521   Thumb Code    42  bsp_ili9341_lcd.o(i.ILI9341_Clear)
    ILI9341_DispChar_CH                      0x0800255d   Thumb Code   136  bsp_ili9341_lcd.o(i.ILI9341_DispChar_CH)
    ILI9341_DispChar_EN                      0x080025e5   Thumb Code   104  bsp_ili9341_lcd.o(i.ILI9341_DispChar_EN)
    ILI9341_DispChar_EN_32                   0x08002651   Thumb Code   144  bsp_ili9341_lcd.o(i.ILI9341_DispChar_EN_32)
    ILI9341_DispChar_EN_48                   0x080026e5   Thumb Code   206  bsp_ili9341_lcd.o(i.ILI9341_DispChar_EN_48)
    ILI9341_DispString_CH                    0x080027b9   Thumb Code    92  bsp_ili9341_lcd.o(i.ILI9341_DispString_CH)
    ILI9341_DispString_EN                    0x08002815   Thumb Code    82  bsp_ili9341_lcd.o(i.ILI9341_DispString_EN)
    ILI9341_DispString_EN_32                 0x08002867   Thumb Code    82  bsp_ili9341_lcd.o(i.ILI9341_DispString_EN_32)
    ILI9341_DispString_EN_48                 0x080028b9   Thumb Code    82  bsp_ili9341_lcd.o(i.ILI9341_DispString_EN_48)
    ILI9341_DispString_EN_CH                 0x0800290b   Thumb Code   154  bsp_ili9341_lcd.o(i.ILI9341_DispString_EN_CH)
    ILI9341_DrawCircle                       0x080029a5   Thumb Code   344  bsp_ili9341_lcd.o(i.ILI9341_DrawCircle)
    ILI9341_DrawLine                         0x08002b31   Thumb Code   174  bsp_ili9341_lcd.o(i.ILI9341_DrawLine)
    ILI9341_DrawRectangle                    0x08002bdf   Thumb Code   140  bsp_ili9341_lcd.o(i.ILI9341_DrawRectangle)
    ILI9341_GramScan                         0x08002dd5   Thumb Code   328  bsp_ili9341_lcd.o(i.ILI9341_GramScan)
    ILI9341_Init                             0x08002f1d   Thumb Code    26  bsp_ili9341_lcd.o(i.ILI9341_Init)
    ILI9341_OpenWindow                       0x08002f37   Thumb Code    96  bsp_ili9341_lcd.o(i.ILI9341_OpenWindow)
    ILI9341_Rst                              0x080031c9   Thumb Code    32  bsp_ili9341_lcd.o(i.ILI9341_Rst)
    ILI9341_SetPointPixel                    0x08003205   Thumb Code    36  bsp_ili9341_lcd.o(i.ILI9341_SetPointPixel)
    ILI9341_Write_Cmd                        0x08003229   Thumb Code     8  bsp_ili9341_lcd.o(i.ILI9341_Write_Cmd)
    ILI9341_Write_Data                       0x08003231   Thumb Code     6  bsp_ili9341_lcd.o(i.ILI9341_Write_Data)
    Is_LeapYear                              0x0800323d   Thumb Code    58  main.o(i.Is_LeapYear)
    KeyScan                                  0x08003279   Thumb Code    90  main.o(i.KeyScan)
    LCD_Init                                 0x080032dd   Thumb Code    12  bsp_lcd.o(i.LCD_Init)
    MemManage_Handler                        0x080032e9   Thumb Code     4  stm32f10x_it.o(i.MemManage_Handler)
    NMI_Handler                              0x080032ed   Thumb Code     2  stm32f10x_it.o(i.NMI_Handler)
    NVIC_Configuration                       0x080032ef   Thumb Code   120  main.o(i.NVIC_Configuration)
    NVIC_Init                                0x08003369   Thumb Code   100  misc.o(i.NVIC_Init)
    NVIC_PriorityGroupConfig                 0x080033d9   Thumb Code    10  misc.o(i.NVIC_PriorityGroupConfig)
    PWR_BackupAccessCmd                      0x080033ed   Thumb Code     6  stm32f10x_pwr.o(i.PWR_BackupAccessCmd)
    PendSV_Handler                           0x080033f9   Thumb Code     2  stm32f10x_it.o(i.PendSV_Handler)
    RCC_AHBPeriphClockCmd                    0x080033fd   Thumb Code    26  stm32f10x_rcc.o(i.RCC_AHBPeriphClockCmd)
    RCC_APB1PeriphClockCmd                   0x0800341d   Thumb Code    26  stm32f10x_rcc.o(i.RCC_APB1PeriphClockCmd)
    RCC_APB1PeriphResetCmd                   0x0800343d   Thumb Code    26  stm32f10x_rcc.o(i.RCC_APB1PeriphResetCmd)
    RCC_APB2PeriphClockCmd                   0x0800345d   Thumb Code    26  stm32f10x_rcc.o(i.RCC_APB2PeriphClockCmd)
    RCC_APB2PeriphResetCmd                   0x0800347d   Thumb Code    26  stm32f10x_rcc.o(i.RCC_APB2PeriphResetCmd)
    RCC_BackupResetCmd                       0x0800349d   Thumb Code     6  stm32f10x_rcc.o(i.RCC_BackupResetCmd)
    RCC_GetFlagStatus                        0x080034a9   Thumb Code    56  stm32f10x_rcc.o(i.RCC_GetFlagStatus)
    RCC_LSEConfig                            0x080034e5   Thumb Code    46  stm32f10x_rcc.o(i.RCC_LSEConfig)
    RCC_RTCCLKCmd                            0x08003519   Thumb Code     6  stm32f10x_rcc.o(i.RCC_RTCCLKCmd)
    RCC_RTCCLKConfig                         0x08003525   Thumb Code    12  stm32f10x_rcc.o(i.RCC_RTCCLKConfig)
    RTC_ClearITPendingBit                    0x08003535   Thumb Code    12  stm32f10x_rtc.o(i.RTC_ClearITPendingBit)
    RTC_Configuration                        0x08003545   Thumb Code    94  main.o(i.RTC_Configuration)
    RTC_EnterConfigMode                      0x080035a5   Thumb Code    14  stm32f10x_rtc.o(i.RTC_EnterConfigMode)
    RTC_ExitConfigMode                       0x080035b9   Thumb Code    16  stm32f10x_rtc.o(i.RTC_ExitConfigMode)
    RTC_GetCounter                           0x080035cd   Thumb Code    16  stm32f10x_rtc.o(i.RTC_GetCounter)
    RTC_GetITStatus                          0x080035e1   Thumb Code    32  stm32f10x_rtc.o(i.RTC_GetITStatus)
    RTC_IRQHandler                           0x08003605   Thumb Code    28  stm32f10x_it.o(i.RTC_IRQHandler)
    RTC_ITConfig                             0x08003625   Thumb Code    26  stm32f10x_rtc.o(i.RTC_ITConfig)
    RTC_SetCounter                           0x08003645   Thumb Code    24  stm32f10x_rtc.o(i.RTC_SetCounter)
    RTC_SetPrescaler                         0x08003661   Thumb Code    26  stm32f10x_rtc.o(i.RTC_SetPrescaler)
    RTC_WaitForLastTask                      0x08003681   Thumb Code    16  stm32f10x_rtc.o(i.RTC_WaitForLastTask)
    RTC_WaitForSynchro                       0x08003695   Thumb Code    30  stm32f10x_rtc.o(i.RTC_WaitForSynchro)
    Read_RTCTime                             0x080036b9   Thumb Code    22  main.o(i.Read_RTCTime)
    SPI_Cmd                                  0x080036cf   Thumb Code    24  stm32f10x_spi.o(i.SPI_Cmd)
    SPI_FLASH_BufferRead                     0x080036e9   Thumb Code    74  fatfs_flash_spi.o(i.SPI_FLASH_BufferRead)
    SPI_FLASH_BufferWrite                    0x08003739   Thumb Code   290  fatfs_flash_spi.o(i.SPI_FLASH_BufferWrite)
    SPI_FLASH_PageWrite                      0x0800385d   Thumb Code    92  fatfs_flash_spi.o(i.SPI_FLASH_PageWrite)
    SPI_FLASH_ReadDeviceID                   0x080038bd   Thumb Code    56  fatfs_flash_spi.o(i.SPI_FLASH_ReadDeviceID)
    SPI_FLASH_ReadID                         0x080038f9   Thumb Code    74  fatfs_flash_spi.o(i.SPI_FLASH_ReadID)
    SPI_FLASH_SectorErase                    0x08003949   Thumb Code    62  fatfs_flash_spi.o(i.SPI_FLASH_SectorErase)
    SPI_FLASH_SendByte                       0x0800398d   Thumb Code   106  fatfs_flash_spi.o(i.SPI_FLASH_SendByte)
    SPI_FLASH_WaitForWriteEnd                0x08003a01   Thumb Code    74  fatfs_flash_spi.o(i.SPI_FLASH_WaitForWriteEnd)
    SPI_FLASH_WriteEnable                    0x08003a55   Thumb Code    26  fatfs_flash_spi.o(i.SPI_FLASH_WriteEnable)
    SPI_I2S_GetFlagStatus                    0x08003a75   Thumb Code    18  stm32f10x_spi.o(i.SPI_I2S_GetFlagStatus)
    SPI_I2S_ReceiveData                      0x08003a87   Thumb Code     6  stm32f10x_spi.o(i.SPI_I2S_ReceiveData)
    SPI_I2S_SendData                         0x08003a8d   Thumb Code     4  stm32f10x_spi.o(i.SPI_I2S_SendData)
    SPI_Init                                 0x08003a91   Thumb Code    60  stm32f10x_spi.o(i.SPI_Init)
    SVC_Handler                              0x08003b01   Thumb Code     2  stm32f10x_it.o(i.SVC_Handler)
    Set_RTCTime                              0x08003bed   Thumb Code   180  main.o(i.Set_RTCTime)
    StrCopy                                  0x08003cb1   Thumb Code    24  bsp_calendar.o(i.StrCopy)
    SysTick_Handler                          0x08003cc9   Thumb Code     2  stm32f10x_it.o(i.SysTick_Handler)
    SystemConfiguration                      0x08003ccb   Thumb Code    48  main.o(i.SystemConfiguration)
    SystemInit                               0x08003cfd   Thumb Code    78  system_stm32f10x.o(i.SystemInit)
    TIM1_Configuration                       0x08003d5d   Thumb Code   148  main.o(i.TIM1_Configuration)
    TIM2_Configuration                       0x08003df9   Thumb Code    68  main.o(i.TIM2_Configuration)
    TIM2_IRQHandler                          0x08003e3d   Thumb Code   146  stm32f10x_it.o(i.TIM2_IRQHandler)
    TIM6_Configuration                       0x08003ee1   Thumb Code    58  main.o(i.TIM6_Configuration)
    TIM6_IRQHandler                          0x08003f21   Thumb Code   360  stm32f10x_it.o(i.TIM6_IRQHandler)
    TIM7_Configuration                       0x080040b5   Thumb Code    52  main.o(i.TIM7_Configuration)
    TIM7_IRQHandler                          0x080040ed   Thumb Code    94  stm32f10x_it.o(i.TIM7_IRQHandler)
    TIM_ClearITPendingBit                    0x08004159   Thumb Code     6  stm32f10x_tim.o(i.TIM_ClearITPendingBit)
    TIM_Cmd                                  0x0800415f   Thumb Code    24  stm32f10x_tim.o(i.TIM_Cmd)
    TIM_CtrlPWMOutputs                       0x08004177   Thumb Code    30  stm32f10x_tim.o(i.TIM_CtrlPWMOutputs)
    TIM_DeInit                               0x08004195   Thumb Code   424  stm32f10x_tim.o(i.TIM_DeInit)
    TIM_GetITStatus                          0x0800437d   Thumb Code    34  stm32f10x_tim.o(i.TIM_GetITStatus)
    TIM_ITConfig                             0x0800439f   Thumb Code    18  stm32f10x_tim.o(i.TIM_ITConfig)
    TIM_OC1Init                              0x080043b1   Thumb Code   132  stm32f10x_tim.o(i.TIM_OC1Init)
    TIM_OC1PreloadConfig                     0x08004449   Thumb Code    18  stm32f10x_tim.o(i.TIM_OC1PreloadConfig)
    TIM_TimeBaseInit                         0x0800445d   Thumb Code   122  stm32f10x_tim.o(i.TIM_TimeBaseInit)
    TP_Scan                                  0x08004501   Thumb Code   128  bsp_xpt2046_lcd.o(i.TP_Scan)
    UI00                                     0x0800458d   Thumb Code   446  main.o(i.UI00)
    UI01                                     0x080047b1   Thumb Code   604  main.o(i.UI01)
    UI02                                     0x08004a7d   Thumb Code   612  main.o(i.UI02)
    UI03                                     0x08004d49   Thumb Code   452  main.o(i.UI03)
    UI04                                     0x08004f45   Thumb Code   762  main.o(i.UI04)
    UI05                                     0x080052a1   Thumb Code     4  main.o(i.UI05)
    UI06                                     0x080052a5   Thumb Code   690  main.o(i.UI06)
    UI10                                     0x080055c1   Thumb Code   190  main.o(i.UI10)
    UsageFault_Handler                       0x080056d1   Thumb Code     4  stm32f10x_it.o(i.UsageFault_Handler)
    XPT2046_Get_TouchedPoint                 0x08005949   Thumb Code   202  bsp_xpt2046_lcd.o(i.XPT2046_Get_TouchedPoint)
    XPT2046_Init                             0x08005a13   Thumb Code    12  bsp_xpt2046_lcd.o(i.XPT2046_Init)
    XPT2046_Touch_Calibrate                  0x08005d31   Thumb Code   922  bsp_xpt2046_lcd.o(i.XPT2046_Touch_Calibrate)
    __0printf$6                              0x08006191   Thumb Code    22  printf6.o(i.__0printf$6)
    __1printf$6                              0x08006191   Thumb Code     0  printf6.o(i.__0printf$6)
    __2printf                                0x08006191   Thumb Code     0  printf6.o(i.__0printf$6)
    __0sprintf$6                             0x080061b1   Thumb Code    34  printf6.o(i.__0sprintf$6)
    __1sprintf$6                             0x080061b1   Thumb Code     0  printf6.o(i.__0sprintf$6)
    __2sprintf                               0x080061b1   Thumb Code     0  printf6.o(i.__0sprintf$6)
    __ARM_fpclassify                         0x080061d9   Thumb Code    40  fpclassify.o(i.__ARM_fpclassify)
    __ieee754_rem_pio2                       0x08006201   Thumb Code   830  rred.o(i.__ieee754_rem_pio2)
    __kernel_cos                             0x08006589   Thumb Code   230  cos_i.o(i.__kernel_cos)
    __kernel_poly                            0x08006685   Thumb Code   170  poly.o(i.__kernel_poly)
    __kernel_sin                             0x08006731   Thumb Code   224  sin_i.o(i.__kernel_sin)
    __mathlib_dbl_underflow                  0x0800681d   Thumb Code    10  dunder.o(i.__mathlib_dbl_underflow)
    __scatterload_copy                       0x0800682d   Thumb Code    14  handlers.o(i.__scatterload_copy)
    __scatterload_null                       0x0800683b   Thumb Code     2  handlers.o(i.__scatterload_null)
    __scatterload_zeroinit                   0x0800683d   Thumb Code    14  handlers.o(i.__scatterload_zeroinit)
    __set_errno                              0x0800684d   Thumb Code     6  errno.o(i.__set_errno)
    calendar_circle_clock_drawpanel          0x08006ba5   Thumb Code  1396  clock.o(i.calendar_circle_clock_drawpanel)
    calendar_circle_clock_showtime           0x08007121   Thumb Code  2738  clock.o(i.calendar_circle_clock_showtime)
    change_day                               0x08007be9   Thumb Code   312  main.o(i.change_day)
    change_hour                              0x08007d4d   Thumb Code   318  main.o(i.change_hour)
    change_min                               0x08007eb9   Thumb Code   318  main.o(i.change_min)
    change_month                             0x08008025   Thumb Code   312  main.o(i.change_month)
    change_sec                               0x08008189   Thumb Code   318  main.o(i.change_sec)
    change_year                              0x080082f1   Thumb Code   320  main.o(i.change_year)
    cos                                      0x08008465   Thumb Code   164  cos.o(i.cos)
    fputc                                    0x08008511   Thumb Code    18  fputc.o(i.fputc)
    gui_draw_bline1                          0x08008523   Thumb Code   358  clock.o(i.gui_draw_bline1)
    main                                     0x08008689   Thumb Code   180  main.o(i.main)
    nao_change_min                           0x0800874d   Thumb Code   346  main.o(i.nao_change_min)
    nao_change_sec                           0x080088d5   Thumb Code   340  main.o(i.nao_change_sec)
    sin                                      0x08008a51   Thumb Code   166  sin.o(i.sin)
    DayTab                                   0x08008b00   Data          28  main.o(.constdata)
    DayTab_Han                               0x08008b1c   Data          21  main.o(.constdata)
    DateMaxTab                               0x08008b31   Data          13  main.o(.constdata)
    LunarDateName                            0x08008b3e   Data         155  main.o(.constdata)
    LunarMonthName                           0x08008bd9   Data          65  main.o(.constdata)
    ucAscii_1608                             0x08008c1a   Data        1520  bsp_ili9341_lcd.o(.constdata)
    ucAscii_3216                             0x0800920a   Data        6080  bsp_ili9341_lcd.o(.constdata)
    ucAscii_4824                             0x0800a9ca   Data       13680  bsp_ili9341_lcd.o(.constdata)
    year_code                                0x0800df3a   Data         597  bsp_calendar.o(.constdata)
    YearMonthBit                             0x0800e18f   Data         153  bsp_calendar.o(.constdata)
    days                                     0x0800e228   Data          24  bsp_calendar.o(.constdata)
    day_code1                                0x0800e240   Data           9  bsp_calendar.o(.constdata)
    day_code2                                0x0800e24a   Data           6  bsp_calendar.o(.constdata)
    table_week                               0x0800e250   Data          12  bsp_calendar.o(.constdata)
    Region$$Table$$Base                      0x0800e4d0   Number         0  anon$$obj.o(Region$$Table)
    Region$$Table$$Limit                     0x0800e4f0   Number         0  anon$$obj.o(Region$$Table)
    Counter_miao_biao                        0x20000000   Data           4  main.o(.data)
    KeyNum                                   0x20000004   Data           2  main.o(.data)
    KeyCnt                                   0x20000008   Data           4  main.o(.data)
    KeyUpCnt                                 0x2000000c   Data           4  main.o(.data)
    UICnt                                    0x20000010   Data           1  main.o(.data)
    UIRep                                    0x20000011   Data           1  main.o(.data)
    RealTime                                 0x20000012   Data           8  main.o(.data)
    SetTime                                  0x2000001a   Data           8  main.o(.data)
    Calendar                                 0x20000022   Data           4  main.o(.data)
    LunarCalendar                            0x20000026   Data           4  main.o(.data)
    miao_biao                                0x2000002a   Data           4  main.o(.data)
    Last_Ui                                  0x2000002e   Data           2  main.o(.data)
    num1                                     0x20000030   Data           2  main.o(.data)
    num2                                     0x20000032   Data           2  main.o(.data)
    month                                    0x20000034   Data           1  main.o(.data)
    strXPT2046_TouchPara                     0x20000040   Data          48  bsp_xpt2046_lcd.o(.data)
    ucXPT2046_TouchFlag                      0x20000070   Data           1  bsp_xpt2046_lcd.o(.data)
    JieQiStr                                 0x20000090   Data          96  bsp_calendar.o(.data)
    sky                                      0x200000f0   Data          40  bsp_calendar.o(.data)
    earth                                    0x20000118   Data          48  bsp_calendar.o(.data)
    monthcode                                0x20000148   Data          48  bsp_calendar.o(.data)
    nongliday                                0x20000178   Data          16  bsp_calendar.o(.data)
    daycode                                  0x20000188   Data          40  bsp_calendar.o(.data)
    __stdout                                 0x200001b0   Data           4  stdout.o(.data)
    tp_dev                                   0x200001b8   Data          10  bsp_xpt2046_lcd.o(.bss)
    __initial_sp                             0x200011c8   Data           0  startup_stm32f10x_hd.o(STACK)



==============================================================================

Memory Map of the image

  Image Entry point : 0x08000131

  Load Region LR_IROM1 (Base: 0x08000000, Size: 0x0000e6a8, Max: 0x00080000, ABSOLUTE, COMPRESSED[0x0000e5e0])

    Execution Region ER_IROM1 (Base: 0x08000000, Size: 0x0000e4f0, Max: 0x00080000, ABSOLUTE)

    Base Addr    Size         Type   Attr      Idx    E Section Name        Object

    0x08000000   0x00000130   Data   RO            3    RESET               startup_stm32f10x_hd.o
    0x08000130   0x00000000   Code   RO         2445  * .ARM.Collect$$$$00000000  mc_w.l(entry.o)
    0x08000130   0x00000004   Code   RO         2749    .ARM.Collect$$$$00000001  mc_w.l(entry2.o)
    0x08000134   0x00000004   Code   RO         2752    .ARM.Collect$$$$00000004  mc_w.l(entry5.o)
    0x08000138   0x00000000   Code   RO         2754    .ARM.Collect$$$$00000008  mc_w.l(entry7b.o)
    0x08000138   0x00000000   Code   RO         2756    .ARM.Collect$$$$0000000A  mc_w.l(entry8b.o)
    0x08000138   0x00000008   Code   RO         2757    .ARM.Collect$$$$0000000B  mc_w.l(entry9a.o)
    0x08000140   0x00000000   Code   RO         2759    .ARM.Collect$$$$0000000D  mc_w.l(entry10a.o)
    0x08000140   0x00000000   Code   RO         2761    .ARM.Collect$$$$0000000F  mc_w.l(entry11a.o)
    0x08000140   0x00000004   Code   RO         2750    .ARM.Collect$$$$00002712  mc_w.l(entry2.o)
    0x08000144   0x00000024   Code   RO            4    .text               startup_stm32f10x_hd.o
    0x08000168   0x00000024   Code   RO         2448    .text               mc_w.l(memseta.o)
    0x0800018c   0x0000000e   Code   RO         2450    .text               mc_w.l(strlen.o)
    0x0800019a   0x000000b0   Code   RO         2713    .text               mf_w.l(fadd.o)
    0x0800024a   0x0000007c   Code   RO         2715    .text               mf_w.l(fdiv.o)
    0x080002c6   0x0000014e   Code   RO         2717    .text               mf_w.l(dadd.o)
    0x08000414   0x000000e4   Code   RO         2719    .text               mf_w.l(dmul.o)
    0x080004f8   0x000000de   Code   RO         2721    .text               mf_w.l(ddiv.o)
    0x080005d6   0x0000000a   Code   RO         2723    .text               mf_w.l(ffltui.o)
    0x080005e0   0x00000022   Code   RO         2725    .text               mf_w.l(dflti.o)
    0x08000602   0x0000001a   Code   RO         2727    .text               mf_w.l(dfltui.o)
    0x0800061c   0x00000032   Code   RO         2729    .text               mf_w.l(dfixui.o)
    0x0800064e   0x00000026   Code   RO         2731    .text               mf_w.l(f2d.o)
    0x08000674   0x00000028   Code   RO         2733    .text               mf_w.l(cdcmple.o)
    0x0800069c   0x0000002c   Code   RO         2766    .text               mc_w.l(uidiv.o)
    0x080006c8   0x0000001e   Code   RO         2770    .text               mc_w.l(llshl.o)
    0x080006e6   0x00000020   Code   RO         2772    .text               mc_w.l(llushr.o)
    0x08000706   0x00000024   Code   RO         2774    .text               mc_w.l(llsshr.o)
    0x0800072a   0x00000000   Code   RO         2783    .text               mc_w.l(iusefp.o)
    0x0800072a   0x0000006e   Code   RO         2784    .text               mf_w.l(fepilogue.o)
    0x08000798   0x000000b6   Code   RO         2786    .text               mf_w.l(depilogue.o)
    0x0800084e   0x0000002e   Code   RO         2788    .text               mf_w.l(dscalb.o)
    0x0800087c   0x00000024   Code   RO         2800    .text               mc_w.l(init.o)
    0x080008a0   0x00000000   Code   RO         2802    .text               mc_w.l(semi.o)
    0x080008a0   0x00000000   Code   RO         2803    .text               mc_w.l(iusesemip.o)
    0x080008a0   0x0000003e   Code   RO         2804    .text               mf_w.l(dfixi.o)
    0x080008de   0x00000056   Code   RO         2814    .text               mc_w.l(__dczerorl2.o)
    0x08000934   0x00000010   Code   RO          775    i.BKP_DeInit        stm32f10x_bkp.o
    0x08000944   0x00000038   Code   RO         2411    i.Beep_GPIO_Config  bsp_beep.o
    0x0800097c   0x00000018   Code   RO         2412    i.Beep_Init         bsp_beep.o
    0x08000994   0x00000004   Code   RO         2241    i.BusFault_Handler  stm32f10x_it.o
    0x08000998   0x000000dc   Code   RO         1550    i.Cal_Time          main.o
    0x08000a74   0x00000002   Code   RO         2242    i.DebugMon_Handler  stm32f10x_it.o
    0x08000a76   0x0000000a   Code   RO         1551    i.Delay             main.o
    0x08000a80   0x00000968   Code   RO         1552    i.DrawCalendar      main.o
    0x080013e8   0x00000060   Code   RO         2243    i.EXTI0_IRQHandler  stm32f10x_it.o
    0x08001448   0x00000068   Code   RO         2244    i.EXTI15_10_IRQHandler  stm32f10x_it.o
    0x080014b0   0x00000030   Code   RO         2245    i.EXTI4_IRQHandler  stm32f10x_it.o
    0x080014e0   0x0000000c   Code   RO          456    i.EXTI_ClearITPendingBit  stm32f10x_exti.o
    0x080014ec   0x00000028   Code   RO          460    i.EXTI_GetITStatus  stm32f10x_exti.o
    0x08001514   0x00000094   Code   RO          461    i.EXTI_Init         stm32f10x_exti.o
    0x080015a8   0x000000d8   Code   RO         2125    i.FLASH_SPI_initialize  fatfs_flash_spi.o
    0x08001680   0x00000034   Code   RO          520    i.FSMC_NORSRAMCmd   stm32f10x_fsmc.o
    0x080016b4   0x000000e6   Code   RO          522    i.FSMC_NORSRAMInit  stm32f10x_fsmc.o
    0x0800179a   0x00000002   PAD
    0x0800179c   0x00000054   Code   RO         1553    i.Flash_TouchCalibrate  main.o
    0x080017f0   0x00000074   Code   RO         1554    i.GPIO_Configuration  main.o
    0x08001864   0x00000040   Code   RO          104    i.GPIO_EXTILineConfig  stm32f10x_gpio.o
    0x080018a4   0x00000116   Code   RO          107    i.GPIO_Init         stm32f10x_gpio.o
    0x080019ba   0x00000012   Code   RO          111    i.GPIO_ReadInputDataBit  stm32f10x_gpio.o
    0x080019cc   0x00000004   Code   RO          114    i.GPIO_ResetBits    stm32f10x_gpio.o
    0x080019d0   0x00000004   Code   RO          115    i.GPIO_SetBits      stm32f10x_gpio.o
    0x080019d4   0x00000208   Code   RO         2376    i.GetChinaCalendar  bsp_calendar.o
    0x08001bdc   0x00000080   Code   RO         2377    i.GetChinaCalendarStr  bsp_calendar.o
    0x08001c5c   0x00000034   Code   RO         2126    i.GetGBKCode_from_EXFlash  fatfs_flash_spi.o
    0x08001c90   0x00000120   Code   RO         2378    i.GetMoonDay        bsp_calendar.o
    0x08001db0   0x000006c8   Code   RO         1556    i.Get_TouchKey      main.o
    0x08002478   0x0000007e   Code   RO         1557    i.Get_Week          main.o
    0x080024f6   0x00000004   Code   RO         2246    i.HardFault_Handler  stm32f10x_it.o
    0x080024fa   0x00000002   PAD
    0x080024fc   0x00000024   Code   RO         1814    i.ILI9341_BackLed_Control  bsp_ili9341_lcd.o
    0x08002520   0x0000002a   Code   RO         1815    i.ILI9341_Clear     bsp_ili9341_lcd.o
    0x0800254a   0x00000012   Code   RO         1816    i.ILI9341_Delay     bsp_ili9341_lcd.o
    0x0800255c   0x00000088   Code   RO         1817    i.ILI9341_DispChar_CH  bsp_ili9341_lcd.o
    0x080025e4   0x0000006c   Code   RO         1818    i.ILI9341_DispChar_EN  bsp_ili9341_lcd.o
    0x08002650   0x00000094   Code   RO         1819    i.ILI9341_DispChar_EN_32  bsp_ili9341_lcd.o
    0x080026e4   0x000000d4   Code   RO         1820    i.ILI9341_DispChar_EN_48  bsp_ili9341_lcd.o
    0x080027b8   0x0000005c   Code   RO         1821    i.ILI9341_DispString_CH  bsp_ili9341_lcd.o
    0x08002814   0x00000052   Code   RO         1822    i.ILI9341_DispString_EN  bsp_ili9341_lcd.o
    0x08002866   0x00000052   Code   RO         1823    i.ILI9341_DispString_EN_32  bsp_ili9341_lcd.o
    0x080028b8   0x00000052   Code   RO         1824    i.ILI9341_DispString_EN_48  bsp_ili9341_lcd.o
    0x0800290a   0x0000009a   Code   RO         1825    i.ILI9341_DispString_EN_CH  bsp_ili9341_lcd.o
    0x080029a4   0x00000158   Code   RO         1826    i.ILI9341_DrawCircle  bsp_ili9341_lcd.o
    0x08002afc   0x00000034   Code   RO         2030    i.ILI9341_DrawCross  bsp_xpt2046_lcd.o
    0x08002b30   0x000000ae   Code   RO         1827    i.ILI9341_DrawLine  bsp_ili9341_lcd.o
    0x08002bde   0x0000008c   Code   RO         1828    i.ILI9341_DrawRectangle  bsp_ili9341_lcd.o
    0x08002c6a   0x00000064   Code   RO         1829    i.ILI9341_FSMC_Config  bsp_ili9341_lcd.o
    0x08002cce   0x00000020   Code   RO         1830    i.ILI9341_FillColor  bsp_ili9341_lcd.o
    0x08002cee   0x00000002   PAD
    0x08002cf0   0x000000e4   Code   RO         1831    i.ILI9341_GPIO_Config  bsp_ili9341_lcd.o
    0x08002dd4   0x00000148   Code   RO         1833    i.ILI9341_GramScan  bsp_ili9341_lcd.o
    0x08002f1c   0x0000001a   Code   RO         1834    i.ILI9341_Init      bsp_ili9341_lcd.o
    0x08002f36   0x00000060   Code   RO         1835    i.ILI9341_OpenWindow  bsp_ili9341_lcd.o
    0x08002f96   0x00000002   PAD
    0x08002f98   0x00000230   Code   RO         1836    i.ILI9341_REG_Config  bsp_ili9341_lcd.o
    0x080031c8   0x00000028   Code   RO         1838    i.ILI9341_Rst       bsp_ili9341_lcd.o
    0x080031f0   0x00000014   Code   RO         1839    i.ILI9341_SetCursor  bsp_ili9341_lcd.o
    0x08003204   0x00000024   Code   RO         1840    i.ILI9341_SetPointPixel  bsp_ili9341_lcd.o
    0x08003228   0x00000008   Code   RO         1975    i.ILI9341_Write_Cmd  bsp_ili9341_lcd.o
    0x08003230   0x0000000c   Code   RO         1980    i.ILI9341_Write_Data  bsp_ili9341_lcd.o
    0x0800323c   0x0000003a   Code   RO         1558    i.Is_LeapYear       main.o
    0x08003276   0x00000002   PAD
    0x08003278   0x00000064   Code   RO         1559    i.KeyScan           main.o
    0x080032dc   0x0000000c   Code   RO         2008    i.LCD_Init          bsp_lcd.o
    0x080032e8   0x00000004   Code   RO         2247    i.MemManage_Handler  stm32f10x_it.o
    0x080032ec   0x00000002   Code   RO         2248    i.NMI_Handler       stm32f10x_it.o
    0x080032ee   0x00000078   Code   RO         1560    i.NVIC_Configuration  main.o
    0x08003366   0x00000002   PAD
    0x08003368   0x00000070   Code   RO          419    i.NVIC_Init         misc.o
    0x080033d8   0x00000014   Code   RO          420    i.NVIC_PriorityGroupConfig  misc.o
    0x080033ec   0x0000000c   Code   RO          851    i.PWR_BackupAccessCmd  stm32f10x_pwr.o
    0x080033f8   0x00000002   Code   RO         2249    i.PendSV_Handler    stm32f10x_it.o
    0x080033fa   0x00000002   PAD
    0x080033fc   0x00000020   Code   RO          220    i.RCC_AHBPeriphClockCmd  stm32f10x_rcc.o
    0x0800341c   0x00000020   Code   RO          221    i.RCC_APB1PeriphClockCmd  stm32f10x_rcc.o
    0x0800343c   0x00000020   Code   RO          222    i.RCC_APB1PeriphResetCmd  stm32f10x_rcc.o
    0x0800345c   0x00000020   Code   RO          223    i.RCC_APB2PeriphClockCmd  stm32f10x_rcc.o
    0x0800347c   0x00000020   Code   RO          224    i.RCC_APB2PeriphResetCmd  stm32f10x_rcc.o
    0x0800349c   0x0000000c   Code   RO          226    i.RCC_BackupResetCmd  stm32f10x_rcc.o
    0x080034a8   0x0000003c   Code   RO          232    i.RCC_GetFlagStatus  stm32f10x_rcc.o
    0x080034e4   0x00000034   Code   RO          239    i.RCC_LSEConfig     stm32f10x_rcc.o
    0x08003518   0x0000000c   Code   RO          246    i.RCC_RTCCLKCmd     stm32f10x_rcc.o
    0x08003524   0x00000010   Code   RO          247    i.RCC_RTCCLKConfig  stm32f10x_rcc.o
    0x08003534   0x00000010   Code   RO          912    i.RTC_ClearITPendingBit  stm32f10x_rtc.o
    0x08003544   0x0000005e   Code   RO         1561    i.RTC_Configuration  main.o
    0x080035a2   0x00000002   PAD
    0x080035a4   0x00000014   Code   RO          913    i.RTC_EnterConfigMode  stm32f10x_rtc.o
    0x080035b8   0x00000014   Code   RO          914    i.RTC_ExitConfigMode  stm32f10x_rtc.o
    0x080035cc   0x00000014   Code   RO          915    i.RTC_GetCounter    stm32f10x_rtc.o
    0x080035e0   0x00000024   Code   RO          918    i.RTC_GetITStatus   stm32f10x_rtc.o
    0x08003604   0x00000020   Code   RO         2250    i.RTC_IRQHandler    stm32f10x_it.o
    0x08003624   0x00000020   Code   RO          919    i.RTC_ITConfig      stm32f10x_rtc.o
    0x08003644   0x0000001c   Code   RO          921    i.RTC_SetCounter    stm32f10x_rtc.o
    0x08003660   0x00000020   Code   RO          922    i.RTC_SetPrescaler  stm32f10x_rtc.o
    0x08003680   0x00000014   Code   RO          923    i.RTC_WaitForLastTask  stm32f10x_rtc.o
    0x08003694   0x00000024   Code   RO          924    i.RTC_WaitForSynchro  stm32f10x_rtc.o
    0x080036b8   0x00000016   Code   RO         1562    i.Read_RTCTime      main.o
    0x080036ce   0x00000018   Code   RO          634    i.SPI_Cmd           stm32f10x_spi.o
    0x080036e6   0x00000002   PAD
    0x080036e8   0x00000050   Code   RO         2127    i.SPI_FLASH_BufferRead  fatfs_flash_spi.o
    0x08003738   0x00000122   Code   RO         2128    i.SPI_FLASH_BufferWrite  fatfs_flash_spi.o
    0x0800385a   0x00000002   PAD
    0x0800385c   0x00000060   Code   RO         2130    i.SPI_FLASH_PageWrite  fatfs_flash_spi.o
    0x080038bc   0x0000003c   Code   RO         2132    i.SPI_FLASH_ReadDeviceID  fatfs_flash_spi.o
    0x080038f8   0x00000050   Code   RO         2133    i.SPI_FLASH_ReadID  fatfs_flash_spi.o
    0x08003948   0x00000044   Code   RO         2134    i.SPI_FLASH_SectorErase  fatfs_flash_spi.o
    0x0800398c   0x00000074   Code   RO         2135    i.SPI_FLASH_SendByte  fatfs_flash_spi.o
    0x08003a00   0x00000054   Code   RO         2138    i.SPI_FLASH_WaitForWriteEnd  fatfs_flash_spi.o
    0x08003a54   0x00000020   Code   RO         2139    i.SPI_FLASH_WriteEnable  fatfs_flash_spi.o
    0x08003a74   0x00000012   Code   RO          642    i.SPI_I2S_GetFlagStatus  stm32f10x_spi.o
    0x08003a86   0x00000006   Code   RO          645    i.SPI_I2S_ReceiveData  stm32f10x_spi.o
    0x08003a8c   0x00000004   Code   RO          646    i.SPI_I2S_SendData  stm32f10x_spi.o
    0x08003a90   0x0000003c   Code   RO          647    i.SPI_Init          stm32f10x_spi.o
    0x08003acc   0x00000034   Code   RO         2142    i.SPI_TIMEOUT_UserCallback  fatfs_flash_spi.o
    0x08003b00   0x00000002   Code   RO         2251    i.SVC_Handler       stm32f10x_it.o
    0x08003b02   0x00000008   Code   RO           24    i.SetSysClock       system_stm32f10x.o
    0x08003b0a   0x00000002   PAD
    0x08003b0c   0x000000e0   Code   RO           25    i.SetSysClockTo72   system_stm32f10x.o
    0x08003bec   0x000000c4   Code   RO         1563    i.Set_RTCTime       main.o
    0x08003cb0   0x00000018   Code   RO         2379    i.StrCopy           bsp_calendar.o
    0x08003cc8   0x00000002   Code   RO         2252    i.SysTick_Handler   stm32f10x_it.o
    0x08003cca   0x00000030   Code   RO         1564    i.SystemConfiguration  main.o
    0x08003cfa   0x00000002   PAD
    0x08003cfc   0x00000060   Code   RO           27    i.SystemInit        system_stm32f10x.o
    0x08003d5c   0x0000009c   Code   RO         1565    i.TIM1_Configuration  main.o
    0x08003df8   0x00000044   Code   RO         1566    i.TIM2_Configuration  main.o
    0x08003e3c   0x000000a4   Code   RO         2253    i.TIM2_IRQHandler   stm32f10x_it.o
    0x08003ee0   0x00000040   Code   RO         1567    i.TIM6_Configuration  main.o
    0x08003f20   0x00000194   Code   RO         2254    i.TIM6_IRQHandler   stm32f10x_it.o
    0x080040b4   0x00000038   Code   RO         1568    i.TIM7_Configuration  main.o
    0x080040ec   0x0000006c   Code   RO         2255    i.TIM7_IRQHandler   stm32f10x_it.o
    0x08004158   0x00000006   Code   RO         1012    i.TIM_ClearITPendingBit  stm32f10x_tim.o
    0x0800415e   0x00000018   Code   RO         1017    i.TIM_Cmd           stm32f10x_tim.o
    0x08004176   0x0000001e   Code   RO         1019    i.TIM_CtrlPWMOutputs  stm32f10x_tim.o
    0x08004194   0x000001e8   Code   RO         1022    i.TIM_DeInit        stm32f10x_tim.o
    0x0800437c   0x00000022   Code   RO         1038    i.TIM_GetITStatus   stm32f10x_tim.o
    0x0800439e   0x00000012   Code   RO         1042    i.TIM_ITConfig      stm32f10x_tim.o
    0x080043b0   0x00000098   Code   RO         1046    i.TIM_OC1Init       stm32f10x_tim.o
    0x08004448   0x00000012   Code   RO         1049    i.TIM_OC1PreloadConfig  stm32f10x_tim.o
    0x0800445a   0x00000002   PAD
    0x0800445c   0x000000a4   Code   RO         1088    i.TIM_TimeBaseInit  stm32f10x_tim.o
    0x08004500   0x0000008c   Code   RO         2031    i.TP_Scan           bsp_xpt2046_lcd.o
    0x0800458c   0x00000224   Code   RO         1569    i.UI00              main.o
    0x080047b0   0x000002cc   Code   RO         1570    i.UI01              main.o
    0x08004a7c   0x000002cc   Code   RO         1571    i.UI02              main.o
    0x08004d48   0x000001fc   Code   RO         1572    i.UI03              main.o
    0x08004f44   0x0000035c   Code   RO         1573    i.UI04              main.o
    0x080052a0   0x00000004   Code   RO         1574    i.UI05              main.o
    0x080052a4   0x0000031c   Code   RO         1575    i.UI06              main.o
    0x080055c0   0x00000110   Code   RO         1576    i.UI10              main.o
    0x080056d0   0x00000004   Code   RO         2256    i.UsageFault_Handler  stm32f10x_it.o
    0x080056d4   0x00000164   Code   RO         2032    i.XPT2046_Calculate_CalibrationFactor  bsp_xpt2046_lcd.o
    0x08005838   0x0000001e   Code   RO         2033    i.XPT2046_DelayUS   bsp_xpt2046_lcd.o
    0x08005856   0x00000002   PAD
    0x08005858   0x0000004c   Code   RO         2034    i.XPT2046_EXTI_Config  bsp_xpt2046_lcd.o
    0x080058a4   0x00000026   Code   RO         2035    i.XPT2046_EXTI_NVIC_Config  bsp_xpt2046_lcd.o
    0x080058ca   0x00000002   PAD
    0x080058cc   0x0000007c   Code   RO         2036    i.XPT2046_GPIO_SPI_Config  bsp_xpt2046_lcd.o
    0x08005948   0x000000ca   Code   RO         2037    i.XPT2046_Get_TouchedPoint  bsp_xpt2046_lcd.o
    0x08005a12   0x0000000c   Code   RO         2038    i.XPT2046_Init      bsp_xpt2046_lcd.o
    0x08005a1e   0x00000010   Code   RO         2039    i.XPT2046_ReadAdc   bsp_xpt2046_lcd.o
    0x08005a2e   0x00000002   PAD
    0x08005a30   0x00000288   Code   RO         2040    i.XPT2046_ReadAdc_Smooth_XY  bsp_xpt2046_lcd.o
    0x08005cb8   0x00000026   Code   RO         2041    i.XPT2046_ReadAdc_XY  bsp_xpt2046_lcd.o
    0x08005cde   0x00000002   PAD
    0x08005ce0   0x00000050   Code   RO         2042    i.XPT2046_ReadCMD   bsp_xpt2046_lcd.o
    0x08005d30   0x000003fc   Code   RO         2043    i.XPT2046_Touch_Calibrate  bsp_xpt2046_lcd.o
    0x0800612c   0x00000064   Code   RO         2044    i.XPT2046_WriteCMD  bsp_xpt2046_lcd.o
    0x08006190   0x00000020   Code   RO         2607    i.__0printf$6       mc_w.l(printf6.o)
    0x080061b0   0x00000028   Code   RO         2609    i.__0sprintf$6      mc_w.l(printf6.o)
    0x080061d8   0x00000028   Code   RO         2796    i.__ARM_fpclassify  m_ws.l(fpclassify.o)
    0x08006200   0x00000388   Code   RO         2738    i.__ieee754_rem_pio2  m_ws.l(rred.o)
    0x08006588   0x000000fc   Code   RO         2735    i.__kernel_cos      m_ws.l(cos_i.o)
    0x08006684   0x000000aa   Code   RO         2798    i.__kernel_poly     m_ws.l(poly.o)
    0x0800672e   0x00000002   PAD
    0x08006730   0x000000ec   Code   RO         2743    i.__kernel_sin      m_ws.l(sin_i.o)
    0x0800681c   0x00000010   Code   RO         2794    i.__mathlib_dbl_underflow  m_ws.l(dunder.o)
    0x0800682c   0x0000000e   Code   RO         2808    i.__scatterload_copy  mc_w.l(handlers.o)
    0x0800683a   0x00000002   Code   RO         2809    i.__scatterload_null  mc_w.l(handlers.o)
    0x0800683c   0x0000000e   Code   RO         2810    i.__scatterload_zeroinit  mc_w.l(handlers.o)
    0x0800684a   0x00000002   PAD
    0x0800684c   0x0000000c   Code   RO         2778    i.__set_errno       mc_w.l(errno.o)
    0x08006858   0x000002f0   Code   RO         2614    i._printf_core      mc_w.l(printf6.o)
    0x08006b48   0x00000024   Code   RO         2615    i._printf_post_padding  mc_w.l(printf6.o)
    0x08006b6c   0x0000002e   Code   RO         2616    i._printf_pre_padding  mc_w.l(printf6.o)
    0x08006b9a   0x0000000a   Code   RO         2618    i._sputc            mc_w.l(printf6.o)
    0x08006ba4   0x0000057c   Code   RO         2351    i.calendar_circle_clock_drawpanel  clock.o
    0x08007120   0x00000ac8   Code   RO         2352    i.calendar_circle_clock_showtime  clock.o
    0x08007be8   0x00000164   Code   RO         1577    i.change_day        main.o
    0x08007d4c   0x0000016c   Code   RO         1578    i.change_hour       main.o
    0x08007eb8   0x0000016c   Code   RO         1579    i.change_min        main.o
    0x08008024   0x00000164   Code   RO         1580    i.change_month      main.o
    0x08008188   0x00000168   Code   RO         1581    i.change_sec        main.o
    0x080082f0   0x00000174   Code   RO         1582    i.change_year       main.o
    0x08008464   0x000000ac   Code   RO         2430    i.cos               m_ws.l(cos.o)
    0x08008510   0x00000012   Code   RO         2763    i.fputc             mc_w.l(fputc.o)
    0x08008522   0x00000166   Code   RO         2353    i.gui_draw_bline1   clock.o
    0x08008688   0x000000c4   Code   RO         1583    i.main              main.o
    0x0800874c   0x00000188   Code   RO         1584    i.nao_change_min    main.o
    0x080088d4   0x0000017c   Code   RO         1585    i.nao_change_sec    main.o
    0x08008a50   0x000000b0   Code   RO         2438    i.sin               m_ws.l(sin.o)
    0x08008b00   0x0000011a   Data   RO         1586    .constdata          main.o
    0x08008c1a   0x00005320   Data   RO         1841    .constdata          bsp_ili9341_lcd.o
    0x0800df3a   0x00000322   Data   RO         2380    .constdata          bsp_calendar.o
    0x0800e25c   0x00000004   PAD
    0x0800e260   0x00000030   Data   RO         2736    .constdata          m_ws.l(cos_i.o)
    0x0800e290   0x000000c8   Data   RO         2740    .constdata          m_ws.l(rred.o)
    0x0800e358   0x00000028   Data   RO         2744    .constdata          m_ws.l(sin_i.o)
    0x0800e380   0x0000014f   Data   RO         2381    .conststring        bsp_calendar.o
    0x0800e4cf   0x00000001   PAD
    0x0800e4d0   0x00000020   Data   RO         2806    Region$$Table       anon$$obj.o


    Execution Region RW_IRAM1 (Base: 0x20000000, Size: 0x000011c8, Max: 0x00010000, ABSOLUTE, COMPRESSED[0x000000f0])

    Base Addr    Size         Type   Attr      Idx    E Section Name        Object

    0x20000000   0x0000003c   Data   RW         1587    .data               main.o
    0x2000003c   0x00000004   PAD
    0x20000040   0x00000031   Data   RW         2046    .data               bsp_xpt2046_lcd.o
    0x20000071   0x00000003   PAD
    0x20000074   0x00000004   Data   RW         2144    .data               fatfs_flash_spi.o
    0x20000078   0x00000012   Data   RW         2257    .data               stm32f10x_it.o
    0x2000008a   0x00000003   Data   RW         2354    .data               clock.o
    0x2000008d   0x00000003   PAD
    0x20000090   0x00000120   Data   RW         2382    .data               bsp_calendar.o
    0x200001b0   0x00000004   Data   RW         2765    .data               mc_w.l(stdout.o)
    0x200001b4   0x00000004   Data   RW         2779    .data               mc_w.l(errno.o)
    0x200001b8   0x0000000a   Zero   RW         2045    .bss                bsp_xpt2046_lcd.o
    0x200001c2   0x00000006   PAD
    0x200001c8   0x00001000   Zero   RW            1    STACK               startup_stm32f10x_hd.o


==============================================================================

Image component sizes


      Code (inc. data)   RO Data    RW Data    ZI Data      Debug   Object Name

        80         12          0          0          0        935   bsp_beep.o
       960         46       1137        288          0       4560   bsp_calendar.o
      3336         46      21280          0          0      20408   bsp_ili9341_lcd.o
        12          0          0          0          0        443   bsp_lcd.o
      2932        146          0         49         10      12832   bsp_xpt2046_lcd.o
      4522        110          0          3          0       3345   clock.o
         0          0          0          0          0       4272   core_cm3.o
      1226        110          0          4          0       8215   fatfs_flash_spi.o
     13242       1180        282         60          0      27950   main.o
       132         22          0          0          0       1539   misc.o
        36          8        304          0       4096        852   startup_stm32f10x_hd.o
        16          0          0          0          0        481   stm32f10x_bkp.o
       200         18          0          0          0       2096   stm32f10x_exti.o
       282          6          0          0          0       1813   stm32f10x_fsmc.o
       368          4          0          0          0       4250   stm32f10x_gpio.o
       982        108          0         18          0       7726   stm32f10x_it.o
        12          6          0          0          0        510   stm32f10x_pwr.o
       312         56          0          0          0       5556   stm32f10x_rcc.o
       260         48          0          0          0       5120   stm32f10x_rtc.o
       112          0          0          0          0       3802   stm32f10x_spi.o
       934        126          0          0          0       6185   stm32f10x_tim.o
       328         28          0          0          0     252601   system_stm32f10x.o

    ----------------------------------------------------------------------
     30318       2080      23040        432       4112     375491   Object Totals
         0          0         32          0          0          0   (incl. Generated)
        34          0          5         10          6          0   (incl. Padding)

    ----------------------------------------------------------------------

      Code (inc. data)   RO Data    RW Data    ZI Data      Debug   Library Member Name

       172          8          0          0          0        112   cos.o
       252         22         48          0          0        124   cos_i.o
        16          6          0          0          0         68   dunder.o
        40          0          0          0          0         68   fpclassify.o
       170          0          0          0          0         96   poly.o
       904         74        200          0          0        140   rred.o
       176         10          0          0          0        116   sin.o
       236         12         40          0          0        128   sin_i.o
        86          0          0          0          0          0   __dczerorl2.o
         0          0          0          0          0          0   entry.o
         0          0          0          0          0          0   entry10a.o
         0          0          0          0          0          0   entry11a.o
         8          4          0          0          0          0   entry2.o
         4          0          0          0          0          0   entry5.o
         0          0          0          0          0          0   entry7b.o
         0          0          0          0          0          0   entry8b.o
         8          4          0          0          0          0   entry9a.o
        12          6          0          4          0         68   errno.o
        18          0          0          0          0         80   fputc.o
        30          0          0          0          0          0   handlers.o
        36          8          0          0          0         68   init.o
         0          0          0          0          0          0   iusefp.o
         0          0          0          0          0          0   iusesemip.o
        30          0          0          0          0         68   llshl.o
        36          0          0          0          0         68   llsshr.o
        32          0          0          0          0         68   llushr.o
        36          0          0          0          0        108   memseta.o
       916         20          0          0          0        504   printf6.o
         0          0          0          0          0          0   semi.o
         0          0          0          4          0          0   stdout.o
        14          0          0          0          0         68   strlen.o
        44          0          0          0          0         80   uidiv.o
        40          2          0          0          0         68   cdcmple.o
       334          0          0          0          0        148   dadd.o
       222          0          0          0          0        100   ddiv.o
       182          0          0          0          0        176   depilogue.o
        62          0          0          0          0         80   dfixi.o
        50          0          0          0          0         76   dfixui.o
        34          0          0          0          0         76   dflti.o
        26          0          0          0          0         76   dfltui.o
       228          0          0          0          0         96   dmul.o
        46          0          0          0          0         80   dscalb.o
        38          0          0          0          0         68   f2d.o
       176          0          0          0          0        140   fadd.o
       124          0          0          0          0         88   fdiv.o
       110          0          0          0          0        168   fepilogue.o
        10          0          0          0          0         68   ffltui.o

    ----------------------------------------------------------------------
      4962        176        288          8          0       3540   Library Totals
         4          0          0          0          0          0   (incl. Padding)

    ----------------------------------------------------------------------

      Code (inc. data)   RO Data    RW Data    ZI Data      Debug   Library Name

      1966        132        288          0          0        852   m_ws.l
      1310         42          0          8          0       1180   mc_w.l
      1682          2          0          0          0       1508   mf_w.l

    ----------------------------------------------------------------------
      4962        176        288          8          0       3540   Library Totals

    ----------------------------------------------------------------------

==============================================================================


      Code (inc. data)   RO Data    RW Data    ZI Data      Debug   

     35280       2256      23328        440       4112     369019   Grand Totals
     35280       2256      23328        240       4112     369019   ELF Image Totals (compressed)
     35280       2256      23328        240          0          0   ROM Totals

==============================================================================

    Total RO  Size (Code + RO Data)                58608 (  57.23kB)
    Total RW  Size (RW Data + ZI Data)              4552 (   4.45kB)
    Total ROM Size (Code + RO Data + RW Data)      58848 (  57.47kB)

==============================================================================

